[2026-05-18 08:54:33] Start Fold 2 | MODEL=swin_tiny(swin_tiny_patch4_window7_224) MODALITY=MULTIMODAL IMG=224x448 BS=16 EP=100 LR=2e-06 WD=0.01 UNFREEZE_MODE=FULL_FINETUNE FocalAlpha=[0.13, 0.87] FocalGamma=2.0
[2026-05-18 08:54:35] [Epoch 1] lr_max=1.99706e-06 lr_min=1.99706e-06 train_focal=0.052921 train_bce=0.744622 train_acc=0.3505 val_bce=0.864870 val_acc=0.1376 val_auc=0.4814
[2026-05-18 08:54:37] [NEW_BEST] epoch=1 val_bce=0.864870 val_acc=0.1376 val_auc=0.4814
[2026-05-18 08:54:39] [Epoch 2] lr_max=1.98797e-06 lr_min=1.98797e-06 train_focal=0.049194 train_bce=0.777697 train_acc=0.3047 val_bce=0.813158 val_acc=0.1376 val_auc=0.5547
[2026-05-18 08:54:41] [NEW_BEST] epoch=2 val_bce=0.813158 val_acc=0.1376 val_auc=0.5547
[2026-05-18 08:54:43] [Epoch 3] lr_max=1.97279e-06 lr_min=1.97279e-06 train_focal=0.046328 train_bce=0.744001 train_acc=0.3033 val_bce=0.803749 val_acc=0.1376 val_auc=0.6210
[2026-05-18 08:54:44] [NEW_BEST] epoch=3 val_bce=0.803749 val_acc=0.1376 val_auc=0.6210
[2026-05-18 08:54:46] [Epoch 4] lr_max=1.95161e-06 lr_min=1.95161e-06 train_focal=0.047535 train_bce=0.734849 train_acc=0.3734 val_bce=0.881536 val_acc=0.1376 val_auc=0.6656
[2026-05-18 08:54:49] [Epoch 5] lr_max=1.92456e-06 lr_min=1.92456e-06 train_focal=0.043823 train_bce=0.725468 train_acc=0.4106 val_bce=0.777534 val_acc=0.1958 val_auc=0.7140
[2026-05-18 08:54:51] [NEW_BEST] epoch=5 val_bce=0.777534 val_acc=0.1958 val_auc=0.7140
[2026-05-18 08:54:53] [Epoch 6] lr_max=1.89182e-06 lr_min=1.89182e-06 train_focal=0.040930 train_bce=0.703747 train_acc=0.4607 val_bce=0.705292 val_acc=0.4868 val_auc=0.7305
[2026-05-18 08:54:54] [NEW_BEST] epoch=6 val_bce=0.705292 val_acc=0.4868 val_auc=0.7305
[2026-05-18 08:54:56] [Epoch 7] lr_max=1.85357e-06 lr_min=1.85357e-06 train_focal=0.042029 train_bce=0.690681 train_acc=0.5222 val_bce=0.750492 val_acc=0.3651 val_auc=0.7511
[2026-05-18 08:54:59] [Epoch 8] lr_max=1.81006e-06 lr_min=1.81006e-06 train_focal=0.039692 train_bce=0.681345 train_acc=0.5393 val_bce=0.721303 val_acc=0.4392 val_auc=0.7598
[2026-05-18 08:55:02] [Epoch 9] lr_max=1.76156e-06 lr_min=1.76156e-06 train_focal=0.039303 train_bce=0.671096 train_acc=0.5665 val_bce=0.730374 val_acc=0.4180 val_auc=0.7718
[2026-05-18 08:55:05] [Epoch 10] lr_max=1.70837e-06 lr_min=1.70837e-06 train_focal=0.036732 train_bce=0.644264 train_acc=0.6423 val_bce=0.697975 val_acc=0.5291 val_auc=0.7848
[2026-05-18 08:55:06] [NEW_BEST] epoch=10 val_bce=0.697975 val_acc=0.5291 val_auc=0.7848
[2026-05-18 08:55:08] [Epoch 11] lr_max=1.6508e-06 lr_min=1.6508e-06 train_focal=0.037460 train_bce=0.648069 train_acc=0.6223 val_bce=0.639261 val_acc=0.7407 val_auc=0.7931
[2026-05-18 08:55:10] [NEW_BEST] epoch=11 val_bce=0.639261 val_acc=0.7407 val_auc=0.7931
[2026-05-18 08:55:12] [Epoch 12] lr_max=1.58923e-06 lr_min=1.58923e-06 train_focal=0.035490 train_bce=0.627861 train_acc=0.6638 val_bce=0.619692 val_acc=0.7566 val_auc=0.8027
[2026-05-18 08:55:14] [NEW_BEST] epoch=12 val_bce=0.619692 val_acc=0.7566 val_auc=0.8027
[2026-05-18 08:55:16] [Epoch 13] lr_max=1.52402e-06 lr_min=1.52402e-06 train_focal=0.034200 train_bce=0.629475 train_acc=0.6409 val_bce=0.591771 val_acc=0.7884 val_auc=0.8065
[2026-05-18 08:55:17] [NEW_BEST] epoch=13 val_bce=0.591771 val_acc=0.7884 val_auc=0.8065
[2026-05-18 08:55:19] [Epoch 14] lr_max=1.45558e-06 lr_min=1.45558e-06 train_focal=0.032558 train_bce=0.612645 train_acc=0.6910 val_bce=0.611019 val_acc=0.7513 val_auc=0.8193
[2026-05-18 08:55:22] [Epoch 15] lr_max=1.38433e-06 lr_min=1.38433e-06 train_focal=0.034353 train_bce=0.594274 train_acc=0.7225 val_bce=0.665901 val_acc=0.5926 val_auc=0.8223
[2026-05-18 08:55:25] [Epoch 16] lr_max=1.31071e-06 lr_min=1.31071e-06 train_focal=0.031805 train_bce=0.595489 train_acc=0.6896 val_bce=0.633657 val_acc=0.6931 val_auc=0.8247
[2026-05-18 08:55:28] [Epoch 17] lr_max=1.23518e-06 lr_min=1.23518e-06 train_focal=0.031624 train_bce=0.595666 train_acc=0.6967 val_bce=0.620471 val_acc=0.7090 val_auc=0.8311
[2026-05-18 08:55:31] [Epoch 18] lr_max=1.1582e-06 lr_min=1.1582e-06 train_focal=0.030238 train_bce=0.568558 train_acc=0.7425 val_bce=0.582755 val_acc=0.7725 val_auc=0.8228
[2026-05-18 08:55:32] [NEW_BEST] epoch=18 val_bce=0.582755 val_acc=0.7725 val_auc=0.8228
[2026-05-18 08:55:34] [Epoch 19] lr_max=1.08024e-06 lr_min=1.08024e-06 train_focal=0.029384 train_bce=0.549928 train_acc=0.7811 val_bce=0.582871 val_acc=0.7619 val_auc=0.8370
[2026-05-18 08:55:37] [Epoch 20] lr_max=1.00178e-06 lr_min=1.00178e-06 train_focal=0.030279 train_bce=0.570525 train_acc=0.7353 val_bce=0.567532 val_acc=0.7884 val_auc=0.8351
[2026-05-18 08:55:39] [NEW_BEST] epoch=20 val_bce=0.567532 val_acc=0.7884 val_auc=0.8351
[2026-05-18 08:55:41] [Epoch 21] lr_max=9.23321e-07 lr_min=9.23321e-07 train_focal=0.031138 train_bce=0.575520 train_acc=0.7124 val_bce=0.569319 val_acc=0.7778 val_auc=0.8329
[2026-05-18 08:55:44] [Epoch 22] lr_max=8.45329e-07 lr_min=8.45329e-07 train_focal=0.027926 train_bce=0.551808 train_acc=0.7639 val_bce=0.575524 val_acc=0.7672 val_auc=0.8372
[2026-05-18 08:55:46] [Epoch 23] lr_max=7.68291e-07 lr_min=7.68291e-07 train_focal=0.030793 train_bce=0.548697 train_acc=0.7740 val_bce=0.553373 val_acc=0.7884 val_auc=0.8405
[2026-05-18 08:55:48] [NEW_BEST] epoch=23 val_bce=0.553373 val_acc=0.7884 val_auc=0.8405
[2026-05-18 08:55:50] [Epoch 24] lr_max=6.92681e-07 lr_min=6.92681e-07 train_focal=0.028467 train_bce=0.539111 train_acc=0.7740 val_bce=0.539397 val_acc=0.7937 val_auc=0.8431
[2026-05-18 08:55:52] [NEW_BEST] epoch=24 val_bce=0.539397 val_acc=0.7937 val_auc=0.8431
[2026-05-18 08:55:54] [Epoch 25] lr_max=6.18966e-07 lr_min=6.18966e-07 train_focal=0.026424 train_bce=0.524203 train_acc=0.7997 val_bce=0.513554 val_acc=0.8413 val_auc=0.8419
[2026-05-18 08:55:55] [NEW_BEST] epoch=25 val_bce=0.513554 val_acc=0.8413 val_auc=0.8419
[2026-05-18 08:55:57] [Epoch 26] lr_max=5.47601e-07 lr_min=5.47601e-07 train_focal=0.030224 train_bce=0.542793 train_acc=0.7539 val_bce=0.530546 val_acc=0.8095 val_auc=0.8417
[2026-05-18 08:56:00] [Epoch 27] lr_max=4.79024e-07 lr_min=4.79024e-07 train_focal=0.024767 train_bce=0.521586 train_acc=0.7983 val_bce=0.523508 val_acc=0.8148 val_auc=0.8433
[2026-05-18 08:56:03] [Epoch 28] lr_max=4.1366e-07 lr_min=4.1366e-07 train_focal=0.027848 train_bce=0.525910 train_acc=0.7811 val_bce=0.536970 val_acc=0.7989 val_auc=0.8440
[2026-05-18 08:56:06] [Epoch 29] lr_max=3.5191e-07 lr_min=3.5191e-07 train_focal=0.025494 train_bce=0.522546 train_acc=0.7797 val_bce=0.514173 val_acc=0.8254 val_auc=0.8457
[2026-05-18 08:56:08] [Epoch 30] lr_max=2.94157e-07 lr_min=2.94157e-07 train_focal=0.030218 train_bce=0.528588 train_acc=0.7725 val_bce=0.523943 val_acc=0.8095 val_auc=0.8473
[2026-05-18 08:56:11] [Epoch 31] lr_max=2.40755e-07 lr_min=2.40755e-07 train_focal=0.025032 train_bce=0.515470 train_acc=0.7840 val_bce=0.511455 val_acc=0.8254 val_auc=0.8436
[2026-05-18 08:56:13] [NEW_BEST] epoch=31 val_bce=0.511455 val_acc=0.8254 val_auc=0.8436
[2026-05-18 08:56:15] [Epoch 32] lr_max=1.92033e-07 lr_min=1.92033e-07 train_focal=0.024692 train_bce=0.508726 train_acc=0.7954 val_bce=0.509876 val_acc=0.8254 val_auc=0.8487
[2026-05-18 08:56:16] [NEW_BEST] epoch=32 val_bce=0.509876 val_acc=0.8254 val_auc=0.8487
[2026-05-18 08:56:18] [Epoch 33] lr_max=1.48294e-07 lr_min=1.48294e-07 train_focal=0.027186 train_bce=0.509201 train_acc=0.7911 val_bce=0.504193 val_acc=0.8307 val_auc=0.8469
[2026-05-18 08:56:20] [NEW_BEST] epoch=33 val_bce=0.504193 val_acc=0.8307 val_auc=0.8469
[2026-05-18 08:56:22] [Epoch 34] lr_max=1.09805e-07 lr_min=1.09805e-07 train_focal=0.024713 train_bce=0.497971 train_acc=0.8183 val_bce=0.501647 val_acc=0.8307 val_auc=0.8466
[2026-05-18 08:56:24] [NEW_BEST] epoch=34 val_bce=0.501647 val_acc=0.8307 val_auc=0.8466
[2026-05-18 08:56:26] [Epoch 35] lr_max=7.6805e-08 lr_min=7.6805e-08 train_focal=0.026328 train_bce=0.513223 train_acc=0.7940 val_bce=0.501806 val_acc=0.8360 val_auc=0.8459
[2026-05-18 08:56:28] [Epoch 36] lr_max=4.94966e-08 lr_min=4.94966e-08 train_focal=0.026013 train_bce=0.501247 train_acc=0.8040 val_bce=0.503841 val_acc=0.8360 val_auc=0.8464
[2026-05-18 08:56:31] [Epoch 37] lr_max=2.80483e-08 lr_min=2.80483e-08 train_focal=0.027358 train_bce=0.523849 train_acc=0.7783 val_bce=0.503443 val_acc=0.8360 val_auc=0.8471
[2026-05-18 08:56:34] [Epoch 38] lr_max=1.25925e-08 lr_min=1.25925e-08 train_focal=0.027196 train_bce=0.520747 train_acc=0.7697 val_bce=0.502271 val_acc=0.8307 val_auc=0.8473
[2026-05-18 08:56:37] [Epoch 39] lr_max=3.2243e-09 lr_min=3.2243e-09 train_focal=0.028480 train_bce=0.512232 train_acc=0.8054 val_bce=0.502994 val_acc=0.8360 val_auc=0.8473
[2026-05-18 08:56:40] [Epoch 40] lr_max=1.5931e-12 lr_min=1.5931e-12 train_focal=0.025183 train_bce=0.501413 train_acc=0.8026 val_bce=0.503037 val_acc=0.8360 val_auc=0.8473
[2026-05-18 08:56:43] [Epoch 41] lr_max=1.99926e-06 lr_min=1.99926e-06 train_focal=0.026260 train_bce=0.504188 train_acc=0.7897 val_bce=0.460499 val_acc=0.8783 val_auc=0.8261
[2026-05-18 08:56:44] [NEW_BEST] epoch=41 val_bce=0.460499 val_acc=0.8783 val_auc=0.8261
[2026-05-18 08:56:46] [Epoch 42] lr_max=1.99699e-06 lr_min=1.99699e-06 train_focal=0.025008 train_bce=0.481528 train_acc=0.8369 val_bce=0.471665 val_acc=0.8466 val_auc=0.8296
[2026-05-18 08:56:49] [Epoch 43] lr_max=1.99317e-06 lr_min=1.99317e-06 train_focal=0.024187 train_bce=0.485831 train_acc=0.7954 val_bce=0.478371 val_acc=0.8413 val_auc=0.8400
[2026-05-18 08:56:52] [Epoch 44] lr_max=1.98783e-06 lr_min=1.98783e-06 train_focal=0.025174 train_bce=0.485738 train_acc=0.8026 val_bce=0.434600 val_acc=0.8730 val_auc=0.8471
[2026-05-18 08:56:53] [NEW_BEST] epoch=44 val_bce=0.434600 val_acc=0.8730 val_auc=0.8471
[2026-05-18 08:56:56] [Epoch 45] lr_max=1.98096e-06 lr_min=1.98096e-06 train_focal=0.026719 train_bce=0.483886 train_acc=0.8069 val_bce=0.432111 val_acc=0.8889 val_auc=0.8516
[2026-05-18 08:56:57] [NEW_BEST] epoch=45 val_bce=0.432111 val_acc=0.8889 val_auc=0.8516
[2026-05-18 08:56:59] [Epoch 46] lr_max=1.97258e-06 lr_min=1.97258e-06 train_focal=0.023509 train_bce=0.464088 train_acc=0.8255 val_bce=0.458106 val_acc=0.8624 val_auc=0.8617
[2026-05-18 08:57:02] [Epoch 47] lr_max=1.9627e-06 lr_min=1.9627e-06 train_focal=0.021714 train_bce=0.450472 train_acc=0.8155 val_bce=0.377985 val_acc=0.8942 val_auc=0.8509
[2026-05-18 08:57:04] [NEW_BEST] epoch=47 val_bce=0.377985 val_acc=0.8942 val_auc=0.8509
[2026-05-18 08:57:06] [Epoch 48] lr_max=1.95133e-06 lr_min=1.95133e-06 train_focal=0.019808 train_bce=0.421432 train_acc=0.8541 val_bce=0.398280 val_acc=0.8836 val_auc=0.8528
[2026-05-18 08:57:08] [Epoch 49] lr_max=1.9385e-06 lr_min=1.9385e-06 train_focal=0.020559 train_bce=0.435878 train_acc=0.8355 val_bce=0.430248 val_acc=0.8571 val_auc=0.8504
[2026-05-18 08:57:11] [Epoch 50] lr_max=1.92422e-06 lr_min=1.92422e-06 train_focal=0.020951 train_bce=0.432128 train_acc=0.8498 val_bce=0.402183 val_acc=0.8889 val_auc=0.8452
[2026-05-18 08:57:14] [Epoch 51] lr_max=1.90852e-06 lr_min=1.90852e-06 train_focal=0.019630 train_bce=0.407994 train_acc=0.8670 val_bce=0.396307 val_acc=0.8836 val_auc=0.8521
[2026-05-18 08:57:17] [Epoch 52] lr_max=1.89141e-06 lr_min=1.89141e-06 train_focal=0.018688 train_bce=0.396524 train_acc=0.8612 val_bce=0.369094 val_acc=0.9101 val_auc=0.8419
[2026-05-18 08:57:18] [NEW_BEST] epoch=52 val_bce=0.369094 val_acc=0.9101 val_auc=0.8419
[2026-05-18 08:57:20] [Epoch 53] lr_max=1.87293e-06 lr_min=1.87293e-06 train_focal=0.017651 train_bce=0.391177 train_acc=0.8841 val_bce=0.390384 val_acc=0.8889 val_auc=0.8504
[2026-05-18 08:57:23] [Epoch 54] lr_max=1.85311e-06 lr_min=1.85311e-06 train_focal=0.017860 train_bce=0.388868 train_acc=0.8784 val_bce=0.376775 val_acc=0.8995 val_auc=0.8471
[2026-05-18 08:57:26] [Epoch 55] lr_max=1.83197e-06 lr_min=1.83197e-06 train_focal=0.017165 train_bce=0.370565 train_acc=0.8884 val_bce=0.367478 val_acc=0.8995 val_auc=0.8532
[2026-05-18 08:57:28] [NEW_BEST] epoch=55 val_bce=0.367478 val_acc=0.8995 val_auc=0.8532
[2026-05-18 08:57:30] [Epoch 56] lr_max=1.80954e-06 lr_min=1.80954e-06 train_focal=0.014818 train_bce=0.348481 train_acc=0.9084 val_bce=0.349094 val_acc=0.9048 val_auc=0.8459
[2026-05-18 08:57:31] [NEW_BEST] epoch=56 val_bce=0.349094 val_acc=0.9048 val_auc=0.8459
[2026-05-18 08:57:33] [Epoch 57] lr_max=1.78587e-06 lr_min=1.78587e-06 train_focal=0.017292 train_bce=0.352782 train_acc=0.8827 val_bce=0.337350 val_acc=0.8942 val_auc=0.8351
[2026-05-18 08:57:35] [NEW_BEST] epoch=57 val_bce=0.337350 val_acc=0.8942 val_auc=0.8351
[2026-05-18 08:57:37] [Epoch 58] lr_max=1.76099e-06 lr_min=1.76099e-06 train_focal=0.015297 train_bce=0.330843 train_acc=0.9256 val_bce=0.337926 val_acc=0.9101 val_auc=0.8445
[2026-05-18 08:57:40] [Epoch 59] lr_max=1.73493e-06 lr_min=1.73493e-06 train_focal=0.013432 train_bce=0.331683 train_acc=0.8984 val_bce=0.336346 val_acc=0.9048 val_auc=0.8476
[2026-05-18 08:57:41] [NEW_BEST] epoch=59 val_bce=0.336346 val_acc=0.9048 val_auc=0.8476
[2026-05-18 08:57:43] [Epoch 60] lr_max=1.70774e-06 lr_min=1.70774e-06 train_focal=0.014192 train_bce=0.307074 train_acc=0.9127 val_bce=0.325687 val_acc=0.8995 val_auc=0.8407
[2026-05-18 08:57:45] [NEW_BEST] epoch=60 val_bce=0.325687 val_acc=0.8995 val_auc=0.8407
[2026-05-18 08:57:47] [Epoch 61] lr_max=1.67946e-06 lr_min=1.67946e-06 train_focal=0.017055 train_bce=0.338636 train_acc=0.8898 val_bce=0.346471 val_acc=0.8995 val_auc=0.8473
[2026-05-18 08:57:50] [Epoch 62] lr_max=1.65013e-06 lr_min=1.65013e-06 train_focal=0.012559 train_bce=0.293339 train_acc=0.9199 val_bce=0.321302 val_acc=0.9048 val_auc=0.8452
[2026-05-18 08:57:51] [NEW_BEST] epoch=62 val_bce=0.321302 val_acc=0.9048 val_auc=0.8452
[2026-05-18 08:57:53] [Epoch 63] lr_max=1.61979e-06 lr_min=1.61979e-06 train_focal=0.016505 train_bce=0.320966 train_acc=0.9041 val_bce=0.326441 val_acc=0.8889 val_auc=0.8270
[2026-05-18 08:57:56] [Epoch 64] lr_max=1.58851e-06 lr_min=1.58851e-06 train_focal=0.012014 train_bce=0.274905 train_acc=0.9342 val_bce=0.330408 val_acc=0.8995 val_auc=0.8320
[2026-05-18 08:57:59] [Epoch 65] lr_max=1.55631e-06 lr_min=1.55631e-06 train_focal=0.012687 train_bce=0.288177 train_acc=0.9142 val_bce=0.338776 val_acc=0.8783 val_auc=0.8438
[2026-05-18 08:58:02] [Epoch 66] lr_max=1.52326e-06 lr_min=1.52326e-06 train_focal=0.012950 train_bce=0.280725 train_acc=0.9342 val_bce=0.328190 val_acc=0.8942 val_auc=0.8341
[2026-05-18 08:58:04] [Epoch 67] lr_max=1.4894e-06 lr_min=1.4894e-06 train_focal=0.012466 train_bce=0.285595 train_acc=0.9242 val_bce=0.334905 val_acc=0.8942 val_auc=0.8483
[2026-05-18 08:58:07] [Epoch 68] lr_max=1.45479e-06 lr_min=1.45479e-06 train_focal=0.012567 train_bce=0.274335 train_acc=0.9285 val_bce=0.341049 val_acc=0.8783 val_auc=0.8431
[2026-05-18 08:58:10] [Epoch 69] lr_max=1.41947e-06 lr_min=1.41947e-06 train_focal=0.010610 train_bce=0.260305 train_acc=0.9413 val_bce=0.320501 val_acc=0.8942 val_auc=0.8372
[2026-05-18 08:58:12] [NEW_BEST] epoch=69 val_bce=0.320501 val_acc=0.8942 val_auc=0.8372
[2026-05-18 08:58:14] [Epoch 70] lr_max=1.38351e-06 lr_min=1.38351e-06 train_focal=0.011160 train_bce=0.260789 train_acc=0.9356 val_bce=0.317440 val_acc=0.8995 val_auc=0.8421
[2026-05-18 08:58:15] [NEW_BEST] epoch=70 val_bce=0.317440 val_acc=0.8995 val_auc=0.8421
[2026-05-18 08:58:17] [Epoch 71] lr_max=1.34695e-06 lr_min=1.34695e-06 train_focal=0.010842 train_bce=0.264607 train_acc=0.9227 val_bce=0.313687 val_acc=0.8836 val_auc=0.8365
[2026-05-18 08:58:19] [NEW_BEST] epoch=71 val_bce=0.313687 val_acc=0.8836 val_auc=0.8365
[2026-05-18 08:58:21] [Epoch 72] lr_max=1.30987e-06 lr_min=1.30987e-06 train_focal=0.011814 train_bce=0.257328 train_acc=0.9213 val_bce=0.317166 val_acc=0.8889 val_auc=0.8346
[2026-05-18 08:58:24] [Epoch 73] lr_max=1.2723e-06 lr_min=1.2723e-06 train_focal=0.012439 train_bce=0.271955 train_acc=0.9156 val_bce=0.324601 val_acc=0.8995 val_auc=0.8398
[2026-05-18 08:58:26] [Epoch 74] lr_max=1.23431e-06 lr_min=1.23431e-06 train_focal=0.009214 train_bce=0.255236 train_acc=0.9485 val_bce=0.314367 val_acc=0.8836 val_auc=0.8318
[2026-05-18 08:58:29] [Epoch 75] lr_max=1.19597e-06 lr_min=1.19597e-06 train_focal=0.009201 train_bce=0.237269 train_acc=0.9428 val_bce=0.312727 val_acc=0.8942 val_auc=0.8410
[2026-05-18 08:58:31] [NEW_BEST] epoch=75 val_bce=0.312727 val_acc=0.8942 val_auc=0.8410
[2026-05-18 08:58:33] [Epoch 76] lr_max=1.15732e-06 lr_min=1.15732e-06 train_focal=0.011473 train_bce=0.248905 train_acc=0.9371 val_bce=0.309675 val_acc=0.8942 val_auc=0.8386
[2026-05-18 08:58:34] [NEW_BEST] epoch=76 val_bce=0.309675 val_acc=0.8942 val_auc=0.8386
[2026-05-18 08:58:36] [Epoch 77] lr_max=1.11842e-06 lr_min=1.11842e-06 train_focal=0.009404 train_bce=0.231704 train_acc=0.9514 val_bce=0.312429 val_acc=0.8942 val_auc=0.8360
[2026-05-18 08:58:39] [Epoch 78] lr_max=1.07935e-06 lr_min=1.07935e-06 train_focal=0.007797 train_bce=0.226070 train_acc=0.9485 val_bce=0.313866 val_acc=0.8783 val_auc=0.8188
[2026-05-18 08:58:42] [Epoch 79] lr_max=1.04015e-06 lr_min=1.04015e-06 train_focal=0.007450 train_bce=0.213561 train_acc=0.9514 val_bce=0.308559 val_acc=0.8889 val_auc=0.8308
[2026-05-18 08:58:44] [NEW_BEST] epoch=79 val_bce=0.308559 val_acc=0.8889 val_auc=0.8308
[2026-05-18 08:58:46] [Epoch 80] lr_max=1.00089e-06 lr_min=1.00089e-06 train_focal=0.008037 train_bce=0.212216 train_acc=0.9628 val_bce=0.307308 val_acc=0.8836 val_auc=0.8332
[2026-05-18 08:58:47] [NEW_BEST] epoch=80 val_bce=0.307308 val_acc=0.8836 val_auc=0.8332
[2026-05-18 08:58:49] [Epoch 81] lr_max=9.61632e-07 lr_min=9.61632e-07 train_focal=0.009765 train_bce=0.232326 train_acc=0.9471 val_bce=0.301951 val_acc=0.8889 val_auc=0.8424
[2026-05-18 08:58:51] [NEW_BEST] epoch=81 val_bce=0.301951 val_acc=0.8889 val_auc=0.8424
[2026-05-18 08:58:53] [Epoch 82] lr_max=9.22431e-07 lr_min=9.22431e-07 train_focal=0.010421 train_bce=0.227258 train_acc=0.9485 val_bce=0.304501 val_acc=0.8889 val_auc=0.8377
[2026-05-18 08:58:56] [Epoch 83] lr_max=8.83349e-07 lr_min=8.83349e-07 train_focal=0.009536 train_bce=0.224898 train_acc=0.9313 val_bce=0.302580 val_acc=0.8889 val_auc=0.8381
[2026-05-18 08:58:59] [Epoch 84] lr_max=8.44447e-07 lr_min=8.44447e-07 train_focal=0.006828 train_bce=0.194321 train_acc=0.9628 val_bce=0.301621 val_acc=0.8889 val_auc=0.8391
[2026-05-18 08:59:00] [NEW_BEST] epoch=84 val_bce=0.301621 val_acc=0.8889 val_auc=0.8391
[2026-05-18 08:59:02] [Epoch 85] lr_max=8.05785e-07 lr_min=8.05785e-07 train_focal=0.008106 train_bce=0.212511 train_acc=0.9557 val_bce=0.302644 val_acc=0.8889 val_auc=0.8379
[2026-05-18 08:59:05] [Epoch 86] lr_max=7.67423e-07 lr_min=7.67423e-07 train_focal=0.009291 train_bce=0.211113 train_acc=0.9428 val_bce=0.306347 val_acc=0.8889 val_auc=0.8311
[2026-05-18 08:59:08] [Epoch 87] lr_max=7.29419e-07 lr_min=7.29419e-07 train_focal=0.009366 train_bce=0.209156 train_acc=0.9485 val_bce=0.307608 val_acc=0.8889 val_auc=0.8273
[2026-05-18 08:59:11] [Epoch 88] lr_max=6.91832e-07 lr_min=6.91832e-07 train_focal=0.008130 train_bce=0.208420 train_acc=0.9442 val_bce=0.309292 val_acc=0.8889 val_auc=0.8259
[2026-05-18 08:59:14] [Epoch 89] lr_max=6.5472e-07 lr_min=6.5472e-07 train_focal=0.008850 train_bce=0.205338 train_acc=0.9542 val_bce=0.307529 val_acc=0.8889 val_auc=0.8287
[2026-05-18 08:59:16] [Epoch 90] lr_max=6.18141e-07 lr_min=6.18141e-07 train_focal=0.007915 train_bce=0.203439 train_acc=0.9585 val_bce=0.308143 val_acc=0.8889 val_auc=0.8235
[2026-05-18 08:59:19] [Epoch 91] lr_max=5.82151e-07 lr_min=5.82151e-07 train_focal=0.008353 train_bce=0.199664 train_acc=0.9585 val_bce=0.308021 val_acc=0.8942 val_auc=0.8277
[2026-05-18 08:59:22] [Epoch 92] lr_max=5.46805e-07 lr_min=5.46805e-07 train_focal=0.006344 train_bce=0.190958 train_acc=0.9728 val_bce=0.306322 val_acc=0.8942 val_auc=0.8294
[2026-05-18 08:59:25] [Epoch 93] lr_max=5.12158e-07 lr_min=5.12158e-07 train_focal=0.006744 train_bce=0.195681 train_acc=0.9456 val_bce=0.308141 val_acc=0.8889 val_auc=0.8266
[2026-05-18 08:59:27] [Epoch 94] lr_max=4.78263e-07 lr_min=4.78263e-07 train_focal=0.006142 train_bce=0.168641 train_acc=0.9642 val_bce=0.302355 val_acc=0.8889 val_auc=0.8355
[2026-05-18 08:59:28] [early stop] Fold 2 at epoch 94
[2026-05-18 08:59:29] [saved learning curves] /data/Irene/SwinTransformer/Swin_Meta/Multimodal_outputs/training/swin_tiny/MULTIMODAL/MULTIMODAL_BS16_EP100_LR2e-06_WD0.01_FULL_FINETUNE_FL0.13_0.87_2_WSon_1_2.6/Kfold/fold2/learning_curves.png
[2026-05-18 08:59:30] [TS] T*=0.907292 | NLL 0.30162084102630615->0.30009618401527405
[2026-05-18 08:59:30] [saved checkpoint] /data/Irene/SwinTransformer/Swin_Meta/Multimodal_outputs/checkpoints/swin_tiny/MULTIMODAL/MULTIMODAL_BS16_EP100_LR2e-06_WD0.01_FULL_FINETUNE_FL0.13_0.87_2_WSon_1_2.6/Kfold/fold2/model_best.pth
[2026-05-18 08:59:30] [saved OOF] /data/Irene/SwinTransformer/Swin_Meta/Multimodal_outputs/training/swin_tiny/MULTIMODAL/MULTIMODAL_BS16_EP100_LR2e-06_WD0.01_FULL_FINETUNE_FL0.13_0.87_2_WSon_1_2.6/Kfold/fold2/val_oof_predictions_fold2.csv
