[2026-05-18 15:01:47] Start Fold 2 | MODEL=swin_tiny(swin_tiny_patch4_window7_224) MODALITY=MULTIMODAL IMG=224x448 BS=16 EP=100 LR=5e-06 WD=0.01 UNFREEZE_MODE=FULL_FINETUNE FocalAlpha=[0.13, 0.87] FocalGamma=2.0
[2026-05-18 15:01:49] [Epoch 1] lr_max=4.99264e-06 lr_min=4.99264e-06 train_focal=0.050024 train_bce=0.775224 train_acc=0.2818 val_bce=0.843324 val_acc=0.1587 val_auc=0.6038
[2026-05-18 15:01:51] [NEW_BEST] epoch=1 val_bce=0.843324 val_acc=0.1587 val_auc=0.6038
[2026-05-18 15:01:54] [Epoch 2] lr_max=4.96992e-06 lr_min=4.96992e-06 train_focal=0.043727 train_bce=0.728597 train_acc=0.3662 val_bce=0.776162 val_acc=0.2275 val_auc=0.6944
[2026-05-18 15:01:56] [NEW_BEST] epoch=2 val_bce=0.776162 val_acc=0.2275 val_auc=0.6944
[2026-05-18 15:01:59] [Epoch 3] lr_max=4.93196e-06 lr_min=4.93196e-06 train_focal=0.042624 train_bce=0.696451 train_acc=0.4964 val_bce=0.779907 val_acc=0.2751 val_auc=0.7419
[2026-05-18 15:02:03] [Epoch 4] lr_max=4.87902e-06 lr_min=4.87902e-06 train_focal=0.038011 train_bce=0.662286 train_acc=0.5637 val_bce=0.708433 val_acc=0.4603 val_auc=0.7886
[2026-05-18 15:02:06] [NEW_BEST] epoch=4 val_bce=0.708433 val_acc=0.4603 val_auc=0.7886
[2026-05-18 15:02:08] [Epoch 5] lr_max=4.8114e-06 lr_min=4.8114e-06 train_focal=0.034684 train_bce=0.631592 train_acc=0.6338 val_bce=0.622523 val_acc=0.6931 val_auc=0.8032
[2026-05-18 15:02:11] [NEW_BEST] epoch=5 val_bce=0.622523 val_acc=0.6931 val_auc=0.8032
[2026-05-18 15:02:13] [Epoch 6] lr_max=4.72954e-06 lr_min=4.72954e-06 train_focal=0.031375 train_bce=0.570689 train_acc=0.7225 val_bce=0.566840 val_acc=0.7460 val_auc=0.8086
[2026-05-18 15:02:16] [NEW_BEST] epoch=6 val_bce=0.566840 val_acc=0.7460 val_auc=0.8086
[2026-05-18 15:02:19] [Epoch 7] lr_max=4.63393e-06 lr_min=4.63393e-06 train_focal=0.034434 train_bce=0.593851 train_acc=0.6867 val_bce=0.782851 val_acc=0.3757 val_auc=0.8046
[2026-05-18 15:02:23] [Epoch 8] lr_max=4.52516e-06 lr_min=4.52516e-06 train_focal=0.030857 train_bce=0.564474 train_acc=0.7282 val_bce=0.518123 val_acc=0.8148 val_auc=0.8164
[2026-05-18 15:02:26] [NEW_BEST] epoch=8 val_bce=0.518123 val_acc=0.8148 val_auc=0.8164
[2026-05-18 15:02:28] [Epoch 9] lr_max=4.40391e-06 lr_min=4.40391e-06 train_focal=0.028105 train_bce=0.518089 train_acc=0.7897 val_bce=0.531372 val_acc=0.7725 val_auc=0.8178
[2026-05-18 15:02:32] [Epoch 10] lr_max=4.27092e-06 lr_min=4.27092e-06 train_focal=0.023723 train_bce=0.499740 train_acc=0.8069 val_bce=0.504474 val_acc=0.7884 val_auc=0.8318
[2026-05-18 15:02:35] [NEW_BEST] epoch=10 val_bce=0.504474 val_acc=0.7884 val_auc=0.8318
[2026-05-18 15:02:37] [Epoch 11] lr_max=4.12701e-06 lr_min=4.12701e-06 train_focal=0.026876 train_bce=0.490576 train_acc=0.8040 val_bce=0.576275 val_acc=0.6931 val_auc=0.8407
[2026-05-18 15:02:41] [Epoch 12] lr_max=3.97307e-06 lr_min=3.97307e-06 train_focal=0.021649 train_bce=0.432749 train_acc=0.8555 val_bce=0.500828 val_acc=0.8042 val_auc=0.8353
[2026-05-18 15:02:43] [NEW_BEST] epoch=12 val_bce=0.500828 val_acc=0.8042 val_auc=0.8353
[2026-05-18 15:02:45] [Epoch 13] lr_max=3.81005e-06 lr_min=3.81005e-06 train_focal=0.022343 train_bce=0.442899 train_acc=0.8355 val_bce=0.544434 val_acc=0.7513 val_auc=0.8351
[2026-05-18 15:02:48] [Epoch 14] lr_max=3.63895e-06 lr_min=3.63895e-06 train_focal=0.017212 train_bce=0.404958 train_acc=0.8712 val_bce=0.493823 val_acc=0.7831 val_auc=0.8403
[2026-05-18 15:02:50] [NEW_BEST] epoch=14 val_bce=0.493823 val_acc=0.7831 val_auc=0.8403
[2026-05-18 15:02:53] [Epoch 15] lr_max=3.46083e-06 lr_min=3.46083e-06 train_focal=0.018310 train_bce=0.402349 train_acc=0.8684 val_bce=0.451580 val_acc=0.8254 val_auc=0.8610
[2026-05-18 15:02:55] [NEW_BEST] epoch=15 val_bce=0.451580 val_acc=0.8254 val_auc=0.8610
[2026-05-18 15:02:58] [Epoch 16] lr_max=3.27679e-06 lr_min=3.27679e-06 train_focal=0.016236 train_bce=0.385082 train_acc=0.8770 val_bce=0.442206 val_acc=0.8095 val_auc=0.8299
[2026-05-18 15:03:00] [NEW_BEST] epoch=16 val_bce=0.442206 val_acc=0.8095 val_auc=0.8299
[2026-05-18 15:03:02] [Epoch 17] lr_max=3.08795e-06 lr_min=3.08795e-06 train_focal=0.016230 train_bce=0.368748 train_acc=0.8770 val_bce=0.421375 val_acc=0.8466 val_auc=0.8400
[2026-05-18 15:03:05] [NEW_BEST] epoch=17 val_bce=0.421375 val_acc=0.8466 val_auc=0.8400
[2026-05-18 15:03:07] [Epoch 18] lr_max=2.89549e-06 lr_min=2.89549e-06 train_focal=0.015364 train_bce=0.361394 train_acc=0.8984 val_bce=0.406041 val_acc=0.8571 val_auc=0.8336
[2026-05-18 15:03:09] [NEW_BEST] epoch=18 val_bce=0.406041 val_acc=0.8571 val_auc=0.8336
[2026-05-18 15:03:11] [Epoch 19] lr_max=2.7006e-06 lr_min=2.7006e-06 train_focal=0.011912 train_bce=0.304255 train_acc=0.9342 val_bce=0.458930 val_acc=0.7884 val_auc=0.8296
[2026-05-18 15:03:14] [Epoch 20] lr_max=2.50446e-06 lr_min=2.50446e-06 train_focal=0.014327 train_bce=0.341598 train_acc=0.9013 val_bce=0.373846 val_acc=0.8783 val_auc=0.8391
[2026-05-18 15:03:17] [NEW_BEST] epoch=20 val_bce=0.373846 val_acc=0.8783 val_auc=0.8391
[2026-05-18 15:03:19] [Epoch 21] lr_max=2.3083e-06 lr_min=2.3083e-06 train_focal=0.013614 train_bce=0.298673 train_acc=0.9127 val_bce=0.358556 val_acc=0.8889 val_auc=0.8511
[2026-05-18 15:03:20] [NEW_BEST] epoch=21 val_bce=0.358556 val_acc=0.8889 val_auc=0.8511
[2026-05-18 15:03:23] [Epoch 22] lr_max=2.11332e-06 lr_min=2.11332e-06 train_focal=0.013954 train_bce=0.303423 train_acc=0.9113 val_bce=0.374947 val_acc=0.8783 val_auc=0.8485
[2026-05-18 15:03:26] [Epoch 23] lr_max=1.92073e-06 lr_min=1.92073e-06 train_focal=0.011349 train_bce=0.285026 train_acc=0.9328 val_bce=0.382138 val_acc=0.8677 val_auc=0.8384
[2026-05-18 15:03:29] [Epoch 24] lr_max=1.7317e-06 lr_min=1.7317e-06 train_focal=0.011099 train_bce=0.278454 train_acc=0.9299 val_bce=0.384890 val_acc=0.8624 val_auc=0.8478
[2026-05-18 15:03:32] [Epoch 25] lr_max=1.54742e-06 lr_min=1.54742e-06 train_focal=0.011902 train_bce=0.278616 train_acc=0.9413 val_bce=0.359481 val_acc=0.8836 val_auc=0.8539
[2026-05-18 15:03:35] [Epoch 26] lr_max=1.369e-06 lr_min=1.369e-06 train_focal=0.011297 train_bce=0.279412 train_acc=0.9270 val_bce=0.341912 val_acc=0.8836 val_auc=0.8377
[2026-05-18 15:03:37] [NEW_BEST] epoch=26 val_bce=0.341912 val_acc=0.8836 val_auc=0.8377
[2026-05-18 15:03:39] [Epoch 27] lr_max=1.19756e-06 lr_min=1.19756e-06 train_focal=0.012150 train_bce=0.281168 train_acc=0.9342 val_bce=0.361855 val_acc=0.8836 val_auc=0.8344
[2026-05-18 15:03:42] [Epoch 28] lr_max=1.03415e-06 lr_min=1.03415e-06 train_focal=0.009682 train_bce=0.268251 train_acc=0.9313 val_bce=0.349811 val_acc=0.8836 val_auc=0.8398
[2026-05-18 15:03:46] [Epoch 29] lr_max=8.79776e-07 lr_min=8.79776e-07 train_focal=0.009587 train_bce=0.263013 train_acc=0.9413 val_bce=0.354514 val_acc=0.8836 val_auc=0.8367
[2026-05-18 15:03:49] [Epoch 30] lr_max=7.35391e-07 lr_min=7.35391e-07 train_focal=0.009949 train_bce=0.265185 train_acc=0.9428 val_bce=0.347916 val_acc=0.8889 val_auc=0.8393
[2026-05-18 15:03:52] [Epoch 31] lr_max=6.01886e-07 lr_min=6.01886e-07 train_focal=0.009447 train_bce=0.254436 train_acc=0.9328 val_bce=0.331209 val_acc=0.8889 val_auc=0.8365
[2026-05-18 15:03:53] [NEW_BEST] epoch=31 val_bce=0.331209 val_acc=0.8889 val_auc=0.8365
[2026-05-18 15:03:56] [Epoch 32] lr_max=4.80084e-07 lr_min=4.80084e-07 train_focal=0.007559 train_bce=0.235703 train_acc=0.9571 val_bce=0.348072 val_acc=0.8889 val_auc=0.8391
[2026-05-18 15:03:59] [Epoch 33] lr_max=3.70735e-07 lr_min=3.70735e-07 train_focal=0.008421 train_bce=0.251064 train_acc=0.9499 val_bce=0.347089 val_acc=0.8942 val_auc=0.8384
[2026-05-18 15:04:02] [Epoch 34] lr_max=2.74513e-07 lr_min=2.74513e-07 train_focal=0.008686 train_bce=0.255951 train_acc=0.9342 val_bce=0.328687 val_acc=0.8995 val_auc=0.8367
[2026-05-18 15:04:04] [NEW_BEST] epoch=34 val_bce=0.328687 val_acc=0.8995 val_auc=0.8367
[2026-05-18 15:04:06] [Epoch 35] lr_max=1.92013e-07 lr_min=1.92013e-07 train_focal=0.008262 train_bce=0.237695 train_acc=0.9642 val_bce=0.336990 val_acc=0.8942 val_auc=0.8379
[2026-05-18 15:04:09] [Epoch 36] lr_max=1.23741e-07 lr_min=1.23741e-07 train_focal=0.009853 train_bce=0.252653 train_acc=0.9399 val_bce=0.334778 val_acc=0.8942 val_auc=0.8353
[2026-05-18 15:04:12] [Epoch 37] lr_max=7.01208e-08 lr_min=7.01208e-08 train_focal=0.009036 train_bce=0.254557 train_acc=0.9356 val_bce=0.331868 val_acc=0.8995 val_auc=0.8351
[2026-05-18 15:04:16] [Epoch 38] lr_max=3.14812e-08 lr_min=3.14812e-08 train_focal=0.009346 train_bce=0.243735 train_acc=0.9557 val_bce=0.333386 val_acc=0.8942 val_auc=0.8353
[2026-05-18 15:04:19] [Epoch 39] lr_max=8.06076e-09 lr_min=8.06076e-09 train_focal=0.008563 train_bce=0.238785 train_acc=0.9599 val_bce=0.333636 val_acc=0.8942 val_auc=0.8355
[2026-05-18 15:04:22] [Epoch 40] lr_max=3.98276e-12 lr_min=3.98276e-12 train_focal=0.010118 train_bce=0.260365 train_acc=0.9371 val_bce=0.333671 val_acc=0.8942 val_auc=0.8358
[2026-05-18 15:04:25] [Epoch 41] lr_max=4.99816e-06 lr_min=4.99816e-06 train_focal=0.009882 train_bce=0.251757 train_acc=0.9442 val_bce=0.369623 val_acc=0.8783 val_auc=0.8414
[2026-05-18 15:04:29] [Epoch 42] lr_max=4.99247e-06 lr_min=4.99247e-06 train_focal=0.009002 train_bce=0.240488 train_acc=0.9328 val_bce=0.389591 val_acc=0.8466 val_auc=0.8417
[2026-05-18 15:04:32] [Epoch 43] lr_max=4.98293e-06 lr_min=4.98293e-06 train_focal=0.008748 train_bce=0.224227 train_acc=0.9371 val_bce=0.297307 val_acc=0.8836 val_auc=0.8398
[2026-05-18 15:04:36] [NEW_BEST] epoch=43 val_bce=0.297307 val_acc=0.8836 val_auc=0.8398
[2026-05-18 15:04:38] [Epoch 44] lr_max=4.96957e-06 lr_min=4.96957e-06 train_focal=0.008495 train_bce=0.196762 train_acc=0.9499 val_bce=0.356656 val_acc=0.8571 val_auc=0.8459
[2026-05-18 15:04:41] [Epoch 45] lr_max=4.9524e-06 lr_min=4.9524e-06 train_focal=0.007954 train_bce=0.194194 train_acc=0.9571 val_bce=0.292878 val_acc=0.8677 val_auc=0.8485
[2026-05-18 15:04:43] [NEW_BEST] epoch=45 val_bce=0.292878 val_acc=0.8677 val_auc=0.8485
[2026-05-18 15:04:45] [Epoch 46] lr_max=4.93144e-06 lr_min=4.93144e-06 train_focal=0.009301 train_bce=0.202063 train_acc=0.9499 val_bce=0.337441 val_acc=0.8783 val_auc=0.8311
[2026-05-18 15:04:49] [Epoch 47] lr_max=4.90674e-06 lr_min=4.90674e-06 train_focal=0.009039 train_bce=0.213555 train_acc=0.9413 val_bce=0.296109 val_acc=0.8730 val_auc=0.8294
[2026-05-18 15:04:52] [Epoch 48] lr_max=4.87833e-06 lr_min=4.87833e-06 train_focal=0.007060 train_bce=0.172661 train_acc=0.9671 val_bce=0.313830 val_acc=0.8730 val_auc=0.8221
[2026-05-18 15:04:56] [Epoch 49] lr_max=4.84625e-06 lr_min=4.84625e-06 train_focal=0.006223 train_bce=0.177665 train_acc=0.9628 val_bce=0.295449 val_acc=0.8836 val_auc=0.8261
[2026-05-18 15:04:59] [Epoch 50] lr_max=4.81055e-06 lr_min=4.81055e-06 train_focal=0.005838 train_bce=0.175471 train_acc=0.9671 val_bce=0.292857 val_acc=0.8836 val_auc=0.8339
[2026-05-18 15:05:04] [Epoch 51] lr_max=4.77129e-06 lr_min=4.77129e-06 train_focal=0.006090 train_bce=0.165564 train_acc=0.9614 val_bce=0.308414 val_acc=0.8942 val_auc=0.8157
[2026-05-18 15:05:07] [Epoch 52] lr_max=4.72853e-06 lr_min=4.72853e-06 train_focal=0.007144 train_bce=0.162716 train_acc=0.9685 val_bce=0.288430 val_acc=0.8836 val_auc=0.8431
[2026-05-18 15:05:10] [NEW_BEST] epoch=52 val_bce=0.288430 val_acc=0.8836 val_auc=0.8431
[2026-05-18 15:05:12] [Epoch 53] lr_max=4.68233e-06 lr_min=4.68233e-06 train_focal=0.009205 train_bce=0.181072 train_acc=0.9514 val_bce=0.322995 val_acc=0.8942 val_auc=0.8042
[2026-05-18 15:05:15] [Epoch 54] lr_max=4.63277e-06 lr_min=4.63277e-06 train_focal=0.004921 train_bce=0.154643 train_acc=0.9657 val_bce=0.312762 val_acc=0.8889 val_auc=0.8119
[2026-05-18 15:05:18] [Epoch 55] lr_max=4.57991e-06 lr_min=4.57991e-06 train_focal=0.003988 train_bce=0.137554 train_acc=0.9814 val_bce=0.297304 val_acc=0.8889 val_auc=0.8421
[2026-05-18 15:05:21] [Epoch 56] lr_max=4.52385e-06 lr_min=4.52385e-06 train_focal=0.004751 train_bce=0.126684 train_acc=0.9771 val_bce=0.296734 val_acc=0.8836 val_auc=0.8395
[2026-05-18 15:05:25] [Epoch 57] lr_max=4.46467e-06 lr_min=4.46467e-06 train_focal=0.004530 train_bce=0.137036 train_acc=0.9771 val_bce=0.310886 val_acc=0.8889 val_auc=0.8301
[2026-05-18 15:05:28] [Epoch 58] lr_max=4.40246e-06 lr_min=4.40246e-06 train_focal=0.004453 train_bce=0.127299 train_acc=0.9742 val_bce=0.316744 val_acc=0.8995 val_auc=0.8445
[2026-05-18 15:05:31] [Epoch 59] lr_max=4.33732e-06 lr_min=4.33732e-06 train_focal=0.002731 train_bce=0.115713 train_acc=0.9900 val_bce=0.309712 val_acc=0.8942 val_auc=0.8454
[2026-05-18 15:05:34] [Epoch 60] lr_max=4.26934e-06 lr_min=4.26934e-06 train_focal=0.004689 train_bce=0.130838 train_acc=0.9657 val_bce=0.299974 val_acc=0.8836 val_auc=0.8403
[2026-05-18 15:05:38] [Epoch 61] lr_max=4.19864e-06 lr_min=4.19864e-06 train_focal=0.002454 train_bce=0.100941 train_acc=0.9814 val_bce=0.337025 val_acc=0.8889 val_auc=0.8398
[2026-05-18 15:05:41] [Epoch 62] lr_max=4.12532e-06 lr_min=4.12532e-06 train_focal=0.004114 train_bce=0.104111 train_acc=0.9843 val_bce=0.335756 val_acc=0.8889 val_auc=0.8259
[2026-05-18 15:05:43] [early stop] Fold 2 at epoch 62
[2026-05-18 15:05:44] [saved learning curves] /data/Irene/SwinTransformer/Swin_Meta/Multimodal_outputs/training/swin_tiny/MULTIMODAL/MULTIMODAL_BS16_EP100_LR5e-06_WD0.01_FULL_FINETUNE_FL0.13_0.87_2_WSon_1_2.6/Kfold/fold2/learning_curves.png
[2026-05-18 15:05:45] [TS] T*=1.000000 | NLL None->None
[2026-05-18 15:05:45] [saved checkpoint] /data/Irene/SwinTransformer/Swin_Meta/Multimodal_outputs/checkpoints/swin_tiny/MULTIMODAL/MULTIMODAL_BS16_EP100_LR5e-06_WD0.01_FULL_FINETUNE_FL0.13_0.87_2_WSon_1_2.6/Kfold/fold2/model_best.pth
[2026-05-18 15:05:45] [saved OOF] /data/Irene/SwinTransformer/Swin_Meta/Multimodal_outputs/training/swin_tiny/MULTIMODAL/MULTIMODAL_BS16_EP100_LR5e-06_WD0.01_FULL_FINETUNE_FL0.13_0.87_2_WSon_1_2.6/Kfold/fold2/val_oof_predictions_fold2.csv
