[2026-03-30 04:35:58]   [unfreeze] blocks[4]
[2026-03-30 04:35:58]   [unfreeze] blocks[5]
[2026-03-30 04:35:58]   [unfreeze] blocks[6]
[2026-03-30 04:35:58]   [unfreeze] conv_head
[2026-03-30 04:35:58]   [unfreeze] bn2
[2026-03-30 04:35:58]   [unfreeze] classifier
[2026-03-30 04:35:58]   [PARTIAL_FINETUNE] trainable=3,700,169 / total=4,008,829 (92.3%)
[2026-03-30 04:35:58] Start Fold 2 | MODEL=efficientnet_b0(efficientnet_b0) MODALITY=OCTA3 BS=16 EP=100 LR=9e-06 WD=0.01 UNFREEZE_MODE=PARTIAL_FINETUNE DROP_RATE=0.2 FocalAlpha=[0.13, 0.87] FocalGamma=2.0
[2026-03-30 04:35:59] [Epoch 1] lr_max=8.98675e-06 lr_min=8.98675e-07 train_focal=0.958979 train_bce=2.399200 train_acc=0.5422 val_bce=1.497528 val_acc=0.6931 val_auc=0.4795
[2026-03-30 04:36:00] [NEW_BEST] epoch=1 val_bce=1.497528 val_acc=0.6931 val_auc=0.4795
[2026-03-30 04:36:01] [Epoch 2] lr_max=8.94585e-06 lr_min=8.94585e-07 train_focal=1.053904 train_bce=2.475901 train_acc=0.5122 val_bce=1.529386 val_acc=0.6720 val_auc=0.4880
[2026-03-30 04:36:03] [Epoch 3] lr_max=8.87753e-06 lr_min=8.87753e-07 train_focal=0.977728 train_bce=2.393838 train_acc=0.5565 val_bce=1.656896 val_acc=0.6402 val_auc=0.4967
[2026-03-30 04:36:05] [Epoch 4] lr_max=8.78223e-06 lr_min=8.78223e-07 train_focal=0.836138 train_bce=2.217423 train_acc=0.5536 val_bce=1.475785 val_acc=0.6720 val_auc=0.5038
[2026-03-30 04:36:05] [NEW_BEST] epoch=4 val_bce=1.475785 val_acc=0.6720 val_auc=0.5038
[2026-03-30 04:36:06] [Epoch 5] lr_max=8.66053e-06 lr_min=8.66053e-07 train_focal=0.808406 train_bce=2.146552 train_acc=0.5308 val_bce=1.618070 val_acc=0.6190 val_auc=0.5087
[2026-03-30 04:36:09] [Epoch 6] lr_max=8.51317e-06 lr_min=8.51317e-07 train_focal=0.652143 train_bce=2.022308 train_acc=0.5651 val_bce=1.624829 val_acc=0.6349 val_auc=0.5090
[2026-03-30 04:36:11] [Epoch 7] lr_max=8.34107e-06 lr_min=8.34107e-07 train_focal=0.660081 train_bce=2.068100 train_acc=0.5637 val_bce=1.725607 val_acc=0.6190 val_auc=0.5149
[2026-03-30 04:36:12] [Epoch 8] lr_max=8.14529e-06 lr_min=8.14529e-07 train_focal=0.758404 train_bce=2.238058 train_acc=0.5265 val_bce=1.685222 val_acc=0.6296 val_auc=0.5168
[2026-03-30 04:36:14] [Epoch 9] lr_max=7.92704e-06 lr_min=7.92704e-07 train_focal=0.692961 train_bce=2.170427 train_acc=0.5494 val_bce=1.651784 val_acc=0.6349 val_auc=0.5311
[2026-03-30 04:36:16] [Epoch 10] lr_max=7.68766e-06 lr_min=7.68766e-07 train_focal=0.603202 train_bce=1.857919 train_acc=0.5794 val_bce=1.714073 val_acc=0.6190 val_auc=0.5243
[2026-03-30 04:36:17] [Epoch 11] lr_max=7.42862e-06 lr_min=7.42862e-07 train_focal=0.519458 train_bce=1.921241 train_acc=0.5694 val_bce=1.709044 val_acc=0.6032 val_auc=0.5172
[2026-03-30 04:36:19] [Epoch 12] lr_max=7.15153e-06 lr_min=7.15153e-07 train_focal=0.638321 train_bce=2.035342 train_acc=0.5680 val_bce=1.851347 val_acc=0.5926 val_auc=0.5238
[2026-03-30 04:36:20] [Epoch 13] lr_max=6.85809e-06 lr_min=6.85809e-07 train_focal=0.588594 train_bce=2.019164 train_acc=0.5536 val_bce=1.726573 val_acc=0.5979 val_auc=0.5340
[2026-03-30 04:36:22] [Epoch 14] lr_max=6.55011e-06 lr_min=6.55011e-07 train_focal=0.540700 train_bce=1.973008 train_acc=0.5808 val_bce=1.859731 val_acc=0.5873 val_auc=0.5389
[2026-03-30 04:36:22] [early stop] Fold 2 at epoch 14
[2026-03-30 04:36:22] [saved learning curves] /data/Irene/SwinTransformer/Swin_Meta/EffNetB0_outputs/training/efficientnet_b0/Partial_B4_6/OCTA3/BS16_EP100_LR9e-06_WD0.01_PARTIAL_FINETUNE_DR0.2_FL0.13_0.87_2_WSon_1_2.6/Kfold/fold2/learning_curves.png
[2026-03-30 04:36:28] [TS] T*=7.059016 | NLL 1.475785493850708->0.6025026440620422
[2026-03-30 04:36:28] [saved checkpoint] /data/Irene/SwinTransformer/Swin_Meta/checkpoints/efficientnet_b0/Partial_B4_6/OCTA3/BS16_EP100_LR9e-06_WD0.01_PARTIAL_FINETUNE_DR0.2_FL0.13_0.87_2_WSon_1_2.6/Kfold/fold2/model_best.pth
[2026-03-30 04:36:28] [saved OOF] /data/Irene/SwinTransformer/Swin_Meta/EffNetB0_outputs/training/efficientnet_b0/Partial_B4_6/OCTA3/BS16_EP100_LR9e-06_WD0.01_PARTIAL_FINETUNE_DR0.2_FL0.13_0.87_2_WSon_1_2.6/Kfold/fold2/val_oof_predictions_fold2.csv
