[2026-05-18 14:19:25] Start Fold 4 | MODEL=swin_tiny(swin_tiny_patch4_window7_224) MODALITY=MULTIMODAL IMG=224x448 BS=16 EP=100 LR=3e-06 WD=0.01 UNFREEZE_MODE=FULL_FINETUNE FocalAlpha=[0.13, 0.87] FocalGamma=2.0
[2026-05-18 14:19:28] [Epoch 1] lr_max=2.99558e-06 lr_min=2.99558e-06 train_focal=0.051708 train_bce=0.762772 train_acc=0.3398 val_bce=0.759457 val_acc=0.2059 val_auc=0.5667
[2026-05-18 14:19:30] [NEW_BEST] epoch=1 val_bce=0.759457 val_acc=0.2059 val_auc=0.5667
[2026-05-18 14:19:34] [Epoch 2] lr_max=2.98194e-06 lr_min=2.98194e-06 train_focal=0.048725 train_bce=0.766561 train_acc=0.3008 val_bce=0.762639 val_acc=0.2235 val_auc=0.6372
[2026-05-18 14:19:40] [Epoch 3] lr_max=2.95916e-06 lr_min=2.95916e-06 train_focal=0.045979 train_bce=0.739290 train_acc=0.3468 val_bce=0.740451 val_acc=0.3353 val_auc=0.6535
[2026-05-18 14:19:41] [NEW_BEST] epoch=3 val_bce=0.740451 val_acc=0.3353 val_auc=0.6535
[2026-05-18 14:19:47] [Epoch 4] lr_max=2.92739e-06 lr_min=2.92739e-06 train_focal=0.042837 train_bce=0.716564 train_acc=0.4234 val_bce=0.700373 val_acc=0.5353 val_auc=0.6584
[2026-05-18 14:19:49] [NEW_BEST] epoch=4 val_bce=0.700373 val_acc=0.5353 val_auc=0.6584
[2026-05-18 14:19:54] [Epoch 5] lr_max=2.88682e-06 lr_min=2.88682e-06 train_focal=0.040037 train_bce=0.684727 train_acc=0.5139 val_bce=0.674750 val_acc=0.5941 val_auc=0.6692
[2026-05-18 14:19:56] [NEW_BEST] epoch=5 val_bce=0.674750 val_acc=0.5941 val_auc=0.6692
[2026-05-18 14:20:01] [Epoch 6] lr_max=2.8377e-06 lr_min=2.8377e-06 train_focal=0.038476 train_bce=0.667402 train_acc=0.5766 val_bce=0.626477 val_acc=0.7059 val_auc=0.6776
[2026-05-18 14:20:02] [NEW_BEST] epoch=6 val_bce=0.626477 val_acc=0.7059 val_auc=0.6776
[2026-05-18 14:20:07] [Epoch 7] lr_max=2.78033e-06 lr_min=2.78033e-06 train_focal=0.037376 train_bce=0.646728 train_acc=0.6226 val_bce=0.639029 val_acc=0.6882 val_auc=0.6901
[2026-05-18 14:20:13] [Epoch 8] lr_max=2.71506e-06 lr_min=2.71506e-06 train_focal=0.030586 train_bce=0.601079 train_acc=0.6936 val_bce=0.589867 val_acc=0.7353 val_auc=0.6940
[2026-05-18 14:20:15] [NEW_BEST] epoch=8 val_bce=0.589867 val_acc=0.7353 val_auc=0.6940
[2026-05-18 14:20:19] [Epoch 9] lr_max=2.64231e-06 lr_min=2.64231e-06 train_focal=0.032433 train_bce=0.600628 train_acc=0.6922 val_bce=0.536913 val_acc=0.8353 val_auc=0.6957
[2026-05-18 14:20:21] [NEW_BEST] epoch=9 val_bce=0.536913 val_acc=0.8353 val_auc=0.6957
[2026-05-18 14:20:25] [Epoch 10] lr_max=2.56251e-06 lr_min=2.56251e-06 train_focal=0.029206 train_bce=0.542610 train_acc=0.7535 val_bce=0.563620 val_acc=0.7588 val_auc=0.7006
[2026-05-18 14:20:29] [Epoch 11] lr_max=2.47616e-06 lr_min=2.47616e-06 train_focal=0.032466 train_bce=0.565979 train_acc=0.7535 val_bce=0.580891 val_acc=0.7118 val_auc=0.7086
[2026-05-18 14:20:36] [Epoch 12] lr_max=2.38379e-06 lr_min=2.38379e-06 train_focal=0.026442 train_bce=0.520791 train_acc=0.7994 val_bce=0.520548 val_acc=0.8176 val_auc=0.7114
[2026-05-18 14:20:38] [NEW_BEST] epoch=12 val_bce=0.520548 val_acc=0.8176 val_auc=0.7114
[2026-05-18 14:20:44] [Epoch 13] lr_max=2.28598e-06 lr_min=2.28598e-06 train_focal=0.024146 train_bce=0.498090 train_acc=0.8175 val_bce=0.527441 val_acc=0.7647 val_auc=0.7027
[2026-05-18 14:20:51] [Epoch 14] lr_max=2.18332e-06 lr_min=2.18332e-06 train_focal=0.029004 train_bce=0.522724 train_acc=0.7646 val_bce=0.549209 val_acc=0.7471 val_auc=0.7093
[2026-05-18 14:20:58] [Epoch 15] lr_max=2.07644e-06 lr_min=2.07644e-06 train_focal=0.024116 train_bce=0.480095 train_acc=0.8384 val_bce=0.546019 val_acc=0.7706 val_auc=0.7121
[2026-05-18 14:21:03] [Epoch 16] lr_max=1.96601e-06 lr_min=1.96601e-06 train_focal=0.023582 train_bce=0.478770 train_acc=0.8189 val_bce=0.499145 val_acc=0.8176 val_auc=0.7131
[2026-05-18 14:21:05] [NEW_BEST] epoch=16 val_bce=0.499145 val_acc=0.8176 val_auc=0.7131
[2026-05-18 14:21:09] [Epoch 17] lr_max=1.85271e-06 lr_min=1.85271e-06 train_focal=0.022102 train_bce=0.461816 train_acc=0.8510 val_bce=0.529924 val_acc=0.7824 val_auc=0.7145
[2026-05-18 14:21:13] [Epoch 18] lr_max=1.73724e-06 lr_min=1.73724e-06 train_focal=0.023334 train_bce=0.471918 train_acc=0.8106 val_bce=0.501048 val_acc=0.8118 val_auc=0.7163
[2026-05-18 14:21:20] [Epoch 19] lr_max=1.6203e-06 lr_min=1.6203e-06 train_focal=0.021641 train_bce=0.445128 train_acc=0.8524 val_bce=0.494613 val_acc=0.8118 val_auc=0.7166
[2026-05-18 14:21:22] [NEW_BEST] epoch=19 val_bce=0.494613 val_acc=0.8118 val_auc=0.7166
[2026-05-18 14:21:28] [Epoch 20] lr_max=1.50262e-06 lr_min=1.50262e-06 train_focal=0.020816 train_bce=0.444110 train_acc=0.8524 val_bce=0.454516 val_acc=0.8647 val_auc=0.7232
[2026-05-18 14:21:30] [NEW_BEST] epoch=20 val_bce=0.454516 val_acc=0.8647 val_auc=0.7232
[2026-05-18 14:21:36] [Epoch 21] lr_max=1.38492e-06 lr_min=1.38492e-06 train_focal=0.019808 train_bce=0.420434 train_acc=0.8760 val_bce=0.503247 val_acc=0.7882 val_auc=0.7239
[2026-05-18 14:21:44] [Epoch 22] lr_max=1.26793e-06 lr_min=1.26793e-06 train_focal=0.019278 train_bce=0.428404 train_acc=0.8482 val_bce=0.469066 val_acc=0.8412 val_auc=0.7267
[2026-05-18 14:21:51] [Epoch 23] lr_max=1.15238e-06 lr_min=1.15238e-06 train_focal=0.020839 train_bce=0.441727 train_acc=0.8454 val_bce=0.455586 val_acc=0.8471 val_auc=0.7299
[2026-05-18 14:21:59] [Epoch 24] lr_max=1.03897e-06 lr_min=1.03897e-06 train_focal=0.018377 train_bce=0.404575 train_acc=0.8579 val_bce=0.475135 val_acc=0.8412 val_auc=0.7313
[2026-05-18 14:22:07] [Epoch 25] lr_max=9.28394e-07 lr_min=9.28394e-07 train_focal=0.018901 train_bce=0.428138 train_acc=0.8719 val_bce=0.447376 val_acc=0.8588 val_auc=0.7354
[2026-05-18 14:22:09] [NEW_BEST] epoch=25 val_bce=0.447376 val_acc=0.8588 val_auc=0.7354
[2026-05-18 14:22:15] [Epoch 26] lr_max=8.21348e-07 lr_min=8.21348e-07 train_focal=0.017717 train_bce=0.396282 train_acc=0.8663 val_bce=0.452240 val_acc=0.8471 val_auc=0.7354
[2026-05-18 14:22:21] [Epoch 27] lr_max=7.18486e-07 lr_min=7.18486e-07 train_focal=0.018133 train_bce=0.407507 train_acc=0.8607 val_bce=0.438031 val_acc=0.8588 val_auc=0.7361
[2026-05-18 14:22:23] [NEW_BEST] epoch=27 val_bce=0.438031 val_acc=0.8588 val_auc=0.7361
[2026-05-18 14:22:29] [Epoch 28] lr_max=6.20441e-07 lr_min=6.20441e-07 train_focal=0.018939 train_bce=0.402351 train_acc=0.8621 val_bce=0.474028 val_acc=0.8176 val_auc=0.7348
[2026-05-18 14:22:34] [Epoch 29] lr_max=5.2782e-07 lr_min=5.2782e-07 train_focal=0.014776 train_bce=0.380388 train_acc=0.9025 val_bce=0.431913 val_acc=0.8706 val_auc=0.7372
[2026-05-18 14:22:36] [NEW_BEST] epoch=29 val_bce=0.431913 val_acc=0.8706 val_auc=0.7372
[2026-05-18 14:22:39] [Epoch 30] lr_max=4.41193e-07 lr_min=4.41193e-07 train_focal=0.016051 train_bce=0.369429 train_acc=0.8997 val_bce=0.434885 val_acc=0.8647 val_auc=0.7365
[2026-05-18 14:22:44] [Epoch 31] lr_max=3.61093e-07 lr_min=3.61093e-07 train_focal=0.017483 train_bce=0.392010 train_acc=0.8733 val_bce=0.433765 val_acc=0.8647 val_auc=0.7372
[2026-05-18 14:22:51] [Epoch 32] lr_max=2.88015e-07 lr_min=2.88015e-07 train_focal=0.016867 train_bce=0.375128 train_acc=0.8872 val_bce=0.445974 val_acc=0.8412 val_auc=0.7375
[2026-05-18 14:22:55] [Epoch 33] lr_max=2.2241e-07 lr_min=2.2241e-07 train_focal=0.016710 train_bce=0.378710 train_acc=0.8942 val_bce=0.455354 val_acc=0.8353 val_auc=0.7372
[2026-05-18 14:23:00] [Epoch 34] lr_max=1.64681e-07 lr_min=1.64681e-07 train_focal=0.017755 train_bce=0.390090 train_acc=0.8677 val_bce=0.451875 val_acc=0.8353 val_auc=0.7386
[2026-05-18 14:23:06] [Epoch 35] lr_max=1.15185e-07 lr_min=1.15185e-07 train_focal=0.015108 train_bce=0.373199 train_acc=0.9025 val_bce=0.447116 val_acc=0.8412 val_auc=0.7382
[2026-05-18 14:23:12] [Epoch 36] lr_max=7.42264e-08 lr_min=7.42264e-08 train_focal=0.017219 train_bce=0.387216 train_acc=0.8928 val_bce=0.444506 val_acc=0.8529 val_auc=0.7386
[2026-05-18 14:23:18] [Epoch 37] lr_max=4.20585e-08 lr_min=4.20585e-08 train_focal=0.018690 train_bce=0.393551 train_acc=0.8733 val_bce=0.446196 val_acc=0.8412 val_auc=0.7393
[2026-05-18 14:23:23] [Epoch 38] lr_max=1.88793e-08 lr_min=1.88793e-08 train_focal=0.018224 train_bce=0.384577 train_acc=0.8760 val_bce=0.444041 val_acc=0.8529 val_auc=0.7389
[2026-05-18 14:23:29] [Epoch 39] lr_max=4.83168e-09 lr_min=4.83168e-09 train_focal=0.016699 train_bce=0.390548 train_acc=0.8830 val_bce=0.443756 val_acc=0.8529 val_auc=0.7389
[2026-05-18 14:23:30] [early stop] Fold 4 at epoch 39
[2026-05-18 14:23:30] [saved learning curves] /data/Irene/SwinTransformer/Swin_Meta/Multimodal_outputs/training/swin_tiny/MULTIMODAL/MULTIMODAL_BS16_EP100_LR3e-06_WD0.01_FULL_FINETUNE_FL0.13_0.87_2_WSon_1_2.6/Kfold/fold4/learning_curves.png
[2026-05-18 14:23:33] [TS] T*=1.000000 | NLL None->None
[2026-05-18 14:23:33] [saved checkpoint] /data/Irene/SwinTransformer/Swin_Meta/Multimodal_outputs/checkpoints/swin_tiny/MULTIMODAL/MULTIMODAL_BS16_EP100_LR3e-06_WD0.01_FULL_FINETUNE_FL0.13_0.87_2_WSon_1_2.6/Kfold/fold4/model_best.pth
[2026-05-18 14:23:33] [saved OOF] /data/Irene/SwinTransformer/Swin_Meta/Multimodal_outputs/training/swin_tiny/MULTIMODAL/MULTIMODAL_BS16_EP100_LR3e-06_WD0.01_FULL_FINETUNE_FL0.13_0.87_2_WSon_1_2.6/Kfold/fold4/val_oof_predictions_fold4.csv
