[2026-05-18 15:05:46] Start Fold 3 | MODEL=swin_tiny(swin_tiny_patch4_window7_224) MODALITY=MULTIMODAL IMG=224x448 BS=16 EP=100 LR=5e-06 WD=0.01 UNFREEZE_MODE=FULL_FINETUNE FocalAlpha=[0.13, 0.87] FocalGamma=2.0
[2026-05-18 15:05:48] [Epoch 1] lr_max=4.99263e-06 lr_min=4.99263e-06 train_focal=0.047684 train_bce=0.741027 train_acc=0.3399 val_bce=0.784303 val_acc=0.2370 val_auc=0.5545
[2026-05-18 15:05:50] [NEW_BEST] epoch=1 val_bce=0.784303 val_acc=0.2370 val_auc=0.5545
[2026-05-18 15:05:52] [Epoch 2] lr_max=4.9699e-06 lr_min=4.9699e-06 train_focal=0.045307 train_bce=0.733609 train_acc=0.3147 val_bce=0.768385 val_acc=0.2370 val_auc=0.6890
[2026-05-18 15:05:55] [NEW_BEST] epoch=2 val_bce=0.768385 val_acc=0.2370 val_auc=0.6890
[2026-05-18 15:05:57] [Epoch 3] lr_max=4.93194e-06 lr_min=4.93194e-06 train_focal=0.041862 train_bce=0.698176 train_acc=0.5203 val_bce=0.686377 val_acc=0.5202 val_auc=0.7404
[2026-05-18 15:05:58] [NEW_BEST] epoch=3 val_bce=0.686377 val_acc=0.5202 val_auc=0.7404
[2026-05-18 15:06:00] [Epoch 4] lr_max=4.87899e-06 lr_min=4.87899e-06 train_focal=0.034844 train_bce=0.652056 train_acc=0.6280 val_bce=0.597773 val_acc=0.8092 val_auc=0.7385
[2026-05-18 15:06:03] [NEW_BEST] epoch=4 val_bce=0.597773 val_acc=0.8092 val_auc=0.7385
[2026-05-18 15:06:05] [Epoch 5] lr_max=4.81137e-06 lr_min=4.81137e-06 train_focal=0.033780 train_bce=0.609279 train_acc=0.6937 val_bce=0.628730 val_acc=0.7283 val_auc=0.7373
[2026-05-18 15:06:09] [Epoch 6] lr_max=4.72949e-06 lr_min=4.72949e-06 train_focal=0.028547 train_bce=0.555302 train_acc=0.7762 val_bce=0.572408 val_acc=0.7861 val_auc=0.7498
[2026-05-18 15:06:13] [NEW_BEST] epoch=6 val_bce=0.572408 val_acc=0.7861 val_auc=0.7498
[2026-05-18 15:06:15] [Epoch 7] lr_max=4.63388e-06 lr_min=4.63388e-06 train_focal=0.025985 train_bce=0.507658 train_acc=0.8084 val_bce=0.519162 val_acc=0.8150 val_auc=0.7561
[2026-05-18 15:06:16] [NEW_BEST] epoch=7 val_bce=0.519162 val_acc=0.8150 val_auc=0.7561
[2026-05-18 15:06:18] [Epoch 8] lr_max=4.5251e-06 lr_min=4.5251e-06 train_focal=0.025947 train_bce=0.500463 train_acc=0.7986 val_bce=0.530427 val_acc=0.7919 val_auc=0.7319
[2026-05-18 15:06:23] [Epoch 9] lr_max=4.40385e-06 lr_min=4.40385e-06 train_focal=0.021172 train_bce=0.439159 train_acc=0.8657 val_bce=0.515719 val_acc=0.8035 val_auc=0.7203
[2026-05-18 15:06:25] [NEW_BEST] epoch=9 val_bce=0.515719 val_acc=0.8035 val_auc=0.7203
[2026-05-18 15:06:27] [Epoch 10] lr_max=4.27085e-06 lr_min=4.27085e-06 train_focal=0.019602 train_bce=0.425245 train_acc=0.8531 val_bce=0.504514 val_acc=0.7977 val_auc=0.7075
[2026-05-18 15:06:29] [NEW_BEST] epoch=10 val_bce=0.504514 val_acc=0.7977 val_auc=0.7075
[2026-05-18 15:06:31] [Epoch 11] lr_max=4.12694e-06 lr_min=4.12694e-06 train_focal=0.019349 train_bce=0.397884 train_acc=0.8727 val_bce=0.495507 val_acc=0.8092 val_auc=0.7360
[2026-05-18 15:06:33] [NEW_BEST] epoch=11 val_bce=0.495507 val_acc=0.8092 val_auc=0.7360
[2026-05-18 15:06:35] [Epoch 12] lr_max=3.97299e-06 lr_min=3.97299e-06 train_focal=0.021892 train_bce=0.409320 train_acc=0.8476 val_bce=0.465486 val_acc=0.8208 val_auc=0.7450
[2026-05-18 15:06:37] [NEW_BEST] epoch=12 val_bce=0.465486 val_acc=0.8208 val_auc=0.7450
[2026-05-18 15:06:39] [Epoch 13] lr_max=3.80996e-06 lr_min=3.80996e-06 train_focal=0.016169 train_bce=0.374235 train_acc=0.9021 val_bce=0.458930 val_acc=0.8208 val_auc=0.7456
[2026-05-18 15:06:42] [NEW_BEST] epoch=13 val_bce=0.458930 val_acc=0.8208 val_auc=0.7456
[2026-05-18 15:06:44] [Epoch 14] lr_max=3.63886e-06 lr_min=3.63886e-06 train_focal=0.014433 train_bce=0.343143 train_acc=0.9119 val_bce=0.463784 val_acc=0.8208 val_auc=0.7517
[2026-05-18 15:06:48] [Epoch 15] lr_max=3.46074e-06 lr_min=3.46074e-06 train_focal=0.014820 train_bce=0.346290 train_acc=0.8951 val_bce=0.445389 val_acc=0.8324 val_auc=0.7518
[2026-05-18 15:06:49] [NEW_BEST] epoch=15 val_bce=0.445389 val_acc=0.8324 val_auc=0.7518
[2026-05-18 15:06:51] [Epoch 16] lr_max=3.27669e-06 lr_min=3.27669e-06 train_focal=0.015307 train_bce=0.303206 train_acc=0.9203 val_bce=0.447969 val_acc=0.8150 val_auc=0.7657
[2026-05-18 15:06:54] [Epoch 17] lr_max=3.08786e-06 lr_min=3.08786e-06 train_focal=0.011848 train_bce=0.310013 train_acc=0.9147 val_bce=0.437918 val_acc=0.8382 val_auc=0.7668
[2026-05-18 15:06:56] [NEW_BEST] epoch=17 val_bce=0.437918 val_acc=0.8382 val_auc=0.7668
[2026-05-18 15:06:58] [Epoch 18] lr_max=2.8954e-06 lr_min=2.8954e-06 train_focal=0.012556 train_bce=0.281034 train_acc=0.9343 val_bce=0.438273 val_acc=0.8266 val_auc=0.7705
[2026-05-18 15:07:02] [Epoch 19] lr_max=2.7005e-06 lr_min=2.7005e-06 train_focal=0.010386 train_bce=0.280218 train_acc=0.9301 val_bce=0.435714 val_acc=0.8497 val_auc=0.7748
[2026-05-18 15:07:04] [NEW_BEST] epoch=19 val_bce=0.435714 val_acc=0.8497 val_auc=0.7748
[2026-05-18 15:07:06] [Epoch 20] lr_max=2.50436e-06 lr_min=2.50436e-06 train_focal=0.011848 train_bce=0.267939 train_acc=0.9147 val_bce=0.437107 val_acc=0.8439 val_auc=0.7772
[2026-05-18 15:07:10] [Epoch 21] lr_max=2.3082e-06 lr_min=2.3082e-06 train_focal=0.009862 train_bce=0.256134 train_acc=0.9315 val_bce=0.437395 val_acc=0.8497 val_auc=0.7783
[2026-05-18 15:07:13] [Epoch 22] lr_max=2.11322e-06 lr_min=2.11322e-06 train_focal=0.009651 train_bce=0.245676 train_acc=0.9469 val_bce=0.458650 val_acc=0.8208 val_auc=0.7842
[2026-05-18 15:07:16] [Epoch 23] lr_max=1.92063e-06 lr_min=1.92063e-06 train_focal=0.008111 train_bce=0.212861 train_acc=0.9483 val_bce=0.456708 val_acc=0.8266 val_auc=0.7836
[2026-05-18 15:07:19] [Epoch 24] lr_max=1.73161e-06 lr_min=1.73161e-06 train_focal=0.008685 train_bce=0.230256 train_acc=0.9483 val_bce=0.456219 val_acc=0.8266 val_auc=0.7801
[2026-05-18 15:07:22] [Epoch 25] lr_max=1.54732e-06 lr_min=1.54732e-06 train_focal=0.009187 train_bce=0.240811 train_acc=0.9287 val_bce=0.448414 val_acc=0.8324 val_auc=0.7781
[2026-05-18 15:07:26] [Epoch 26] lr_max=1.36891e-06 lr_min=1.36891e-06 train_focal=0.008559 train_bce=0.232278 train_acc=0.9510 val_bce=0.439978 val_acc=0.8382 val_auc=0.7836
[2026-05-18 15:07:29] [Epoch 27] lr_max=1.19748e-06 lr_min=1.19748e-06 train_focal=0.008518 train_bce=0.220505 train_acc=0.9483 val_bce=0.441464 val_acc=0.8382 val_auc=0.7884
[2026-05-18 15:07:32] [Epoch 28] lr_max=1.03407e-06 lr_min=1.03407e-06 train_focal=0.007133 train_bce=0.230092 train_acc=0.9455 val_bce=0.454392 val_acc=0.8266 val_auc=0.7862
[2026-05-18 15:07:35] [Epoch 29] lr_max=8.797e-07 lr_min=8.797e-07 train_focal=0.007154 train_bce=0.206046 train_acc=0.9594 val_bce=0.447237 val_acc=0.8382 val_auc=0.7851
[2026-05-18 15:07:36] [early stop] Fold 3 at epoch 29
[2026-05-18 15:07:37] [saved learning curves] /data/Irene/SwinTransformer/Swin_Meta/Multimodal_outputs/training/swin_tiny/MULTIMODAL/MULTIMODAL_BS16_EP100_LR5e-06_WD0.01_FULL_FINETUNE_FL0.13_0.87_2_WSon_1_2.6/Kfold/fold3/learning_curves.png
[2026-05-18 15:07:38] [TS] T*=1.000000 | NLL None->None
[2026-05-18 15:07:38] [saved checkpoint] /data/Irene/SwinTransformer/Swin_Meta/Multimodal_outputs/checkpoints/swin_tiny/MULTIMODAL/MULTIMODAL_BS16_EP100_LR5e-06_WD0.01_FULL_FINETUNE_FL0.13_0.87_2_WSon_1_2.6/Kfold/fold3/model_best.pth
[2026-05-18 15:07:39] [saved OOF] /data/Irene/SwinTransformer/Swin_Meta/Multimodal_outputs/training/swin_tiny/MULTIMODAL/MULTIMODAL_BS16_EP100_LR5e-06_WD0.01_FULL_FINETUNE_FL0.13_0.87_2_WSon_1_2.6/Kfold/fold3/val_oof_predictions_fold3.csv
