[2026-03-30 04:22:16]   [unfreeze] blocks[4]
[2026-03-30 04:22:16]   [unfreeze] blocks[5]
[2026-03-30 04:22:16]   [unfreeze] blocks[6]
[2026-03-30 04:22:16]   [unfreeze] conv_head
[2026-03-30 04:22:16]   [unfreeze] bn2
[2026-03-30 04:22:16]   [unfreeze] classifier
[2026-03-30 04:22:16]   [PARTIAL_FINETUNE] trainable=3,700,169 / total=4,008,829 (92.3%)
[2026-03-30 04:22:16] Start Fold 5 | MODEL=efficientnet_b0(efficientnet_b0) MODALITY=OCTA3 BS=16 EP=100 LR=7e-06 WD=0.01 UNFREEZE_MODE=PARTIAL_FINETUNE DROP_RATE=0.2 FocalAlpha=[0.13, 0.87] FocalGamma=2.0
[2026-03-30 04:22:18] [Epoch 1] lr_max=6.98966e-06 lr_min=6.98966e-07 train_focal=1.475268 train_bce=2.874458 train_acc=0.5193 val_bce=1.383165 val_acc=0.6788 val_auc=0.7396
[2026-03-30 04:22:18] [NEW_BEST] epoch=1 val_bce=1.383165 val_acc=0.6788 val_auc=0.7396
[2026-03-30 04:22:20] [Epoch 2] lr_max=6.95782e-06 lr_min=6.95782e-07 train_focal=1.323580 train_bce=2.693526 train_acc=0.5313 val_bce=1.540709 val_acc=0.6642 val_auc=0.7500
[2026-03-30 04:22:21] [Epoch 3] lr_max=6.90466e-06 lr_min=6.90466e-07 train_focal=1.227902 train_bce=2.650076 train_acc=0.5100 val_bce=1.553563 val_acc=0.6423 val_auc=0.7292
[2026-03-30 04:22:23] [Epoch 4] lr_max=6.8305e-06 lr_min=6.8305e-07 train_focal=1.256068 train_bce=2.737865 train_acc=0.5073 val_bce=1.619902 val_acc=0.6350 val_auc=0.7266
[2026-03-30 04:22:25] [Epoch 5] lr_max=6.73581e-06 lr_min=6.73581e-07 train_focal=1.220013 train_bce=2.661407 train_acc=0.5126 val_bce=1.818330 val_acc=0.5985 val_auc=0.7578
[2026-03-30 04:22:27] [Epoch 6] lr_max=6.62117e-06 lr_min=6.62117e-07 train_focal=1.132981 train_bce=2.544494 train_acc=0.5073 val_bce=1.832155 val_acc=0.5693 val_auc=0.7595
[2026-03-30 04:22:28] [Epoch 7] lr_max=6.48729e-06 lr_min=6.48729e-07 train_focal=1.059169 train_bce=2.310549 train_acc=0.5126 val_bce=1.790557 val_acc=0.5839 val_auc=0.7700
[2026-03-30 04:22:30] [Epoch 8] lr_max=6.33499e-06 lr_min=6.33499e-07 train_focal=0.982020 train_bce=2.428114 train_acc=0.5393 val_bce=1.819245 val_acc=0.5766 val_auc=0.7734
[2026-03-30 04:22:32] [Epoch 9] lr_max=6.16522e-06 lr_min=6.16522e-07 train_focal=0.978810 train_bce=2.333261 train_acc=0.5406 val_bce=2.098253 val_acc=0.5328 val_auc=0.7604
[2026-03-30 04:22:33] [Epoch 10] lr_max=5.97901e-06 lr_min=5.97901e-07 train_focal=0.789179 train_bce=2.273581 train_acc=0.5513 val_bce=2.165351 val_acc=0.5328 val_auc=0.7526
[2026-03-30 04:22:35] [Epoch 11] lr_max=5.77751e-06 lr_min=5.77751e-07 train_focal=0.801149 train_bce=2.185581 train_acc=0.5300 val_bce=2.449394 val_acc=0.4818 val_auc=0.7765
[2026-03-30 04:22:35] [early stop] Fold 5 at epoch 11
[2026-03-30 04:22:35] [saved learning curves] /data/Irene/SwinTransformer/Swin_Meta/EffNetB0_outputs/training/efficientnet_b0/Partial_B4_6/OCTA3/BS16_EP100_LR7e-06_WD0.01_PARTIAL_FINETUNE_DR0.2_FL0.13_0.87_2_WSon_1_2.6/Kfold/fold5/learning_curves.png
[2026-03-30 04:22:41] [TS] T*=6.460406 | NLL 1.383164644241333->0.5979325771331787
[2026-03-30 04:22:41] [saved checkpoint] /data/Irene/SwinTransformer/Swin_Meta/checkpoints/efficientnet_b0/Partial_B4_6/OCTA3/BS16_EP100_LR7e-06_WD0.01_PARTIAL_FINETUNE_DR0.2_FL0.13_0.87_2_WSon_1_2.6/Kfold/fold5/model_best.pth
[2026-03-30 04:22:41] [saved OOF] /data/Irene/SwinTransformer/Swin_Meta/EffNetB0_outputs/training/efficientnet_b0/Partial_B4_6/OCTA3/BS16_EP100_LR7e-06_WD0.01_PARTIAL_FINETUNE_DR0.2_FL0.13_0.87_2_WSon_1_2.6/Kfold/fold5/val_oof_predictions_fold5.csv
