[2026-03-30 04:35:47]   [unfreeze] blocks[4]
[2026-03-30 04:35:47]   [unfreeze] blocks[5]
[2026-03-30 04:35:47]   [unfreeze] blocks[6]
[2026-03-30 04:35:47]   [unfreeze] conv_head
[2026-03-30 04:35:47]   [unfreeze] bn2
[2026-03-30 04:35:47]   [unfreeze] classifier
[2026-03-30 04:35:47]   [PARTIAL_FINETUNE] trainable=3,700,169 / total=4,008,829 (92.3%)
[2026-03-30 04:35:47] Start Fold 2 | MODEL=efficientnet_b0(efficientnet_b0) MODALITY=OCTA3 BS=16 EP=100 LR=8e-06 WD=0.01 UNFREEZE_MODE=PARTIAL_FINETUNE DROP_RATE=0.2 FocalAlpha=[0.13, 0.87] FocalGamma=2.0
[2026-03-30 04:35:49] [Epoch 1] lr_max=7.98822e-06 lr_min=7.98822e-07 train_focal=0.963015 train_bce=2.404366 train_acc=0.5422 val_bce=1.494543 val_acc=0.6931 val_auc=0.4785
[2026-03-30 04:35:50] [NEW_BEST] epoch=1 val_bce=1.494543 val_acc=0.6931 val_auc=0.4785
[2026-03-30 04:35:52] [Epoch 2] lr_max=7.95186e-06 lr_min=7.95186e-07 train_focal=1.067876 train_bce=2.492474 train_acc=0.5165 val_bce=1.523718 val_acc=0.6720 val_auc=0.4875
[2026-03-30 04:35:53] [Epoch 3] lr_max=7.89114e-06 lr_min=7.89114e-07 train_focal=0.999834 train_bce=2.421365 train_acc=0.5536 val_bce=1.645598 val_acc=0.6508 val_auc=0.4927
[2026-03-30 04:35:55] [Epoch 4] lr_max=7.80643e-06 lr_min=7.80643e-07 train_focal=0.858508 train_bce=2.239857 train_acc=0.5522 val_bce=1.464578 val_acc=0.6825 val_auc=0.4993
[2026-03-30 04:35:56] [NEW_BEST] epoch=4 val_bce=1.464578 val_acc=0.6825 val_auc=0.4993
[2026-03-30 04:35:58] [Epoch 5] lr_max=7.69824e-06 lr_min=7.69824e-07 train_focal=0.839861 train_bce=2.176225 train_acc=0.5293 val_bce=1.595059 val_acc=0.6296 val_auc=0.5052
[2026-03-30 04:35:59] [Epoch 6] lr_max=7.56726e-06 lr_min=7.56726e-07 train_focal=0.683575 train_bce=2.051010 train_acc=0.5622 val_bce=1.598043 val_acc=0.6455 val_auc=0.5052
[2026-03-30 04:36:01] [Epoch 7] lr_max=7.41429e-06 lr_min=7.41429e-07 train_focal=0.694546 train_bce=2.096261 train_acc=0.5651 val_bce=1.690672 val_acc=0.6243 val_auc=0.5134
[2026-03-30 04:36:03] [Epoch 8] lr_max=7.24026e-06 lr_min=7.24026e-07 train_focal=0.798120 train_bce=2.270235 train_acc=0.5279 val_bce=1.652887 val_acc=0.6296 val_auc=0.5146
[2026-03-30 04:36:05] [Epoch 9] lr_max=7.04626e-06 lr_min=7.04626e-07 train_focal=0.726209 train_bce=2.186925 train_acc=0.5494 val_bce=1.616640 val_acc=0.6349 val_auc=0.5276
[2026-03-30 04:36:06] [Epoch 10] lr_max=6.83347e-06 lr_min=6.83347e-07 train_focal=0.639832 train_bce=1.889766 train_acc=0.5765 val_bce=1.682413 val_acc=0.6085 val_auc=0.5205
[2026-03-30 04:36:09] [Epoch 11] lr_max=6.60322e-06 lr_min=6.60322e-07 train_focal=0.542855 train_bce=1.931204 train_acc=0.5637 val_bce=1.678887 val_acc=0.6032 val_auc=0.5139
[2026-03-30 04:36:11] [Epoch 12] lr_max=6.35691e-06 lr_min=6.35691e-07 train_focal=0.681904 train_bce=2.076889 train_acc=0.5651 val_bce=1.818851 val_acc=0.6032 val_auc=0.5191
[2026-03-30 04:36:12] [Epoch 13] lr_max=6.09608e-06 lr_min=6.09608e-07 train_focal=0.624334 train_bce=2.043637 train_acc=0.5494 val_bce=1.698503 val_acc=0.6085 val_auc=0.5304
[2026-03-30 04:36:14] [Epoch 14] lr_max=5.82232e-06 lr_min=5.82232e-07 train_focal=0.568615 train_bce=1.997603 train_acc=0.5622 val_bce=1.829876 val_acc=0.5979 val_auc=0.5333
[2026-03-30 04:36:15] [early stop] Fold 2 at epoch 14
[2026-03-30 04:36:15] [saved learning curves] /data/Irene/SwinTransformer/Swin_Meta/EffNetB0_outputs/training/efficientnet_b0/Partial_B4_6/OCTA3/BS16_EP100_LR8e-06_WD0.01_PARTIAL_FINETUNE_DR0.2_FL0.13_0.87_2_WSon_1_2.6/Kfold/fold2/learning_curves.png
[2026-03-30 04:36:21] [TS] T*=6.965010 | NLL 1.4645782709121704->0.5980187058448792
[2026-03-30 04:36:21] [saved checkpoint] /data/Irene/SwinTransformer/Swin_Meta/checkpoints/efficientnet_b0/Partial_B4_6/OCTA3/BS16_EP100_LR8e-06_WD0.01_PARTIAL_FINETUNE_DR0.2_FL0.13_0.87_2_WSon_1_2.6/Kfold/fold2/model_best.pth
[2026-03-30 04:36:21] [saved OOF] /data/Irene/SwinTransformer/Swin_Meta/EffNetB0_outputs/training/efficientnet_b0/Partial_B4_6/OCTA3/BS16_EP100_LR8e-06_WD0.01_PARTIAL_FINETUNE_DR0.2_FL0.13_0.87_2_WSon_1_2.6/Kfold/fold2/val_oof_predictions_fold2.csv
