[2026-05-18 14:18:10] Start Fold 3 | MODEL=swin_tiny(swin_tiny_patch4_window7_224) MODALITY=MULTIMODAL IMG=224x448 BS=16 EP=100 LR=2e-06 WD=0.01 UNFREEZE_MODE=FULL_FINETUNE FocalAlpha=[0.13, 0.87] FocalGamma=2.0
[2026-05-18 14:18:14] [Epoch 1] lr_max=1.99705e-06 lr_min=1.99705e-06 train_focal=0.048717 train_bce=0.765196 train_acc=0.2629 val_bce=0.683083 val_acc=0.5607 val_auc=0.4758
[2026-05-18 14:18:16] [NEW_BEST] epoch=1 val_bce=0.683083 val_acc=0.5607 val_auc=0.4758
[2026-05-18 14:18:21] [Epoch 2] lr_max=1.98796e-06 lr_min=1.98796e-06 train_focal=0.046501 train_bce=0.739416 train_acc=0.3217 val_bce=0.681799 val_acc=0.5549 val_auc=0.5850
[2026-05-18 14:18:22] [NEW_BEST] epoch=2 val_bce=0.681799 val_acc=0.5549 val_auc=0.5850
[2026-05-18 14:18:27] [Epoch 3] lr_max=1.97278e-06 lr_min=1.97278e-06 train_focal=0.042859 train_bce=0.715155 train_acc=0.4154 val_bce=0.650016 val_acc=0.7052 val_auc=0.6595
[2026-05-18 14:18:29] [NEW_BEST] epoch=3 val_bce=0.650016 val_acc=0.7052 val_auc=0.6595
[2026-05-18 14:18:34] [Epoch 4] lr_max=1.95159e-06 lr_min=1.95159e-06 train_focal=0.042807 train_bce=0.710030 train_acc=0.4545 val_bce=0.649073 val_acc=0.7225 val_auc=0.7127
[2026-05-18 14:18:36] [NEW_BEST] epoch=4 val_bce=0.649073 val_acc=0.7225 val_auc=0.7127
[2026-05-18 14:18:41] [Epoch 5] lr_max=1.92455e-06 lr_min=1.92455e-06 train_focal=0.040121 train_bce=0.690415 train_acc=0.5175 val_bce=0.630047 val_acc=0.7283 val_auc=0.7221
[2026-05-18 14:18:44] [NEW_BEST] epoch=5 val_bce=0.630047 val_acc=0.7283 val_auc=0.7221
[2026-05-18 14:18:49] [Epoch 6] lr_max=1.8918e-06 lr_min=1.8918e-06 train_focal=0.036905 train_bce=0.663298 train_acc=0.5972 val_bce=0.617874 val_acc=0.7225 val_auc=0.7295
[2026-05-18 14:18:51] [NEW_BEST] epoch=6 val_bce=0.617874 val_acc=0.7225 val_auc=0.7295
[2026-05-18 14:18:54] [Epoch 7] lr_max=1.85355e-06 lr_min=1.85355e-06 train_focal=0.037215 train_bce=0.657151 train_acc=0.6028 val_bce=0.635400 val_acc=0.6936 val_auc=0.7299
[2026-05-18 14:18:59] [Epoch 8] lr_max=1.81004e-06 lr_min=1.81004e-06 train_focal=0.034148 train_bce=0.629371 train_acc=0.6643 val_bce=0.583654 val_acc=0.7688 val_auc=0.7404
[2026-05-18 14:19:00] [NEW_BEST] epoch=8 val_bce=0.583654 val_acc=0.7688 val_auc=0.7404
[2026-05-18 14:19:05] [Epoch 9] lr_max=1.76154e-06 lr_min=1.76154e-06 train_focal=0.036416 train_bce=0.625059 train_acc=0.6476 val_bce=0.626889 val_acc=0.6936 val_auc=0.7310
[2026-05-18 14:19:12] [Epoch 10] lr_max=1.70834e-06 lr_min=1.70834e-06 train_focal=0.030874 train_bce=0.593234 train_acc=0.7329 val_bce=0.601153 val_acc=0.7514 val_auc=0.7297
[2026-05-18 14:19:19] [Epoch 11] lr_max=1.65077e-06 lr_min=1.65077e-06 train_focal=0.033391 train_bce=0.607330 train_acc=0.7007 val_bce=0.590173 val_acc=0.7688 val_auc=0.7334
[2026-05-18 14:19:25] [Epoch 12] lr_max=1.5892e-06 lr_min=1.5892e-06 train_focal=0.030611 train_bce=0.574798 train_acc=0.7343 val_bce=0.582723 val_acc=0.7688 val_auc=0.7328
[2026-05-18 14:19:27] [NEW_BEST] epoch=12 val_bce=0.582723 val_acc=0.7688 val_auc=0.7328
[2026-05-18 14:19:32] [Epoch 13] lr_max=1.52399e-06 lr_min=1.52399e-06 train_focal=0.031424 train_bce=0.585248 train_acc=0.7259 val_bce=0.585770 val_acc=0.7688 val_auc=0.7241
[2026-05-18 14:19:39] [Epoch 14] lr_max=1.45554e-06 lr_min=1.45554e-06 train_focal=0.028802 train_bce=0.558438 train_acc=0.7776 val_bce=0.557892 val_acc=0.7746 val_auc=0.7326
[2026-05-18 14:19:41] [NEW_BEST] epoch=14 val_bce=0.557892 val_acc=0.7746 val_auc=0.7326
[2026-05-18 14:19:46] [Epoch 15] lr_max=1.3843e-06 lr_min=1.3843e-06 train_focal=0.026709 train_bce=0.549832 train_acc=0.7566 val_bce=0.551345 val_acc=0.7861 val_auc=0.7358
[2026-05-18 14:19:48] [NEW_BEST] epoch=15 val_bce=0.551345 val_acc=0.7861 val_auc=0.7358
[2026-05-18 14:19:53] [Epoch 16] lr_max=1.31068e-06 lr_min=1.31068e-06 train_focal=0.030109 train_bce=0.546816 train_acc=0.7720 val_bce=0.556429 val_acc=0.7746 val_auc=0.7397
[2026-05-18 14:19:58] [Epoch 17] lr_max=1.23514e-06 lr_min=1.23514e-06 train_focal=0.025074 train_bce=0.532523 train_acc=0.7790 val_bce=0.532669 val_acc=0.7803 val_auc=0.7411
[2026-05-18 14:19:59] [NEW_BEST] epoch=17 val_bce=0.532669 val_acc=0.7803 val_auc=0.7411
[2026-05-18 14:20:03] [Epoch 18] lr_max=1.15816e-06 lr_min=1.15816e-06 train_focal=0.024806 train_bce=0.505640 train_acc=0.8084 val_bce=0.531651 val_acc=0.7977 val_auc=0.7367
[2026-05-18 14:20:05] [NEW_BEST] epoch=18 val_bce=0.531651 val_acc=0.7977 val_auc=0.7367
[2026-05-18 14:20:10] [Epoch 19] lr_max=1.0802e-06 lr_min=1.0802e-06 train_focal=0.026416 train_bce=0.499643 train_acc=0.8056 val_bce=0.543164 val_acc=0.7803 val_auc=0.7409
[2026-05-18 14:20:15] [Epoch 20] lr_max=1.00175e-06 lr_min=1.00175e-06 train_focal=0.021794 train_bce=0.477060 train_acc=0.8364 val_bce=0.514767 val_acc=0.7977 val_auc=0.7413
[2026-05-18 14:20:17] [NEW_BEST] epoch=20 val_bce=0.514767 val_acc=0.7977 val_auc=0.7413
[2026-05-18 14:20:20] [Epoch 21] lr_max=9.23281e-07 lr_min=9.23281e-07 train_focal=0.022795 train_bce=0.470216 train_acc=0.8350 val_bce=0.514800 val_acc=0.7977 val_auc=0.7421
[2026-05-18 14:20:22] [NEW_BEST] epoch=21 val_bce=0.514800 val_acc=0.7977 val_auc=0.7421
[2026-05-18 14:20:28] [Epoch 22] lr_max=8.4529e-07 lr_min=8.4529e-07 train_focal=0.021033 train_bce=0.460096 train_acc=0.8490 val_bce=0.514183 val_acc=0.7977 val_auc=0.7380
[2026-05-18 14:20:29] [NEW_BEST] epoch=22 val_bce=0.514183 val_acc=0.7977 val_auc=0.7380
[2026-05-18 14:20:32] [Epoch 23] lr_max=7.68252e-07 lr_min=7.68252e-07 train_focal=0.020757 train_bce=0.464173 train_acc=0.8462 val_bce=0.505944 val_acc=0.8035 val_auc=0.7404
[2026-05-18 14:20:34] [NEW_BEST] epoch=23 val_bce=0.505944 val_acc=0.8035 val_auc=0.7404
[2026-05-18 14:20:37] [Epoch 24] lr_max=6.92643e-07 lr_min=6.92643e-07 train_focal=0.023898 train_bce=0.477768 train_acc=0.8210 val_bce=0.512340 val_acc=0.8035 val_auc=0.7365
[2026-05-18 14:20:44] [Epoch 25] lr_max=6.1893e-07 lr_min=6.1893e-07 train_focal=0.022910 train_bce=0.469924 train_acc=0.8406 val_bce=0.509137 val_acc=0.8035 val_auc=0.7367
[2026-05-18 14:20:51] [Epoch 26] lr_max=5.47565e-07 lr_min=5.47565e-07 train_focal=0.019353 train_bce=0.432546 train_acc=0.8783 val_bce=0.512241 val_acc=0.8035 val_auc=0.7389
[2026-05-18 14:20:58] [Epoch 27] lr_max=4.7899e-07 lr_min=4.7899e-07 train_focal=0.022429 train_bce=0.472645 train_acc=0.8210 val_bce=0.504243 val_acc=0.8092 val_auc=0.7384
[2026-05-18 14:21:00] [NEW_BEST] epoch=27 val_bce=0.504243 val_acc=0.8092 val_auc=0.7384
[2026-05-18 14:21:05] [Epoch 28] lr_max=4.13628e-07 lr_min=4.13628e-07 train_focal=0.021006 train_bce=0.448200 train_acc=0.8671 val_bce=0.514726 val_acc=0.7977 val_auc=0.7354
[2026-05-18 14:21:12] [Epoch 29] lr_max=3.5188e-07 lr_min=3.5188e-07 train_focal=0.020074 train_bce=0.445001 train_acc=0.8350 val_bce=0.505008 val_acc=0.8092 val_auc=0.7369
[2026-05-18 14:21:16] [Epoch 30] lr_max=2.94128e-07 lr_min=2.94128e-07 train_focal=0.021653 train_bce=0.448232 train_acc=0.8531 val_bce=0.504297 val_acc=0.8092 val_auc=0.7367
[2026-05-18 14:21:21] [Epoch 31] lr_max=2.40729e-07 lr_min=2.40729e-07 train_focal=0.021387 train_bce=0.464038 train_acc=0.8322 val_bce=0.499934 val_acc=0.8150 val_auc=0.7374
[2026-05-18 14:21:23] [NEW_BEST] epoch=31 val_bce=0.499934 val_acc=0.8150 val_auc=0.7374
[2026-05-18 14:21:29] [Epoch 32] lr_max=1.9201e-07 lr_min=1.9201e-07 train_focal=0.019575 train_bce=0.434269 train_acc=0.8769 val_bce=0.501857 val_acc=0.8150 val_auc=0.7365
[2026-05-18 14:21:36] [Epoch 33] lr_max=1.48273e-07 lr_min=1.48273e-07 train_focal=0.020409 train_bce=0.434208 train_acc=0.8657 val_bce=0.504816 val_acc=0.8092 val_auc=0.7348
[2026-05-18 14:21:44] [Epoch 34] lr_max=1.09787e-07 lr_min=1.09787e-07 train_focal=0.020259 train_bce=0.453721 train_acc=0.8601 val_bce=0.501227 val_acc=0.8150 val_auc=0.7350
[2026-05-18 14:21:51] [Epoch 35] lr_max=7.67898e-08 lr_min=7.67898e-08 train_focal=0.019968 train_bce=0.437001 train_acc=0.8657 val_bce=0.500071 val_acc=0.8150 val_auc=0.7354
[2026-05-18 14:21:59] [Epoch 36] lr_max=4.94843e-08 lr_min=4.94843e-08 train_focal=0.021808 train_bce=0.444496 train_acc=0.8531 val_bce=0.500411 val_acc=0.8150 val_auc=0.7348
[2026-05-18 14:22:07] [Epoch 37] lr_max=2.8039e-08 lr_min=2.8039e-08 train_focal=0.021011 train_bce=0.441630 train_acc=0.8545 val_bce=0.500939 val_acc=0.8150 val_auc=0.7347
[2026-05-18 14:22:14] [Epoch 38] lr_max=1.25862e-08 lr_min=1.25862e-08 train_focal=0.019505 train_bce=0.426524 train_acc=0.8713 val_bce=0.501213 val_acc=0.8150 val_auc=0.7348
[2026-05-18 14:22:21] [Epoch 39] lr_max=3.22112e-09 lr_min=3.22112e-09 train_focal=0.018645 train_bce=0.437215 train_acc=0.8531 val_bce=0.500952 val_acc=0.8150 val_auc=0.7350
[2026-05-18 14:22:27] [Epoch 40] lr_max=1.52309e-12 lr_min=1.52309e-12 train_focal=0.022506 train_bce=0.436167 train_acc=0.8657 val_bce=0.500975 val_acc=0.8150 val_auc=0.7350
[2026-05-18 14:22:33] [Epoch 41] lr_max=1.99926e-06 lr_min=1.99926e-06 train_focal=0.019610 train_bce=0.430675 train_acc=0.8671 val_bce=0.501188 val_acc=0.8092 val_auc=0.7330
[2026-05-18 14:22:34] [early stop] Fold 3 at epoch 41
[2026-05-18 14:22:34] [saved learning curves] /data/Irene/SwinTransformer/Swin_Meta/Multimodal_outputs/training/swin_tiny/MULTIMODAL/MULTIMODAL_BS16_EP100_LR2e-06_WD0.01_FULL_FINETUNE_FL0.13_0.87_2_WSon_1_2.6/Kfold/fold3/learning_curves.png
[2026-05-18 14:22:36] [TS] T*=1.000000 | NLL None->None
[2026-05-18 14:22:36] [saved checkpoint] /data/Irene/SwinTransformer/Swin_Meta/Multimodal_outputs/checkpoints/swin_tiny/MULTIMODAL/MULTIMODAL_BS16_EP100_LR2e-06_WD0.01_FULL_FINETUNE_FL0.13_0.87_2_WSon_1_2.6/Kfold/fold3/model_best.pth
[2026-05-18 14:22:36] [saved OOF] /data/Irene/SwinTransformer/Swin_Meta/Multimodal_outputs/training/swin_tiny/MULTIMODAL/MULTIMODAL_BS16_EP100_LR2e-06_WD0.01_FULL_FINETUNE_FL0.13_0.87_2_WSon_1_2.6/Kfold/fold3/val_oof_predictions_fold3.csv
