[2026-03-30 04:46:32]   [unfreeze] blocks[4]
[2026-03-30 04:46:32]   [unfreeze] blocks[5]
[2026-03-30 04:46:32]   [unfreeze] blocks[6]
[2026-03-30 04:46:32]   [unfreeze] conv_head
[2026-03-30 04:46:32]   [unfreeze] bn2
[2026-03-30 04:46:32]   [unfreeze] classifier
[2026-03-30 04:46:32]   [PARTIAL_FINETUNE] trainable=3,700,169 / total=4,008,829 (92.3%)
[2026-03-30 04:46:32] Start Fold 3 | MODEL=efficientnet_b0(efficientnet_b0) MODALITY=OCTA3 BS=16 EP=100 LR=1e-05 WD=0.01 UNFREEZE_MODE=PARTIAL_FINETUNE DROP_RATE=0.2 FocalAlpha=[0.13, 0.87] FocalGamma=2.0
[2026-03-30 04:46:33] [Epoch 1] lr_max=9.98526e-06 lr_min=9.98526e-07 train_focal=0.615395 train_bce=3.152622 train_acc=0.4615 val_bce=3.680685 val_acc=0.4335 val_auc=0.6005
[2026-03-30 04:46:34] [NEW_BEST] epoch=1 val_bce=3.680685 val_acc=0.4335 val_auc=0.6005
[2026-03-30 04:46:35] [Epoch 2] lr_max=9.9398e-06 lr_min=9.9398e-07 train_focal=0.568981 train_bce=3.040870 train_acc=0.4587 val_bce=3.489511 val_acc=0.4335 val_auc=0.6200
[2026-03-30 04:46:35] [NEW_BEST] epoch=2 val_bce=3.489511 val_acc=0.4335 val_auc=0.6200
[2026-03-30 04:46:36] [Epoch 3] lr_max=9.86388e-06 lr_min=9.86388e-07 train_focal=0.575483 train_bce=2.948087 train_acc=0.4573 val_bce=3.273363 val_acc=0.4451 val_auc=0.6180
[2026-03-30 04:46:36] [NEW_BEST] epoch=3 val_bce=3.273363 val_acc=0.4451 val_auc=0.6180
[2026-03-30 04:46:37] [Epoch 4] lr_max=9.75797e-06 lr_min=9.75797e-07 train_focal=0.494478 train_bce=2.592831 train_acc=0.5063 val_bce=3.337099 val_acc=0.4162 val_auc=0.6283
[2026-03-30 04:46:38] [Epoch 5] lr_max=9.62273e-06 lr_min=9.62273e-07 train_focal=0.499147 train_bce=2.772365 train_acc=0.4909 val_bce=3.244138 val_acc=0.4393 val_auc=0.6187
[2026-03-30 04:46:38] [NEW_BEST] epoch=5 val_bce=3.244138 val_acc=0.4393 val_auc=0.6187
[2026-03-30 04:46:39] [Epoch 6] lr_max=9.45899e-06 lr_min=9.45899e-07 train_focal=0.603654 train_bce=2.654999 train_acc=0.4755 val_bce=3.310507 val_acc=0.4509 val_auc=0.6387
[2026-03-30 04:46:41] [Epoch 7] lr_max=9.26775e-06 lr_min=9.26775e-07 train_focal=0.595085 train_bce=2.671959 train_acc=0.5077 val_bce=3.077224 val_acc=0.4624 val_auc=0.6373
[2026-03-30 04:46:41] [NEW_BEST] epoch=7 val_bce=3.077224 val_acc=0.4624 val_auc=0.6373
[2026-03-30 04:46:42] [Epoch 8] lr_max=9.05021e-06 lr_min=9.05021e-07 train_focal=0.513891 train_bce=2.391002 train_acc=0.5063 val_bce=3.039441 val_acc=0.4509 val_auc=0.6301
[2026-03-30 04:46:42] [NEW_BEST] epoch=8 val_bce=3.039441 val_acc=0.4509 val_auc=0.6301
[2026-03-30 04:46:43] [Epoch 9] lr_max=8.80769e-06 lr_min=8.80769e-07 train_focal=0.480691 train_bce=2.478224 train_acc=0.5119 val_bce=3.187400 val_acc=0.4335 val_auc=0.6378
[2026-03-30 04:46:44] [Epoch 10] lr_max=8.5417e-06 lr_min=8.5417e-07 train_focal=0.468641 train_bce=2.416480 train_acc=0.5189 val_bce=2.985853 val_acc=0.4566 val_auc=0.6505
[2026-03-30 04:46:45] [NEW_BEST] epoch=10 val_bce=2.985853 val_acc=0.4566 val_auc=0.6505
[2026-03-30 04:46:46] [Epoch 11] lr_max=8.25387e-06 lr_min=8.25387e-07 train_focal=0.441554 train_bce=2.231182 train_acc=0.5413 val_bce=3.065995 val_acc=0.4509 val_auc=0.6305
[2026-03-30 04:46:47] [Epoch 12] lr_max=7.94598e-06 lr_min=7.94598e-07 train_focal=0.397977 train_bce=2.087723 train_acc=0.5413 val_bce=2.650927 val_acc=0.4798 val_auc=0.6355
[2026-03-30 04:46:48] [NEW_BEST] epoch=12 val_bce=2.650927 val_acc=0.4798 val_auc=0.6355
[2026-03-30 04:46:49] [Epoch 13] lr_max=7.61993e-06 lr_min=7.61993e-07 train_focal=0.457294 train_bce=2.253181 train_acc=0.5357 val_bce=2.532601 val_acc=0.4913 val_auc=0.6518
[2026-03-30 04:46:49] [NEW_BEST] epoch=13 val_bce=2.532601 val_acc=0.4913 val_auc=0.6518
[2026-03-30 04:46:50] [Epoch 14] lr_max=7.27772e-06 lr_min=7.27772e-07 train_focal=0.420311 train_bce=2.206051 train_acc=0.5329 val_bce=2.426965 val_acc=0.5029 val_auc=0.6517
[2026-03-30 04:46:50] [NEW_BEST] epoch=14 val_bce=2.426965 val_acc=0.5029 val_auc=0.6517
[2026-03-30 04:46:51] [Epoch 15] lr_max=6.92148e-06 lr_min=6.92148e-07 train_focal=0.417772 train_bce=2.037049 train_acc=0.5804 val_bce=2.355575 val_acc=0.5202 val_auc=0.6475
[2026-03-30 04:46:52] [NEW_BEST] epoch=15 val_bce=2.355575 val_acc=0.5202 val_auc=0.6475
[2026-03-30 04:46:53] [Epoch 16] lr_max=6.55338e-06 lr_min=6.55338e-07 train_focal=0.460010 train_bce=2.063259 train_acc=0.5469 val_bce=2.338479 val_acc=0.5202 val_auc=0.6439
[2026-03-30 04:46:53] [NEW_BEST] epoch=16 val_bce=2.338479 val_acc=0.5202 val_auc=0.6439
[2026-03-30 04:46:54] [Epoch 17] lr_max=6.17571e-06 lr_min=6.17571e-07 train_focal=0.420693 train_bce=2.166878 train_acc=0.5594 val_bce=2.434243 val_acc=0.5087 val_auc=0.6567
[2026-03-30 04:46:55] [Epoch 18] lr_max=5.79079e-06 lr_min=5.79079e-07 train_focal=0.424020 train_bce=1.900592 train_acc=0.6056 val_bce=2.085037 val_acc=0.5260 val_auc=0.6556
[2026-03-30 04:46:55] [NEW_BEST] epoch=18 val_bce=2.085037 val_acc=0.5260 val_auc=0.6556
[2026-03-30 04:46:57] [Epoch 19] lr_max=5.40099e-06 lr_min=5.40099e-07 train_focal=0.444412 train_bce=1.992378 train_acc=0.5664 val_bce=2.288960 val_acc=0.5260 val_auc=0.6692
[2026-03-30 04:46:58] [Epoch 20] lr_max=5.00873e-06 lr_min=5.00873e-07 train_focal=0.386983 train_bce=1.875800 train_acc=0.5930 val_bce=2.318945 val_acc=0.4913 val_auc=0.6642
[2026-03-30 04:46:59] [Epoch 21] lr_max=4.6164e-06 lr_min=4.6164e-07 train_focal=0.407046 train_bce=1.711649 train_acc=0.6406 val_bce=2.235365 val_acc=0.5087 val_auc=0.6517
[2026-03-30 04:47:00] [Epoch 22] lr_max=4.22645e-06 lr_min=4.22645e-07 train_focal=0.350222 train_bce=1.740804 train_acc=0.5958 val_bce=2.180504 val_acc=0.5145 val_auc=0.6556
[2026-03-30 04:47:02] [Epoch 23] lr_max=3.84126e-06 lr_min=3.84126e-07 train_focal=0.340011 train_bce=1.570782 train_acc=0.6364 val_bce=2.095355 val_acc=0.5202 val_auc=0.6482
[2026-03-30 04:47:03] [Epoch 24] lr_max=3.46322e-06 lr_min=3.46322e-07 train_focal=0.392759 train_bce=1.762335 train_acc=0.5930 val_bce=2.343216 val_acc=0.5029 val_auc=0.6544
[2026-03-30 04:47:04] [Epoch 25] lr_max=3.09465e-06 lr_min=3.09465e-07 train_focal=0.377305 train_bce=1.834810 train_acc=0.5636 val_bce=1.950055 val_acc=0.5434 val_auc=0.6620
[2026-03-30 04:47:04] [NEW_BEST] epoch=25 val_bce=1.950055 val_acc=0.5434 val_auc=0.6620
[2026-03-30 04:47:05] [Epoch 26] lr_max=2.73783e-06 lr_min=2.73783e-07 train_focal=0.453703 train_bce=1.669043 train_acc=0.6070 val_bce=1.934153 val_acc=0.5607 val_auc=0.6703
[2026-03-30 04:47:06] [NEW_BEST] epoch=26 val_bce=1.934153 val_acc=0.5607 val_auc=0.6703
[2026-03-30 04:47:07] [Epoch 27] lr_max=2.39495e-06 lr_min=2.39495e-07 train_focal=0.402932 train_bce=1.722332 train_acc=0.6042 val_bce=1.741857 val_acc=0.5780 val_auc=0.6649
[2026-03-30 04:47:07] [NEW_BEST] epoch=27 val_bce=1.741857 val_acc=0.5780 val_auc=0.6649
[2026-03-30 04:47:08] [Epoch 28] lr_max=2.06814e-06 lr_min=2.06814e-07 train_focal=0.367304 train_bce=1.867796 train_acc=0.5804 val_bce=1.983243 val_acc=0.5376 val_auc=0.6617
[2026-03-30 04:47:10] [Epoch 29] lr_max=1.7594e-06 lr_min=1.7594e-07 train_focal=0.371914 train_bce=1.804158 train_acc=0.6056 val_bce=1.939632 val_acc=0.5376 val_auc=0.6704
[2026-03-30 04:47:11] [Epoch 30] lr_max=1.47064e-06 lr_min=1.47064e-07 train_focal=0.369153 train_bce=1.628297 train_acc=0.6000 val_bce=2.193065 val_acc=0.5087 val_auc=0.6628
[2026-03-30 04:47:12] [Epoch 31] lr_max=1.20364e-06 lr_min=1.20364e-07 train_focal=0.425883 train_bce=1.735943 train_acc=0.6028 val_bce=1.863770 val_acc=0.5434 val_auc=0.6656
[2026-03-30 04:47:13] [Epoch 32] lr_max=9.60051e-07 lr_min=9.60051e-08 train_focal=0.338258 train_bce=1.498133 train_acc=0.6294 val_bce=1.902788 val_acc=0.5549 val_auc=0.6809
[2026-03-30 04:47:14] [Epoch 33] lr_max=7.41365e-07 lr_min=7.41365e-08 train_focal=0.358415 train_bce=1.676564 train_acc=0.6154 val_bce=1.978152 val_acc=0.5260 val_auc=0.6815
[2026-03-30 04:47:16] [Epoch 34] lr_max=5.48936e-07 lr_min=5.48936e-08 train_focal=0.387056 train_bce=1.652771 train_acc=0.6168 val_bce=1.917760 val_acc=0.5549 val_auc=0.6698
[2026-03-30 04:47:17] [Epoch 35] lr_max=3.83949e-07 lr_min=3.83949e-08 train_focal=0.322395 train_bce=1.628740 train_acc=0.6028 val_bce=1.996737 val_acc=0.5549 val_auc=0.6780
[2026-03-30 04:47:18] [Epoch 36] lr_max=2.47421e-07 lr_min=2.47421e-08 train_focal=0.486594 train_bce=1.835681 train_acc=0.6140 val_bce=1.827768 val_acc=0.5780 val_auc=0.6748
[2026-03-30 04:47:19] [Epoch 37] lr_max=1.40195e-07 lr_min=1.40195e-08 train_focal=0.382623 train_bce=1.697011 train_acc=0.5944 val_bce=1.989709 val_acc=0.5434 val_auc=0.6656
[2026-03-30 04:47:19] [early stop] Fold 3 at epoch 37
[2026-03-30 04:47:20] [saved learning curves] /data/Irene/SwinTransformer/Swin_Meta/EffNetB0_outputs/training/efficientnet_b0/Partial_B4_6/OCTA3/BS16_EP100_LR1e-05_WD0.01_PARTIAL_FINETUNE_DR0.2_FL0.13_0.87_2_WSon_1_2.6/Kfold/fold3/learning_curves.png
[2026-03-30 04:47:21] [TS] T*=10.000000 | NLL 1.7418570518493652->0.6628161072731018
[2026-03-30 04:47:21] [saved checkpoint] /data/Irene/SwinTransformer/Swin_Meta/checkpoints/efficientnet_b0/Partial_B4_6/OCTA3/BS16_EP100_LR1e-05_WD0.01_PARTIAL_FINETUNE_DR0.2_FL0.13_0.87_2_WSon_1_2.6/Kfold/fold3/model_best.pth
[2026-03-30 04:47:21] [saved OOF] /data/Irene/SwinTransformer/Swin_Meta/EffNetB0_outputs/training/efficientnet_b0/Partial_B4_6/OCTA3/BS16_EP100_LR1e-05_WD0.01_PARTIAL_FINETUNE_DR0.2_FL0.13_0.87_2_WSon_1_2.6/Kfold/fold3/val_oof_predictions_fold3.csv
