[2026-03-30 04:37:44]   [unfreeze] blocks[4]
[2026-03-30 04:37:44]   [unfreeze] blocks[5]
[2026-03-30 04:37:44]   [unfreeze] blocks[6]
[2026-03-30 04:37:44]   [unfreeze] conv_head
[2026-03-30 04:37:44]   [unfreeze] bn2
[2026-03-30 04:37:44]   [unfreeze] classifier
[2026-03-30 04:37:44]   [PARTIAL_FINETUNE] trainable=3,700,169 / total=4,008,829 (92.3%)
[2026-03-30 04:37:44] Start Fold 4 | MODEL=efficientnet_b0(efficientnet_b0) MODALITY=OCTA3 BS=16 EP=100 LR=8e-06 WD=0.01 UNFREEZE_MODE=PARTIAL_FINETUNE DROP_RATE=0.2 FocalAlpha=[0.13, 0.87] FocalGamma=2.0
[2026-03-30 04:37:46] [Epoch 1] lr_max=7.98821e-06 lr_min=7.98821e-07 train_focal=0.940893 train_bce=2.042848 train_acc=0.5682 val_bce=1.799935 val_acc=0.5941 val_auc=0.5584
[2026-03-30 04:37:46] [NEW_BEST] epoch=1 val_bce=1.799935 val_acc=0.5941 val_auc=0.5584
[2026-03-30 04:37:48] [Epoch 2] lr_max=7.95184e-06 lr_min=7.95184e-07 train_focal=0.959031 train_bce=1.918815 train_acc=0.6170 val_bce=1.925793 val_acc=0.5412 val_auc=0.5640
[2026-03-30 04:37:50] [Epoch 3] lr_max=7.8911e-06 lr_min=7.8911e-07 train_focal=0.965868 train_bce=2.044354 train_acc=0.5557 val_bce=2.223528 val_acc=0.5059 val_auc=0.5713
[2026-03-30 04:37:52] [Epoch 4] lr_max=7.80638e-06 lr_min=7.80638e-07 train_focal=0.790007 train_bce=1.744070 train_acc=0.6058 val_bce=2.248170 val_acc=0.5118 val_auc=0.5974
[2026-03-30 04:37:53] [Epoch 5] lr_max=7.69818e-06 lr_min=7.69818e-07 train_focal=0.843209 train_bce=1.934590 train_acc=0.6031 val_bce=2.173478 val_acc=0.5000 val_auc=0.5911
[2026-03-30 04:37:55] [Epoch 6] lr_max=7.56719e-06 lr_min=7.56719e-07 train_focal=0.641434 train_bce=1.727539 train_acc=0.6198 val_bce=1.941954 val_acc=0.5588 val_auc=0.5974
[2026-03-30 04:37:57] [Epoch 7] lr_max=7.4142e-06 lr_min=7.4142e-07 train_focal=0.814568 train_bce=1.966485 train_acc=0.5919 val_bce=1.909979 val_acc=0.5529 val_auc=0.5880
[2026-03-30 04:37:59] [Epoch 8] lr_max=7.24017e-06 lr_min=7.24017e-07 train_focal=0.668411 train_bce=1.794049 train_acc=0.5989 val_bce=2.090373 val_acc=0.5353 val_auc=0.5758
[2026-03-30 04:38:00] [Epoch 9] lr_max=7.04615e-06 lr_min=7.04615e-07 train_focal=0.763030 train_bce=1.938800 train_acc=0.5794 val_bce=2.281756 val_acc=0.5000 val_auc=0.6020
[2026-03-30 04:38:02] [Epoch 10] lr_max=6.83336e-06 lr_min=6.83336e-07 train_focal=0.756817 train_bce=1.928924 train_acc=0.5557 val_bce=2.405474 val_acc=0.5176 val_auc=0.6013
[2026-03-30 04:38:04] [Epoch 11] lr_max=6.6031e-06 lr_min=6.6031e-07 train_focal=0.712602 train_bce=1.802984 train_acc=0.5794 val_bce=2.411438 val_acc=0.5118 val_auc=0.6040
[2026-03-30 04:38:04] [early stop] Fold 4 at epoch 11
[2026-03-30 04:38:04] [saved learning curves] /data/Irene/SwinTransformer/Swin_Meta/EffNetB0_outputs/training/efficientnet_b0/Partial_B4_6/OCTA3/BS16_EP100_LR8e-06_WD0.01_PARTIAL_FINETUNE_DR0.2_FL0.13_0.87_2_WSon_1_2.6/Kfold/fold4/learning_curves.png
[2026-03-30 04:38:08] [TS] T*=10.000000 | NLL 1.7999354600906372->0.686111569404602
[2026-03-30 04:38:08] [saved checkpoint] /data/Irene/SwinTransformer/Swin_Meta/checkpoints/efficientnet_b0/Partial_B4_6/OCTA3/BS16_EP100_LR8e-06_WD0.01_PARTIAL_FINETUNE_DR0.2_FL0.13_0.87_2_WSon_1_2.6/Kfold/fold4/model_best.pth
[2026-03-30 04:38:08] [saved OOF] /data/Irene/SwinTransformer/Swin_Meta/EffNetB0_outputs/training/efficientnet_b0/Partial_B4_6/OCTA3/BS16_EP100_LR8e-06_WD0.01_PARTIAL_FINETUNE_DR0.2_FL0.13_0.87_2_WSon_1_2.6/Kfold/fold4/val_oof_predictions_fold4.csv
