[2026-03-30 04:21:51]   [unfreeze] blocks[4]
[2026-03-30 04:21:51]   [unfreeze] blocks[5]
[2026-03-30 04:21:51]   [unfreeze] blocks[6]
[2026-03-30 04:21:51]   [unfreeze] conv_head
[2026-03-30 04:21:51]   [unfreeze] bn2
[2026-03-30 04:21:51]   [unfreeze] classifier
[2026-03-30 04:21:51]   [PARTIAL_FINETUNE] trainable=3,700,169 / total=4,008,829 (92.3%)
[2026-03-30 04:21:51] Start Fold 4 | MODEL=efficientnet_b0(efficientnet_b0) MODALITY=OCTA3 BS=16 EP=100 LR=7e-06 WD=0.01 UNFREEZE_MODE=PARTIAL_FINETUNE DROP_RATE=0.2 FocalAlpha=[0.13, 0.87] FocalGamma=2.0
[2026-03-30 04:21:54] [Epoch 1] lr_max=6.98968e-06 lr_min=6.98968e-07 train_focal=0.945029 train_bce=2.046089 train_acc=0.5682 val_bce=1.789385 val_acc=0.5941 val_auc=0.5580
[2026-03-30 04:21:54] [NEW_BEST] epoch=1 val_bce=1.789385 val_acc=0.5941 val_auc=0.5580
[2026-03-30 04:21:55] [Epoch 2] lr_max=6.95786e-06 lr_min=6.95786e-07 train_focal=0.968983 train_bce=1.927653 train_acc=0.6142 val_bce=1.908253 val_acc=0.5529 val_auc=0.5626
[2026-03-30 04:21:57] [Epoch 3] lr_max=6.90472e-06 lr_min=6.90472e-07 train_focal=0.985630 train_bce=2.060655 train_acc=0.5557 val_bce=2.199816 val_acc=0.5059 val_auc=0.5702
[2026-03-30 04:21:59] [Epoch 4] lr_max=6.83058e-06 lr_min=6.83058e-07 train_focal=0.811682 train_bce=1.761164 train_acc=0.6072 val_bce=2.219212 val_acc=0.5118 val_auc=0.5936
[2026-03-30 04:22:01] [Epoch 5] lr_max=6.73591e-06 lr_min=6.73591e-07 train_focal=0.865846 train_bce=1.949195 train_acc=0.6045 val_bce=2.144995 val_acc=0.5059 val_auc=0.5870
[2026-03-30 04:22:02] [Epoch 6] lr_max=6.62129e-06 lr_min=6.62129e-07 train_focal=0.663751 train_bce=1.742093 train_acc=0.6212 val_bce=1.920443 val_acc=0.5647 val_auc=0.5939
[2026-03-30 04:22:04] [Epoch 7] lr_max=6.48743e-06 lr_min=6.48743e-07 train_focal=0.842730 train_bce=1.986945 train_acc=0.5933 val_bce=1.897490 val_acc=0.5529 val_auc=0.5842
[2026-03-30 04:22:06] [Epoch 8] lr_max=6.33515e-06 lr_min=6.33515e-07 train_focal=0.696477 train_bce=1.808726 train_acc=0.5961 val_bce=2.069564 val_acc=0.5353 val_auc=0.5723
[2026-03-30 04:22:08] [Epoch 9] lr_max=6.16538e-06 lr_min=6.16538e-07 train_focal=0.801762 train_bce=1.967048 train_acc=0.5822 val_bce=2.238100 val_acc=0.5176 val_auc=0.5953
[2026-03-30 04:22:09] [Epoch 10] lr_max=5.97919e-06 lr_min=5.97919e-07 train_focal=0.802538 train_bce=1.968288 train_acc=0.5460 val_bce=2.360598 val_acc=0.5235 val_auc=0.5964
[2026-03-30 04:22:11] [Epoch 11] lr_max=5.77771e-06 lr_min=5.77771e-07 train_focal=0.748663 train_bce=1.822389 train_acc=0.5696 val_bce=2.351065 val_acc=0.5118 val_auc=0.6006
[2026-03-30 04:22:11] [early stop] Fold 4 at epoch 11
[2026-03-30 04:22:11] [saved learning curves] /data/Irene/SwinTransformer/Swin_Meta/EffNetB0_outputs/training/efficientnet_b0/Partial_B4_6/OCTA3/BS16_EP100_LR7e-06_WD0.01_PARTIAL_FINETUNE_DR0.2_FL0.13_0.87_2_WSon_1_2.6/Kfold/fold4/learning_curves.png
[2026-03-30 04:22:15] [TS] T*=10.000000 | NLL 1.7893847227096558->0.6848284006118774
[2026-03-30 04:22:15] [saved checkpoint] /data/Irene/SwinTransformer/Swin_Meta/checkpoints/efficientnet_b0/Partial_B4_6/OCTA3/BS16_EP100_LR7e-06_WD0.01_PARTIAL_FINETUNE_DR0.2_FL0.13_0.87_2_WSon_1_2.6/Kfold/fold4/model_best.pth
[2026-03-30 04:22:15] [saved OOF] /data/Irene/SwinTransformer/Swin_Meta/EffNetB0_outputs/training/efficientnet_b0/Partial_B4_6/OCTA3/BS16_EP100_LR7e-06_WD0.01_PARTIAL_FINETUNE_DR0.2_FL0.13_0.87_2_WSon_1_2.6/Kfold/fold4/val_oof_predictions_fold4.csv
