[2026-04-06 06:33:32] ============================================================
[2026-04-06 06:33:32] STACKING META-LEARNER TRAINING  (training only)
[2026-04-06 06:33:32] ============================================================
[2026-04-06 06:33:32] model          : swin_tiny (swin_tiny)
[2026-04-06 06:33:32] meta_dataset_dir: /data/Irene/SwinTransformer/Swin_Meta/outputs/meta_dataset/swin_tiny__logit__calibFalse/OCT0_LR2e-06_OCT1_LR4e-06_OCTA3_LR3e-06
[2026-04-06 06:33:32] meta_tag       : swin_tiny__logit__calibFalse
[2026-04-06 06:33:32] lr_tag         : OCT0_LR2e-06_OCT1_LR4e-06_OCTA3_LR3e-06
[2026-04-06 06:33:32] feat_cols      : ['oct0_feat', 'oct1_feat', 'octa3_feat']
[2026-04-06 06:33:32] C_GRID         : [0.001, 0.01, 0.1, 1.0, 10.0]   cv_folds=5
[2026-04-06 06:33:32] solver         : lbfgs   class_weight=balanced   max_iter=2000
[2026-04-06 06:33:32] out_dir        : /data/Irene/SwinTransformer/Swin_Meta/outputs/meta_training/swin_tiny__logit__calibFalse/OCT0_LR2e-06_OCT1_LR4e-06_OCTA3_LR3e-06
[2026-04-06 06:33:32] ────────────────────────────────────────────────────────────
[2026-04-06 06:33:32] Step 1: Load meta-train dataset (from build_meta_dataset.py)
[2026-04-06 06:33:32] Loaded   : /data/Irene/SwinTransformer/Swin_Meta/outputs/meta_dataset/swin_tiny__logit__calibFalse/OCT0_LR2e-06_OCT1_LR4e-06_OCTA3_LR3e-06/meta_train_oof.csv
[2026-04-06 06:33:32] Samples  : total=873  active=113 (12.9%)  inactive=760 (87.1%)  ratio=6.73:1
[2026-04-06 06:33:32] Features : ['oct0_feat', 'oct1_feat', 'octa3_feat']
[2026-04-06 06:33:32] Alpha    : α_j = N/(2×N_j)  α_active=3.8628  α_inactive=0.5743  ratio=6.73x  (active upweighted)
[2026-04-06 06:33:32] ────────────────────────────────────────────────────────────
[2026-04-06 06:33:32] Step 2: Train Pipeline(StandardScaler, LogisticRegressionCV)
[2026-04-06 06:33:32] Pipeline: StandardScaler → LogisticRegressionCV(solver=lbfgs)
[2026-04-06 06:33:32]   Cs=[0.001, 0.01, 0.1, 1.0, 10.0]  cv=5(StratifiedKFold)  scoring=roc_auc  class_weight=balanced  max_iter=2000
[2026-04-06 06:33:34] Done in 1.62s  |  best C=1.0  λ=1/C=1.0000
[2026-04-06 06:33:34] C Grid CV AUC (mean ± std):  ← C selection only, NOT performance eval
[2026-04-06 06:33:34]   C=0.001     0.8519 ± 0.0588
[2026-04-06 06:33:34]   C=0.01      0.8530 ± 0.0531
[2026-04-06 06:33:34]   C=0.1       0.8536 ± 0.0463
[2026-04-06 06:33:34]   C=1.0       0.8536 ± 0.0449 ← BEST
[2026-04-06 06:33:34]   C=10.0      0.8534 ± 0.0442
[2026-04-06 06:33:34] Modality weights w (post-scaling, sorted by |w|):
[2026-04-06 06:33:34]   oct0_feat            w=+1.135430  |w|=1.135430
[2026-04-06 06:33:34]   oct1_feat            w=+0.394409  |w|=0.394409
[2026-04-06 06:33:34]   octa3_feat           w=+0.199507  |w|=0.199507
[2026-04-06 06:33:34] Intercept b = -0.738045
[2026-04-06 06:33:34] Decision: P(active) = σ(w·z + b)  where z = StandardScaler(features)
[2026-04-06 06:33:34] In-sample metrics (training data — informational only):
[2026-04-06 06:33:34]   AUC-ROC=0.8586  AUPRC=N/A(train)  Brier=0.1459  BalAcc=0.7640
[2026-04-06 06:33:34]   F1-macro=0.6680  F1-active=0.4703  Acc=0.7858
[2026-04-06 06:33:34]   Sens=0.7345  Spec=0.7934
[2026-04-06 06:33:34]   TP=83  FP=157  FN=30  TN=603
[2026-04-06 06:33:34]   [!] True performance → evaluate_meta_on_test.py (independent test set)
[2026-04-06 06:33:34] ────────────────────────────────────────────────────────────
[2026-04-06 06:33:34] Step 3: Save artefacts
[2026-04-06 06:33:34] Artefacts → /data/Irene/SwinTransformer/Swin_Meta/outputs/meta_training/swin_tiny__logit__calibFalse/OCT0_LR2e-06_OCT1_LR4e-06_OCTA3_LR3e-06
[2026-04-06 06:33:34]   meta_lr_model.pkl
[2026-04-06 06:33:34]   meta_lr_config.json
[2026-04-06 06:33:34]   meta_lr_results.json
[2026-04-06 06:33:34]   meta_lr_cv_results.csv
[2026-04-06 06:33:34]   meta_lr_coef.csv
[2026-04-06 06:33:34]   meta_lr_training_report.txt
[2026-04-06 06:33:34]   validation_curve.png
[2026-04-06 06:33:34]   modality_importance.png
[2026-04-06 06:33:34] ============================================================
[2026-04-06 06:33:34] TRAINING COMPLETE
[2026-04-06 06:33:34]   Best C         : 1.0  (λ=1.0000)
[2026-04-06 06:33:34]   Weights        : oct0_feat=+1.1354  oct1_feat=+0.3944  octa3_feat=+0.1995
[2026-04-06 06:33:34]   Intercept b    : -0.7380
[2026-04-06 06:33:34]   In-sample AUC  : 0.8586  (training data only)
[2026-04-06 06:33:34]   In-sample Brier: 0.1459  (baseline for TS comparison)
[2026-04-06 06:33:34]   model saved    : /data/Irene/SwinTransformer/Swin_Meta/outputs/meta_training/swin_tiny__logit__calibFalse/OCT0_LR2e-06_OCT1_LR4e-06_OCTA3_LR3e-06/meta_lr_model.pkl
[2026-04-06 06:33:34]   → evaluate_meta_on_test.py for test-set evaluation
[2026-04-06 06:33:34] ============================================================
[2026-04-11 05:27:21] ============================================================
[2026-04-11 05:27:21] STACKING META-LEARNER TRAINING  (training only)
[2026-04-11 05:27:21] ============================================================
[2026-04-11 05:27:21] model          : swin_tiny (swin_tiny)
[2026-04-11 05:27:21] meta_dataset_dir: /data/Irene/SwinTransformer/Swin_Meta/outputs/meta_dataset/swin_tiny__logit__calibFalse/OCT0_LR2e-06_OCT1_LR4e-06_OCTA3_LR3e-06
[2026-04-11 05:27:21] meta_tag       : swin_tiny__logit__calibFalse
[2026-04-11 05:27:21] lr_tag         : OCT0_LR2e-06_OCT1_LR4e-06_OCTA3_LR3e-06
[2026-04-11 05:27:21] feat_cols      : ['oct0_feat', 'oct1_feat', 'octa3_feat']
[2026-04-11 05:27:21] C_GRID         : [0.001, 0.01, 0.1, 1.0, 10.0]   cv_folds=5
[2026-04-11 05:27:21] solver         : lbfgs   class_weight=balanced   max_iter=2000
[2026-04-11 05:27:21] out_dir        : /data/Irene/SwinTransformer/Swin_Meta/outputs/meta_training/swin_tiny__logit__calibFalse/OCT0_LR2e-06_OCT1_LR4e-06_OCTA3_LR3e-06
[2026-04-11 05:27:21] ────────────────────────────────────────────────────────────
[2026-04-11 05:27:21] Step 1: Load meta-train dataset (from build_meta_dataset.py)
[2026-04-11 05:27:21] Loaded   : /data/Irene/SwinTransformer/Swin_Meta/outputs/meta_dataset/swin_tiny__logit__calibFalse/OCT0_LR2e-06_OCT1_LR4e-06_OCTA3_LR3e-06/meta_train_oof.csv
[2026-04-11 05:27:21] Samples  : total=873  active=113 (12.9%)  inactive=760 (87.1%)  ratio=6.73:1
[2026-04-11 05:27:21] Features : ['oct0_feat', 'oct1_feat', 'octa3_feat']
[2026-04-11 05:27:21] Alpha    : α_j = N/(2×N_j)  α_active=3.8628  α_inactive=0.5743  ratio=6.73x  (active upweighted)
[2026-04-11 05:27:21] ────────────────────────────────────────────────────────────
[2026-04-11 05:27:21] Step 2: Train Pipeline(StandardScaler, LogisticRegressionCV)
[2026-04-11 05:27:21] Pipeline: StandardScaler → LogisticRegressionCV(solver=lbfgs)
[2026-04-11 05:27:21]   Cs=[0.001, 0.01, 0.1, 1.0, 10.0]  cv=5(StratifiedKFold)  scoring=roc_auc  class_weight=balanced  max_iter=2000
[2026-04-11 05:27:23] Done in 1.51s  |  best C=1.0  λ=1/C=1.0000
[2026-04-11 05:27:23] C Grid CV AUC (mean ± std):  ← C selection only, NOT performance eval
[2026-04-11 05:27:23]   C=0.001     0.8519 ± 0.0588
[2026-04-11 05:27:23]   C=0.01      0.8530 ± 0.0531
[2026-04-11 05:27:23]   C=0.1       0.8536 ± 0.0463
[2026-04-11 05:27:23]   C=1.0       0.8536 ± 0.0449 ← BEST
[2026-04-11 05:27:23]   C=10.0      0.8534 ± 0.0442
[2026-04-11 05:27:23] Modality weights w (post-scaling, sorted by |w|):
[2026-04-11 05:27:23]   oct0_feat            w=+1.135430  |w|=1.135430
[2026-04-11 05:27:23]   oct1_feat            w=+0.394409  |w|=0.394409
[2026-04-11 05:27:23]   octa3_feat           w=+0.199507  |w|=0.199507
[2026-04-11 05:27:23] Intercept b = -0.738045
[2026-04-11 05:27:23] Decision: P(active) = σ(w·z + b)  where z = StandardScaler(features)
[2026-04-11 05:27:23] In-sample metrics (training data — informational only):
[2026-04-11 05:27:23]   AUC-ROC=0.8586  AUPRC=N/A(train)  Brier=0.1459  BalAcc=0.7640
[2026-04-11 05:27:23]   F1-macro=0.6680  F1-active=0.4703  Acc=0.7858
[2026-04-11 05:27:23]   Sens=0.7345  Spec=0.7934
[2026-04-11 05:27:23]   TP=83  FP=157  FN=30  TN=603
[2026-04-11 05:27:23]   [!] True performance → evaluate_meta_on_test.py (independent test set)
[2026-04-11 05:27:23] ────────────────────────────────────────────────────────────
[2026-04-11 05:27:23] Step 3: Save artefacts
[2026-04-11 05:27:23] Artefacts → /data/Irene/SwinTransformer/Swin_Meta/outputs/meta_training/swin_tiny__logit__calibFalse/OCT0_LR2e-06_OCT1_LR4e-06_OCTA3_LR3e-06
[2026-04-11 05:27:23]   meta_lr_model.pkl
[2026-04-11 05:27:23]   meta_lr_config.json
[2026-04-11 05:27:23]   meta_lr_results.json
[2026-04-11 05:27:23]   meta_lr_cv_results.csv
[2026-04-11 05:27:23]   meta_lr_coef.csv
[2026-04-11 05:27:23]   meta_lr_training_report.txt
[2026-04-11 05:27:23]   validation_curve.png
[2026-04-11 05:27:23]   modality_importance.png
[2026-04-11 05:27:23] ============================================================
[2026-04-11 05:27:23] TRAINING COMPLETE
[2026-04-11 05:27:23]   Best C         : 1.0  (λ=1.0000)
[2026-04-11 05:27:23]   Weights        : oct0_feat=+1.1354  oct1_feat=+0.3944  octa3_feat=+0.1995
[2026-04-11 05:27:23]   Intercept b    : -0.7380
[2026-04-11 05:27:23]   In-sample AUC  : 0.8586  (training data only)
[2026-04-11 05:27:23]   In-sample Brier: 0.1459  (baseline for TS comparison)
[2026-04-11 05:27:23]   model saved    : /data/Irene/SwinTransformer/Swin_Meta/outputs/meta_training/swin_tiny__logit__calibFalse/OCT0_LR2e-06_OCT1_LR4e-06_OCTA3_LR3e-06/meta_lr_model.pkl
[2026-04-11 05:27:23]   → evaluate_meta_on_test.py for test-set evaluation
[2026-04-11 05:27:23] ============================================================
