[2026-03-30 04:41:37]   [unfreeze] blocks[4]
[2026-03-30 04:41:37]   [unfreeze] blocks[5]
[2026-03-30 04:41:37]   [unfreeze] blocks[6]
[2026-03-30 04:41:37]   [unfreeze] conv_head
[2026-03-30 04:41:37]   [unfreeze] bn2
[2026-03-30 04:41:37]   [unfreeze] classifier
[2026-03-30 04:41:37]   [PARTIAL_FINETUNE] trainable=3,700,169 / total=4,008,829 (92.3%)
[2026-03-30 04:41:37] Start Fold 5 | MODEL=efficientnet_b0(efficientnet_b0) MODALITY=OCT0 BS=16 EP=100 LR=8e-06 WD=0.01 UNFREEZE_MODE=PARTIAL_FINETUNE DROP_RATE=0.2 FocalAlpha=[0.11, 0.89] FocalGamma=2.0
[2026-03-30 04:41:38] [Epoch 1] lr_max=7.988e-06 lr_min=7.988e-07 train_focal=0.549104 train_bce=3.339172 train_acc=0.4305 val_bce=1.026785 val_acc=0.7059 val_auc=0.5497
[2026-03-30 04:41:39] [NEW_BEST] epoch=1 val_bce=1.026785 val_acc=0.7059 val_auc=0.5497
[2026-03-30 04:41:40] [Epoch 2] lr_max=7.95142e-06 lr_min=7.95142e-07 train_focal=0.538304 train_bce=3.160607 train_acc=0.4458 val_bce=1.047031 val_acc=0.7024 val_auc=0.5595
[2026-03-30 04:41:41] [Epoch 3] lr_max=7.89047e-06 lr_min=7.89047e-07 train_focal=0.452910 train_bce=2.844205 train_acc=0.4797 val_bce=0.963054 val_acc=0.7197 val_auc=0.5817
[2026-03-30 04:41:42] [NEW_BEST] epoch=3 val_bce=0.963054 val_acc=0.7197 val_auc=0.5817
[2026-03-30 04:41:43] [Epoch 4] lr_max=7.80554e-06 lr_min=7.80554e-07 train_focal=0.463009 train_bce=2.771926 train_acc=0.4949 val_bce=0.979366 val_acc=0.7163 val_auc=0.5996
[2026-03-30 04:41:45] [Epoch 5] lr_max=7.69714e-06 lr_min=7.69714e-07 train_focal=0.436475 train_bce=2.563749 train_acc=0.5000 val_bce=0.920099 val_acc=0.7370 val_auc=0.5918
[2026-03-30 04:41:45] [NEW_BEST] epoch=5 val_bce=0.920099 val_acc=0.7370 val_auc=0.5918
[2026-03-30 04:41:46] [Epoch 6] lr_max=7.56595e-06 lr_min=7.56595e-07 train_focal=0.420031 train_bce=2.424466 train_acc=0.5169 val_bce=0.862587 val_acc=0.7266 val_auc=0.6358
[2026-03-30 04:41:47] [NEW_BEST] epoch=6 val_bce=0.862587 val_acc=0.7266 val_auc=0.6358
[2026-03-30 04:41:48] [Epoch 7] lr_max=7.41278e-06 lr_min=7.41278e-07 train_focal=0.508825 train_bce=2.343863 train_acc=0.5280 val_bce=0.909150 val_acc=0.7266 val_auc=0.6326
[2026-03-30 04:41:49] [Epoch 8] lr_max=7.23856e-06 lr_min=7.23856e-07 train_focal=0.381534 train_bce=2.033969 train_acc=0.5797 val_bce=0.821574 val_acc=0.7578 val_auc=0.6479
[2026-03-30 04:41:50] [NEW_BEST] epoch=8 val_bce=0.821574 val_acc=0.7578 val_auc=0.6479
[2026-03-30 04:41:51] [Epoch 9] lr_max=7.04438e-06 lr_min=7.04438e-07 train_focal=0.363170 train_bce=2.023850 train_acc=0.5890 val_bce=0.809281 val_acc=0.7543 val_auc=0.6456
[2026-03-30 04:41:51] [NEW_BEST] epoch=9 val_bce=0.809281 val_acc=0.7543 val_auc=0.6456
[2026-03-30 04:41:53] [Epoch 10] lr_max=6.83143e-06 lr_min=6.83143e-07 train_focal=0.445714 train_bce=2.083010 train_acc=0.5517 val_bce=0.863691 val_acc=0.7405 val_auc=0.6651
[2026-03-30 04:41:54] [Epoch 11] lr_max=6.60102e-06 lr_min=6.60102e-07 train_focal=0.429927 train_bce=1.893242 train_acc=0.5992 val_bce=0.835049 val_acc=0.7336 val_auc=0.6522
[2026-03-30 04:41:56] [Epoch 12] lr_max=6.35457e-06 lr_min=6.35457e-07 train_focal=0.439382 train_bce=1.814581 train_acc=0.6051 val_bce=1.034105 val_acc=0.6886 val_auc=0.6763
[2026-03-30 04:41:57] [Epoch 13] lr_max=6.09361e-06 lr_min=6.09361e-07 train_focal=0.366124 train_bce=1.903585 train_acc=0.6051 val_bce=0.907303 val_acc=0.7266 val_auc=0.6799
[2026-03-30 04:41:59] [Epoch 14] lr_max=5.81974e-06 lr_min=5.81974e-07 train_focal=0.369074 train_bce=1.807866 train_acc=0.5941 val_bce=1.079738 val_acc=0.6747 val_auc=0.6928
[2026-03-30 04:42:00] [Epoch 15] lr_max=5.53466e-06 lr_min=5.53466e-07 train_focal=0.320276 train_bce=1.768350 train_acc=0.6076 val_bce=0.950614 val_acc=0.7163 val_auc=0.7026
[2026-03-30 04:42:02] [Epoch 16] lr_max=5.2401e-06 lr_min=5.2401e-07 train_focal=0.323472 train_bce=1.679479 train_acc=0.6051 val_bce=0.899598 val_acc=0.7474 val_auc=0.7015
[2026-03-30 04:42:03] [Epoch 17] lr_max=4.93791e-06 lr_min=4.93791e-07 train_focal=0.409044 train_bce=1.758511 train_acc=0.6025 val_bce=0.905597 val_acc=0.7336 val_auc=0.7104
[2026-03-30 04:42:05] [Epoch 18] lr_max=4.62993e-06 lr_min=4.62993e-07 train_focal=0.347534 train_bce=1.690091 train_acc=0.6161 val_bce=0.980345 val_acc=0.7301 val_auc=0.7134
[2026-03-30 04:42:06] [Epoch 19] lr_max=4.31807e-06 lr_min=4.31807e-07 train_focal=0.301374 train_bce=1.543906 train_acc=0.6475 val_bce=0.971056 val_acc=0.7024 val_auc=0.7157
[2026-03-30 04:42:07] [early stop] Fold 5 at epoch 19
[2026-03-30 04:42:07] [saved learning curves] /data/Irene/SwinTransformer/Swin_Meta/EffNetB0_outputs/training/efficientnet_b0/Partial_B4_6/OCT0/BS16_EP100_LR8e-06_WD0.01_PARTIAL_FINETUNE_DR0.2_FL0.11_0.89_2_WSon_1_2.9/Kfold/fold5/learning_curves.png
[2026-03-30 04:42:08] [TS] T*=3.572701 | NLL 0.8092806935310364->0.49691838026046753
[2026-03-30 04:42:08] [saved checkpoint] /data/Irene/SwinTransformer/Swin_Meta/checkpoints/efficientnet_b0/Partial_B4_6/OCT0/BS16_EP100_LR8e-06_WD0.01_PARTIAL_FINETUNE_DR0.2_FL0.11_0.89_2_WSon_1_2.9/Kfold/fold5/model_best.pth
[2026-03-30 04:42:08] [saved OOF] /data/Irene/SwinTransformer/Swin_Meta/EffNetB0_outputs/training/efficientnet_b0/Partial_B4_6/OCT0/BS16_EP100_LR8e-06_WD0.01_PARTIAL_FINETUNE_DR0.2_FL0.11_0.89_2_WSon_1_2.9/Kfold/fold5/val_oof_predictions_fold5.csv
