[2026-05-19 02:53:08] Start Fold 1 | MODEL=swin_tiny(swin_tiny_patch4_window7_224) MODALITY=MULTIMODAL IMG=224x448 BS=16 EP=100 LR=6e-06 WD=0.01 UNFREEZE_MODE=FULL_FINETUNE FocalAlpha=[0.13, 0.87] FocalGamma=2.0
[2026-05-19 02:53:11] [Epoch 1] lr_max=5.99119e-06 lr_min=5.99119e-06 train_focal=0.050260 train_bce=0.767920 train_acc=0.3049 val_bce=0.837948 val_acc=0.1826 val_auc=0.5181
[2026-05-19 02:53:12] [NEW_BEST] epoch=1 val_bce=0.837948 val_acc=0.1826 val_auc=0.5181
[2026-05-19 02:53:14] [Epoch 2] lr_max=5.96394e-06 lr_min=5.96394e-06 train_focal=0.048361 train_bce=0.759231 train_acc=0.3348 val_bce=0.851737 val_acc=0.2009 val_auc=0.6739
[2026-05-19 02:53:17] [Epoch 3] lr_max=5.91841e-06 lr_min=5.91841e-06 train_focal=0.044234 train_bce=0.730294 train_acc=0.4096 val_bce=0.742001 val_acc=0.4247 val_auc=0.7161
[2026-05-19 02:53:19] [NEW_BEST] epoch=3 val_bce=0.742001 val_acc=0.4247 val_auc=0.7161
[2026-05-19 02:53:21] [Epoch 4] lr_max=5.8549e-06 lr_min=5.8549e-06 train_focal=0.041314 train_bce=0.690968 train_acc=0.5217 val_bce=0.690947 val_acc=0.5388 val_auc=0.7332
[2026-05-19 02:53:22] [NEW_BEST] epoch=4 val_bce=0.690947 val_acc=0.5388 val_auc=0.7332
[2026-05-19 02:53:24] [Epoch 5] lr_max=5.77378e-06 lr_min=5.77378e-06 train_focal=0.037704 train_bce=0.632703 train_acc=0.6577 val_bce=0.642448 val_acc=0.6667 val_auc=0.7799
[2026-05-19 02:53:26] [NEW_BEST] epoch=5 val_bce=0.642448 val_acc=0.6667 val_auc=0.7799
[2026-05-19 02:53:28] [Epoch 6] lr_max=5.67556e-06 lr_min=5.67556e-06 train_focal=0.037573 train_bce=0.624369 train_acc=0.6278 val_bce=0.770740 val_acc=0.4429 val_auc=0.7789
[2026-05-19 02:53:31] [Epoch 7] lr_max=5.56085e-06 lr_min=5.56085e-06 train_focal=0.032781 train_bce=0.572898 train_acc=0.7130 val_bce=0.615493 val_acc=0.6530 val_auc=0.7847
[2026-05-19 02:53:33] [NEW_BEST] epoch=7 val_bce=0.615493 val_acc=0.6530 val_auc=0.7847
[2026-05-19 02:53:35] [Epoch 8] lr_max=5.43034e-06 lr_min=5.43034e-06 train_focal=0.029512 train_bce=0.558199 train_acc=0.7414 val_bce=0.678202 val_acc=0.6073 val_auc=0.8065
[2026-05-19 02:53:37] [Epoch 9] lr_max=5.28486e-06 lr_min=5.28486e-06 train_focal=0.026022 train_bce=0.513115 train_acc=0.7773 val_bce=0.486457 val_acc=0.7991 val_auc=0.8505
[2026-05-19 02:53:39] [NEW_BEST] epoch=9 val_bce=0.486457 val_acc=0.7991 val_auc=0.8505
[2026-05-19 02:53:41] [Epoch 10] lr_max=5.12528e-06 lr_min=5.12528e-06 train_focal=0.025643 train_bce=0.479154 train_acc=0.8087 val_bce=0.557656 val_acc=0.7215 val_auc=0.8510
[2026-05-19 02:53:44] [Epoch 11] lr_max=4.95261e-06 lr_min=4.95261e-06 train_focal=0.025504 train_bce=0.481675 train_acc=0.7937 val_bce=0.523126 val_acc=0.7534 val_auc=0.8686
[2026-05-19 02:53:47] [Epoch 12] lr_max=4.76789e-06 lr_min=4.76789e-06 train_focal=0.020662 train_bce=0.445239 train_acc=0.8386 val_bce=0.482562 val_acc=0.7808 val_auc=0.8837
[2026-05-19 02:53:49] [NEW_BEST] epoch=12 val_bce=0.482562 val_acc=0.7808 val_auc=0.8837
[2026-05-19 02:53:51] [Epoch 13] lr_max=4.57228e-06 lr_min=4.57228e-06 train_focal=0.020075 train_bce=0.400386 train_acc=0.8580 val_bce=0.473108 val_acc=0.7763 val_auc=0.8862
[2026-05-19 02:53:52] [NEW_BEST] epoch=13 val_bce=0.473108 val_acc=0.7763 val_auc=0.8862
[2026-05-19 02:53:54] [Epoch 14] lr_max=4.36697e-06 lr_min=4.36697e-06 train_focal=0.017188 train_bce=0.385324 train_acc=0.8849 val_bce=0.347788 val_acc=0.8676 val_auc=0.8937
[2026-05-19 02:53:56] [NEW_BEST] epoch=14 val_bce=0.347788 val_acc=0.8676 val_auc=0.8937
[2026-05-19 02:53:58] [Epoch 15] lr_max=4.15323e-06 lr_min=4.15323e-06 train_focal=0.016268 train_bce=0.361822 train_acc=0.8789 val_bce=0.384626 val_acc=0.8356 val_auc=0.8975
[2026-05-19 02:54:01] [Epoch 16] lr_max=3.93238e-06 lr_min=3.93238e-06 train_focal=0.016051 train_bce=0.349180 train_acc=0.9028 val_bce=0.400910 val_acc=0.8265 val_auc=0.8972
[2026-05-19 02:54:04] [Epoch 17] lr_max=3.70579e-06 lr_min=3.70579e-06 train_focal=0.020720 train_bce=0.364998 train_acc=0.8744 val_bce=0.411964 val_acc=0.8174 val_auc=0.8962
[2026-05-19 02:54:07] [Epoch 18] lr_max=3.47484e-06 lr_min=3.47484e-06 train_focal=0.014659 train_bce=0.339526 train_acc=0.9088 val_bce=0.367232 val_acc=0.8493 val_auc=0.8864
[2026-05-19 02:54:10] [Epoch 19] lr_max=3.24097e-06 lr_min=3.24097e-06 train_focal=0.015379 train_bce=0.337035 train_acc=0.8879 val_bce=0.332969 val_acc=0.8676 val_auc=0.8862
[2026-05-19 02:54:11] [NEW_BEST] epoch=19 val_bce=0.332969 val_acc=0.8676 val_auc=0.8862
[2026-05-19 02:54:13] [Epoch 20] lr_max=3.00561e-06 lr_min=3.00561e-06 train_focal=0.014164 train_bce=0.314665 train_acc=0.9103 val_bce=0.330521 val_acc=0.8630 val_auc=0.8889
[2026-05-19 02:54:15] [NEW_BEST] epoch=20 val_bce=0.330521 val_acc=0.8630 val_auc=0.8889
[2026-05-19 02:54:17] [Epoch 21] lr_max=2.77022e-06 lr_min=2.77022e-06 train_focal=0.013914 train_bce=0.299812 train_acc=0.9238 val_bce=0.318248 val_acc=0.8813 val_auc=0.8749
[2026-05-19 02:54:19] [NEW_BEST] epoch=21 val_bce=0.318248 val_acc=0.8813 val_auc=0.8749
[2026-05-19 02:54:21] [Epoch 22] lr_max=2.53624e-06 lr_min=2.53624e-06 train_focal=0.010793 train_bce=0.280518 train_acc=0.9268 val_bce=0.303432 val_acc=0.8995 val_auc=0.8905
[2026-05-19 02:54:22] [NEW_BEST] epoch=22 val_bce=0.303432 val_acc=0.8995 val_auc=0.8905
[2026-05-19 02:54:24] [Epoch 23] lr_max=2.30512e-06 lr_min=2.30512e-06 train_focal=0.011514 train_bce=0.275531 train_acc=0.9148 val_bce=0.256358 val_acc=0.9132 val_auc=0.8987
[2026-05-19 02:54:26] [NEW_BEST] epoch=23 val_bce=0.256358 val_acc=0.9132 val_auc=0.8987
[2026-05-19 02:54:28] [Epoch 24] lr_max=2.07829e-06 lr_min=2.07829e-06 train_focal=0.010233 train_bce=0.258128 train_acc=0.9402 val_bce=0.292450 val_acc=0.8995 val_auc=0.8977
[2026-05-19 02:54:31] [Epoch 25] lr_max=1.85713e-06 lr_min=1.85713e-06 train_focal=0.010922 train_bce=0.276187 train_acc=0.9223 val_bce=0.295136 val_acc=0.8858 val_auc=0.9065
[2026-05-19 02:54:34] [Epoch 26] lr_max=1.64303e-06 lr_min=1.64303e-06 train_focal=0.010223 train_bce=0.267583 train_acc=0.9342 val_bce=0.308528 val_acc=0.8767 val_auc=0.9023
[2026-05-19 02:54:37] [Epoch 27] lr_max=1.43729e-06 lr_min=1.43729e-06 train_focal=0.010744 train_bce=0.262504 train_acc=0.9312 val_bce=0.292322 val_acc=0.8950 val_auc=0.9015
[2026-05-19 02:54:40] [Epoch 28] lr_max=1.24119e-06 lr_min=1.24119e-06 train_focal=0.009415 train_bce=0.247908 train_acc=0.9357 val_bce=0.257997 val_acc=0.9132 val_auc=0.9008
[2026-05-19 02:54:42] [Epoch 29] lr_max=1.05593e-06 lr_min=1.05593e-06 train_focal=0.009002 train_bce=0.239451 train_acc=0.9357 val_bce=0.298277 val_acc=0.8858 val_auc=0.9038
[2026-05-19 02:54:45] [Epoch 30] lr_max=8.8265e-07 lr_min=8.8265e-07 train_focal=0.008108 train_bce=0.232971 train_acc=0.9387 val_bce=0.293553 val_acc=0.8904 val_auc=0.9038
[2026-05-19 02:54:48] [Epoch 31] lr_max=7.22429e-07 lr_min=7.22429e-07 train_focal=0.009556 train_bce=0.248041 train_acc=0.9372 val_bce=0.271019 val_acc=0.9087 val_auc=0.9025
[2026-05-19 02:54:51] [Epoch 32] lr_max=5.76251e-07 lr_min=5.76251e-07 train_focal=0.007677 train_bce=0.213735 train_acc=0.9552 val_bce=0.277205 val_acc=0.8995 val_auc=0.9053
[2026-05-19 02:54:54] [Epoch 33] lr_max=4.45015e-07 lr_min=4.45015e-07 train_focal=0.010362 train_bce=0.251665 train_acc=0.9372 val_bce=0.268190 val_acc=0.9132 val_auc=0.9058
[2026-05-19 02:54:55] [early stop] Fold 1 at epoch 33
[2026-05-19 02:54:55] [saved learning curves] /data/Irene/SwinTransformer/Swin_Meta/Multimodal_outputs/training/swin_tiny/MULTIMODAL/MULTIMODAL_BS16_EP100_LR6e-06_WD0.01_FULL_FINETUNE_FL0.13_0.87_2_WSon_1_2.6/Kfold/fold1/learning_curves.png
[2026-05-19 02:54:56] [TS] T*=1.000000 | NLL None->None
[2026-05-19 02:54:56] [saved checkpoint] /data/Irene/SwinTransformer/Swin_Meta/Multimodal_outputs/checkpoints/swin_tiny/MULTIMODAL/MULTIMODAL_BS16_EP100_LR6e-06_WD0.01_FULL_FINETUNE_FL0.13_0.87_2_WSon_1_2.6/Kfold/fold1/model_best.pth
[2026-05-19 02:54:56] [saved OOF] /data/Irene/SwinTransformer/Swin_Meta/Multimodal_outputs/training/swin_tiny/MULTIMODAL/MULTIMODAL_BS16_EP100_LR6e-06_WD0.01_FULL_FINETUNE_FL0.13_0.87_2_WSon_1_2.6/Kfold/fold1/val_oof_predictions_fold1.csv
