[2026-03-30 04:20:05]   [unfreeze] blocks[4]
[2026-03-30 04:20:05]   [unfreeze] blocks[5]
[2026-03-30 04:20:05]   [unfreeze] blocks[6]
[2026-03-30 04:20:05]   [unfreeze] conv_head
[2026-03-30 04:20:05]   [unfreeze] bn2
[2026-03-30 04:20:05]   [unfreeze] classifier
[2026-03-30 04:20:05]   [PARTIAL_FINETUNE] trainable=3,700,169 / total=4,008,829 (92.3%)
[2026-03-30 04:20:05] Start Fold 2 | MODEL=efficientnet_b0(efficientnet_b0) MODALITY=OCTA3 BS=16 EP=100 LR=7e-06 WD=0.01 UNFREEZE_MODE=PARTIAL_FINETUNE DROP_RATE=0.2 FocalAlpha=[0.13, 0.87] FocalGamma=2.0
[2026-03-30 04:20:07] [Epoch 1] lr_max=6.9897e-06 lr_min=6.9897e-07 train_focal=0.967176 train_bce=2.409842 train_acc=0.5422 val_bce=1.491535 val_acc=0.6931 val_auc=0.4778
[2026-03-30 04:20:07] [NEW_BEST] epoch=1 val_bce=1.491535 val_acc=0.6931 val_auc=0.4778
[2026-03-30 04:20:09] [Epoch 2] lr_max=6.95788e-06 lr_min=6.95788e-07 train_focal=1.081982 train_bce=2.509384 train_acc=0.5136 val_bce=1.518426 val_acc=0.6878 val_auc=0.4851
[2026-03-30 04:20:11] [Epoch 3] lr_max=6.90475e-06 lr_min=6.90475e-07 train_focal=1.022605 train_bce=2.450013 train_acc=0.5508 val_bce=1.634495 val_acc=0.6508 val_auc=0.4894
[2026-03-30 04:20:13] [Epoch 4] lr_max=6.83062e-06 lr_min=6.83062e-07 train_focal=0.882676 train_bce=2.264857 train_acc=0.5522 val_bce=1.456346 val_acc=0.6878 val_auc=0.4953
[2026-03-30 04:20:13] [NEW_BEST] epoch=4 val_bce=1.456346 val_acc=0.6878 val_auc=0.4953
[2026-03-30 04:20:15] [Epoch 5] lr_max=6.73596e-06 lr_min=6.73596e-07 train_focal=0.874754 train_bce=2.209976 train_acc=0.5293 val_bce=1.573680 val_acc=0.6296 val_auc=0.5021
[2026-03-30 04:20:17] [Epoch 6] lr_max=6.62135e-06 lr_min=6.62135e-07 train_focal=0.718454 train_bce=2.084710 train_acc=0.5565 val_bce=1.577266 val_acc=0.6561 val_auc=0.4979
[2026-03-30 04:20:19] [Epoch 7] lr_max=6.4875e-06 lr_min=6.4875e-07 train_focal=0.732062 train_bce=2.131972 train_acc=0.5608 val_bce=1.660759 val_acc=0.6296 val_auc=0.5071
[2026-03-30 04:20:20] [Epoch 8] lr_max=6.33523e-06 lr_min=6.33523e-07 train_focal=0.840592 train_bce=2.310001 train_acc=0.5279 val_bce=1.626936 val_acc=0.6349 val_auc=0.5111
[2026-03-30 04:20:22] [Epoch 9] lr_max=6.16547e-06 lr_min=6.16547e-07 train_focal=0.762880 train_bce=2.210735 train_acc=0.5465 val_bce=1.586557 val_acc=0.6349 val_auc=0.5231
[2026-03-30 04:20:24] [Epoch 10] lr_max=5.97929e-06 lr_min=5.97929e-07 train_focal=0.679890 train_bce=1.928290 train_acc=0.5708 val_bce=1.655710 val_acc=0.6138 val_auc=0.5153
[2026-03-30 04:20:26] [Epoch 11] lr_max=5.77782e-06 lr_min=5.77782e-07 train_focal=0.569873 train_bce=1.948244 train_acc=0.5622 val_bce=1.653231 val_acc=0.6085 val_auc=0.5111
[2026-03-30 04:20:28] [Epoch 12] lr_max=5.5623e-06 lr_min=5.5623e-07 train_focal=0.731189 train_bce=2.126913 train_acc=0.5608 val_bce=1.788013 val_acc=0.6085 val_auc=0.5132
[2026-03-30 04:20:29] [Epoch 13] lr_max=5.33407e-06 lr_min=5.33407e-07 train_focal=0.665873 train_bce=2.075576 train_acc=0.5465 val_bce=1.672394 val_acc=0.6138 val_auc=0.5236
[2026-03-30 04:20:31] [Epoch 14] lr_max=5.09453e-06 lr_min=5.09453e-07 train_focal=0.603127 train_bce=2.028717 train_acc=0.5551 val_bce=1.799362 val_acc=0.5979 val_auc=0.5267
[2026-03-30 04:20:31] [early stop] Fold 2 at epoch 14
[2026-03-30 04:20:31] [saved learning curves] /data/Irene/SwinTransformer/Swin_Meta/EffNetB0_outputs/training/efficientnet_b0/Partial_B4_6/OCTA3/BS16_EP100_LR7e-06_WD0.01_PARTIAL_FINETUNE_DR0.2_FL0.13_0.87_2_WSon_1_2.6/Kfold/fold2/learning_curves.png
[2026-03-30 04:20:38] [TS] T*=6.887456 | NLL 1.4563462734222412->0.593573808670044
[2026-03-30 04:20:38] [saved checkpoint] /data/Irene/SwinTransformer/Swin_Meta/checkpoints/efficientnet_b0/Partial_B4_6/OCTA3/BS16_EP100_LR7e-06_WD0.01_PARTIAL_FINETUNE_DR0.2_FL0.13_0.87_2_WSon_1_2.6/Kfold/fold2/model_best.pth
[2026-03-30 04:20:38] [saved OOF] /data/Irene/SwinTransformer/Swin_Meta/EffNetB0_outputs/training/efficientnet_b0/Partial_B4_6/OCTA3/BS16_EP100_LR7e-06_WD0.01_PARTIAL_FINETUNE_DR0.2_FL0.13_0.87_2_WSon_1_2.6/Kfold/fold2/val_oof_predictions_fold2.csv
