[2026-05-18 14:20:23] Start Fold 4 | MODEL=swin_tiny(swin_tiny_patch4_window7_224) MODALITY=MULTIMODAL IMG=224x448 BS=16 EP=100 LR=4e-06 WD=0.01 UNFREEZE_MODE=FULL_FINETUNE FocalAlpha=[0.13, 0.87] FocalGamma=2.0
[2026-05-18 14:20:28] [Epoch 1] lr_max=3.99411e-06 lr_min=3.99411e-06 train_focal=0.051675 train_bce=0.761470 train_acc=0.3398 val_bce=0.706525 val_acc=0.4235 val_auc=0.5389
[2026-05-18 14:20:31] [NEW_BEST] epoch=1 val_bce=0.706525 val_acc=0.4235 val_auc=0.5389
[2026-05-18 14:20:36] [Epoch 2] lr_max=3.97592e-06 lr_min=3.97592e-06 train_focal=0.047535 train_bce=0.748648 train_acc=0.3189 val_bce=0.729464 val_acc=0.3294 val_auc=0.6298
[2026-05-18 14:20:40] [Epoch 3] lr_max=3.94555e-06 lr_min=3.94555e-06 train_focal=0.043731 train_bce=0.711201 train_acc=0.4429 val_bce=0.752798 val_acc=0.3294 val_auc=0.6821
[2026-05-18 14:20:45] [Epoch 4] lr_max=3.90319e-06 lr_min=3.90319e-06 train_focal=0.040707 train_bce=0.681703 train_acc=0.5627 val_bce=0.671859 val_acc=0.6588 val_auc=0.6835
[2026-05-18 14:20:47] [NEW_BEST] epoch=4 val_bce=0.671859 val_acc=0.6588 val_auc=0.6835
[2026-05-18 14:20:52] [Epoch 5] lr_max=3.84909e-06 lr_min=3.84909e-06 train_focal=0.035626 train_bce=0.634858 train_acc=0.6588 val_bce=0.694089 val_acc=0.5765 val_auc=0.7097
[2026-05-18 14:20:58] [Epoch 6] lr_max=3.7836e-06 lr_min=3.7836e-06 train_focal=0.035505 train_bce=0.623863 train_acc=0.6602 val_bce=0.563873 val_acc=0.7824 val_auc=0.7044
[2026-05-18 14:21:00] [NEW_BEST] epoch=6 val_bce=0.563873 val_acc=0.7824 val_auc=0.7044
[2026-05-18 14:21:05] [Epoch 7] lr_max=3.7071e-06 lr_min=3.7071e-06 train_focal=0.031379 train_bce=0.576455 train_acc=0.7354 val_bce=0.695981 val_acc=0.5647 val_auc=0.7187
[2026-05-18 14:21:12] [Epoch 8] lr_max=3.62008e-06 lr_min=3.62008e-06 train_focal=0.033540 train_bce=0.577828 train_acc=0.7256 val_bce=0.528944 val_acc=0.8118 val_auc=0.7013
[2026-05-18 14:21:14] [NEW_BEST] epoch=8 val_bce=0.528944 val_acc=0.8118 val_auc=0.7013
[2026-05-18 14:21:20] [Epoch 9] lr_max=3.52308e-06 lr_min=3.52308e-06 train_focal=0.028724 train_bce=0.532496 train_acc=0.7813 val_bce=0.589083 val_acc=0.7235 val_auc=0.7212
[2026-05-18 14:21:24] [Epoch 10] lr_max=3.41668e-06 lr_min=3.41668e-06 train_focal=0.028696 train_bce=0.527605 train_acc=0.7897 val_bce=0.748177 val_acc=0.5176 val_auc=0.7368
[2026-05-18 14:21:29] [Epoch 11] lr_max=3.30155e-06 lr_min=3.30155e-06 train_focal=0.028628 train_bce=0.516557 train_acc=0.7925 val_bce=0.605257 val_acc=0.6824 val_auc=0.7180
[2026-05-18 14:21:36] [Epoch 12] lr_max=3.17839e-06 lr_min=3.17839e-06 train_focal=0.024576 train_bce=0.490363 train_acc=0.7953 val_bce=0.576276 val_acc=0.7176 val_auc=0.7205
[2026-05-18 14:21:44] [Epoch 13] lr_max=3.04797e-06 lr_min=3.04797e-06 train_focal=0.025550 train_bce=0.479713 train_acc=0.8231 val_bce=0.595587 val_acc=0.7059 val_auc=0.7299
[2026-05-18 14:21:51] [Epoch 14] lr_max=2.91109e-06 lr_min=2.91109e-06 train_focal=0.022768 train_bce=0.452272 train_acc=0.8329 val_bce=0.653545 val_acc=0.6353 val_auc=0.7327
[2026-05-18 14:21:59] [Epoch 15] lr_max=2.76859e-06 lr_min=2.76859e-06 train_focal=0.024454 train_bce=0.479193 train_acc=0.8064 val_bce=0.561331 val_acc=0.7176 val_auc=0.7344
[2026-05-18 14:22:07] [Epoch 16] lr_max=2.62135e-06 lr_min=2.62135e-06 train_focal=0.019521 train_bce=0.422835 train_acc=0.8621 val_bce=0.602392 val_acc=0.7059 val_auc=0.7274
[2026-05-18 14:22:14] [Epoch 17] lr_max=2.47028e-06 lr_min=2.47028e-06 train_focal=0.019947 train_bce=0.417164 train_acc=0.8579 val_bce=0.542918 val_acc=0.7353 val_auc=0.7208
[2026-05-18 14:22:20] [Epoch 18] lr_max=2.31632e-06 lr_min=2.31632e-06 train_focal=0.017906 train_bce=0.387572 train_acc=0.8760 val_bce=0.592721 val_acc=0.6941 val_auc=0.7348
[2026-05-18 14:22:21] [early stop] Fold 4 at epoch 18
[2026-05-18 14:22:22] [saved learning curves] /data/Irene/SwinTransformer/Swin_Meta/Multimodal_outputs/training/swin_tiny/MULTIMODAL/MULTIMODAL_BS16_EP100_LR4e-06_WD0.01_FULL_FINETUNE_FL0.13_0.87_2_WSon_1_2.6/Kfold/fold4/learning_curves.png
[2026-05-18 14:22:23] [TS] T*=1.000000 | NLL None->None
[2026-05-18 14:22:23] [saved checkpoint] /data/Irene/SwinTransformer/Swin_Meta/Multimodal_outputs/checkpoints/swin_tiny/MULTIMODAL/MULTIMODAL_BS16_EP100_LR4e-06_WD0.01_FULL_FINETUNE_FL0.13_0.87_2_WSon_1_2.6/Kfold/fold4/model_best.pth
[2026-05-18 14:22:23] [saved OOF] /data/Irene/SwinTransformer/Swin_Meta/Multimodal_outputs/training/swin_tiny/MULTIMODAL/MULTIMODAL_BS16_EP100_LR4e-06_WD0.01_FULL_FINETUNE_FL0.13_0.87_2_WSon_1_2.6/Kfold/fold4/val_oof_predictions_fold4.csv
