[2026-03-30 04:17:46]   [unfreeze] blocks[4]
[2026-03-30 04:17:46]   [unfreeze] blocks[5]
[2026-03-30 04:17:46]   [unfreeze] blocks[6]
[2026-03-30 04:17:46]   [unfreeze] conv_head
[2026-03-30 04:17:46]   [unfreeze] bn2
[2026-03-30 04:17:46]   [unfreeze] classifier
[2026-03-30 04:17:46]   [PARTIAL_FINETUNE] trainable=3,700,169 / total=4,008,829 (92.3%)
[2026-03-30 04:17:46] Start Fold 1 | MODEL=efficientnet_b0(efficientnet_b0) MODALITY=OCTA3 BS=16 EP=100 LR=6e-06 WD=0.01 UNFREEZE_MODE=PARTIAL_FINETUNE DROP_RATE=0.2 FocalAlpha=[0.13, 0.87] FocalGamma=2.0
[2026-03-30 04:17:49] [Epoch 1] lr_max=5.99119e-06 lr_min=5.99119e-07 train_focal=0.688855 train_bce=3.889108 train_acc=0.4155 val_bce=3.275607 val_acc=0.4429 val_auc=0.4289
[2026-03-30 04:17:50] [NEW_BEST] epoch=1 val_bce=3.275607 val_acc=0.4429 val_auc=0.4289
[2026-03-30 04:17:51] [Epoch 2] lr_max=5.96394e-06 lr_min=5.96394e-07 train_focal=0.676239 train_bce=4.017999 train_acc=0.4051 val_bce=3.337033 val_acc=0.4018 val_auc=0.4304
[2026-03-30 04:17:52] [Epoch 3] lr_max=5.91841e-06 lr_min=5.91841e-07 train_focal=0.655735 train_bce=3.998304 train_acc=0.4200 val_bce=3.435324 val_acc=0.3927 val_auc=0.4455
[2026-03-30 04:17:53] [Epoch 4] lr_max=5.8549e-06 lr_min=5.8549e-07 train_focal=0.619784 train_bce=3.752165 train_acc=0.4081 val_bce=3.438085 val_acc=0.3744 val_auc=0.4266
[2026-03-30 04:17:55] [Epoch 5] lr_max=5.77378e-06 lr_min=5.77378e-07 train_focal=0.529008 train_bce=3.417877 train_acc=0.4350 val_bce=3.076967 val_acc=0.4338 val_auc=0.4580
[2026-03-30 04:17:55] [NEW_BEST] epoch=5 val_bce=3.076967 val_acc=0.4338 val_auc=0.4580
[2026-03-30 04:17:56] [Epoch 6] lr_max=5.67556e-06 lr_min=5.67556e-07 train_focal=0.561859 train_bce=3.691606 train_acc=0.4200 val_bce=3.492268 val_acc=0.3881 val_auc=0.4402
[2026-03-30 04:17:58] [Epoch 7] lr_max=5.56085e-06 lr_min=5.56085e-07 train_focal=0.601627 train_bce=3.439861 train_acc=0.4619 val_bce=3.488997 val_acc=0.3836 val_auc=0.4726
[2026-03-30 04:17:59] [Epoch 8] lr_max=5.43034e-06 lr_min=5.43034e-07 train_focal=0.581988 train_bce=3.495925 train_acc=0.4350 val_bce=3.558774 val_acc=0.3653 val_auc=0.4704
[2026-03-30 04:18:00] [Epoch 9] lr_max=5.28486e-06 lr_min=5.28486e-07 train_focal=0.550109 train_bce=3.348762 train_acc=0.4260 val_bce=3.140136 val_acc=0.4338 val_auc=0.4771
[2026-03-30 04:18:02] [Epoch 10] lr_max=5.12528e-06 lr_min=5.12528e-07 train_focal=0.555025 train_bce=3.234611 train_acc=0.4469 val_bce=3.391503 val_acc=0.3836 val_auc=0.4538
[2026-03-30 04:18:03] [Epoch 11] lr_max=4.95261e-06 lr_min=4.95261e-07 train_focal=0.513005 train_bce=3.130097 train_acc=0.4723 val_bce=3.075173 val_acc=0.4429 val_auc=0.4872
[2026-03-30 04:18:03] [NEW_BEST] epoch=11 val_bce=3.075173 val_acc=0.4429 val_auc=0.4872
[2026-03-30 04:18:04] [Epoch 12] lr_max=4.76789e-06 lr_min=4.76789e-07 train_focal=0.555378 train_bce=3.306726 train_acc=0.4499 val_bce=3.047400 val_acc=0.4384 val_auc=0.4894
[2026-03-30 04:18:05] [NEW_BEST] epoch=12 val_bce=3.047400 val_acc=0.4384 val_auc=0.4894
[2026-03-30 04:18:06] [Epoch 13] lr_max=4.57228e-06 lr_min=4.57228e-07 train_focal=0.520315 train_bce=3.159144 train_acc=0.4559 val_bce=2.870900 val_acc=0.4658 val_auc=0.4854
[2026-03-30 04:18:06] [NEW_BEST] epoch=13 val_bce=2.870900 val_acc=0.4658 val_auc=0.4854
[2026-03-30 04:18:07] [Epoch 14] lr_max=4.36697e-06 lr_min=4.36697e-07 train_focal=0.511212 train_bce=3.094563 train_acc=0.4649 val_bce=3.196486 val_acc=0.4110 val_auc=0.5053
[2026-03-30 04:18:09] [Epoch 15] lr_max=4.15323e-06 lr_min=4.15323e-07 train_focal=0.545385 train_bce=3.267881 train_acc=0.4559 val_bce=2.907703 val_acc=0.4475 val_auc=0.4985
[2026-03-30 04:18:10] [Epoch 16] lr_max=3.93238e-06 lr_min=3.93238e-07 train_focal=0.426988 train_bce=2.619903 train_acc=0.5187 val_bce=2.939009 val_acc=0.4521 val_auc=0.4955
[2026-03-30 04:18:11] [Epoch 17] lr_max=3.70579e-06 lr_min=3.70579e-07 train_focal=0.534501 train_bce=3.041178 train_acc=0.4649 val_bce=2.698047 val_acc=0.4703 val_auc=0.5118
[2026-03-30 04:18:12] [NEW_BEST] epoch=17 val_bce=2.698047 val_acc=0.4703 val_auc=0.5118
[2026-03-30 04:18:13] [Epoch 18] lr_max=3.47484e-06 lr_min=3.47484e-07 train_focal=0.490993 train_bce=2.908907 train_acc=0.4858 val_bce=2.593458 val_acc=0.4749 val_auc=0.5146
[2026-03-30 04:18:14] [NEW_BEST] epoch=18 val_bce=2.593458 val_acc=0.4749 val_auc=0.5146
[2026-03-30 04:18:15] [Epoch 19] lr_max=3.24097e-06 lr_min=3.24097e-07 train_focal=0.502386 train_bce=2.960712 train_acc=0.4873 val_bce=2.966616 val_acc=0.4429 val_auc=0.5156
[2026-03-30 04:18:16] [Epoch 20] lr_max=3.00561e-06 lr_min=3.00561e-07 train_focal=0.447820 train_bce=2.697190 train_acc=0.5067 val_bce=2.682461 val_acc=0.4749 val_auc=0.5249
[2026-03-30 04:18:17] [Epoch 21] lr_max=2.77022e-06 lr_min=2.77022e-07 train_focal=0.526429 train_bce=2.968676 train_acc=0.4574 val_bce=2.733117 val_acc=0.4658 val_auc=0.5276
[2026-03-30 04:18:19] [Epoch 22] lr_max=2.53624e-06 lr_min=2.53624e-07 train_focal=0.460862 train_bce=2.617032 train_acc=0.5022 val_bce=2.746541 val_acc=0.4658 val_auc=0.5171
[2026-03-30 04:18:20] [Epoch 23] lr_max=2.30512e-06 lr_min=2.30512e-07 train_focal=0.477187 train_bce=2.531860 train_acc=0.5172 val_bce=2.442354 val_acc=0.4977 val_auc=0.5322
[2026-03-30 04:18:20] [NEW_BEST] epoch=23 val_bce=2.442354 val_acc=0.4977 val_auc=0.5322
[2026-03-30 04:18:22] [Epoch 24] lr_max=2.07829e-06 lr_min=2.07829e-07 train_focal=0.451116 train_bce=2.621331 train_acc=0.5471 val_bce=2.241084 val_acc=0.5160 val_auc=0.5427
[2026-03-30 04:18:22] [NEW_BEST] epoch=24 val_bce=2.241084 val_acc=0.5160 val_auc=0.5427
[2026-03-30 04:18:23] [Epoch 25] lr_max=1.85713e-06 lr_min=1.85713e-07 train_focal=0.485802 train_bce=2.698332 train_acc=0.5007 val_bce=2.583530 val_acc=0.4795 val_auc=0.5437
[2026-03-30 04:18:24] [Epoch 26] lr_max=1.64303e-06 lr_min=1.64303e-07 train_focal=0.499916 train_bce=2.807652 train_acc=0.5007 val_bce=2.630068 val_acc=0.4566 val_auc=0.5394
[2026-03-30 04:18:26] [Epoch 27] lr_max=1.43729e-06 lr_min=1.43729e-07 train_focal=0.486081 train_bce=2.709993 train_acc=0.4903 val_bce=2.265372 val_acc=0.5205 val_auc=0.5467
[2026-03-30 04:18:27] [Epoch 28] lr_max=1.24119e-06 lr_min=1.24119e-07 train_focal=0.450181 train_bce=2.678856 train_acc=0.4753 val_bce=2.509812 val_acc=0.4840 val_auc=0.5319
[2026-03-30 04:18:28] [Epoch 29] lr_max=1.05593e-06 lr_min=1.05593e-07 train_focal=0.468636 train_bce=2.570360 train_acc=0.5187 val_bce=2.511006 val_acc=0.4886 val_auc=0.5508
[2026-03-30 04:18:29] [Epoch 30] lr_max=8.8265e-07 lr_min=8.8265e-08 train_focal=0.473380 train_bce=2.625481 train_acc=0.5232 val_bce=2.645547 val_acc=0.4658 val_auc=0.5329
[2026-03-30 04:18:31] [Epoch 31] lr_max=7.22429e-07 lr_min=7.22429e-08 train_focal=0.476407 train_bce=2.475137 train_acc=0.5366 val_bce=2.370808 val_acc=0.5068 val_auc=0.5410
[2026-03-30 04:18:32] [Epoch 32] lr_max=5.76251e-07 lr_min=5.76251e-08 train_focal=0.439102 train_bce=2.488637 train_acc=0.5067 val_bce=2.315231 val_acc=0.5251 val_auc=0.5410
[2026-03-30 04:18:34] [Epoch 33] lr_max=4.45015e-07 lr_min=4.45015e-08 train_focal=0.472559 train_bce=2.561764 train_acc=0.5067 val_bce=2.665272 val_acc=0.4886 val_auc=0.5407
[2026-03-30 04:18:35] [Epoch 34] lr_max=3.29532e-07 lr_min=3.29532e-08 train_focal=0.482616 train_bce=2.538642 train_acc=0.5082 val_bce=2.464728 val_acc=0.4977 val_auc=0.5457
[2026-03-30 04:18:35] [early stop] Fold 1 at epoch 34
[2026-03-30 04:18:35] [saved learning curves] /data/Irene/SwinTransformer/Swin_Meta/EffNetB0_outputs/training/efficientnet_b0/Partial_B4_6/OCTA3/BS16_EP100_LR6e-06_WD0.01_PARTIAL_FINETUNE_DR0.2_FL0.13_0.87_2_WSon_1_2.6/Kfold/fold1/learning_curves.png
[2026-03-30 04:18:36] [TS] T*=10.000000 | NLL 2.241084098815918->0.7140987515449524
[2026-03-30 04:18:36] [saved checkpoint] /data/Irene/SwinTransformer/Swin_Meta/checkpoints/efficientnet_b0/Partial_B4_6/OCTA3/BS16_EP100_LR6e-06_WD0.01_PARTIAL_FINETUNE_DR0.2_FL0.13_0.87_2_WSon_1_2.6/Kfold/fold1/model_best.pth
[2026-03-30 04:18:36] [saved OOF] /data/Irene/SwinTransformer/Swin_Meta/EffNetB0_outputs/training/efficientnet_b0/Partial_B4_6/OCTA3/BS16_EP100_LR6e-06_WD0.01_PARTIAL_FINETUNE_DR0.2_FL0.13_0.87_2_WSon_1_2.6/Kfold/fold1/val_oof_predictions_fold1.csv
