[2026-03-30 04:38:18]   [unfreeze] blocks[4]
[2026-03-30 04:38:18]   [unfreeze] blocks[5]
[2026-03-30 04:38:18]   [unfreeze] blocks[6]
[2026-03-30 04:38:18]   [unfreeze] conv_head
[2026-03-30 04:38:18]   [unfreeze] bn2
[2026-03-30 04:38:18]   [unfreeze] classifier
[2026-03-30 04:38:18]   [PARTIAL_FINETUNE] trainable=3,700,169 / total=4,008,829 (92.3%)
[2026-03-30 04:38:18] Start Fold 5 | MODEL=efficientnet_b0(efficientnet_b0) MODALITY=OCTA3 BS=16 EP=100 LR=9e-06 WD=0.01 UNFREEZE_MODE=PARTIAL_FINETUNE DROP_RATE=0.2 FocalAlpha=[0.13, 0.87] FocalGamma=2.0
[2026-03-30 04:38:20] [Epoch 1] lr_max=8.98671e-06 lr_min=8.98671e-07 train_focal=1.463454 train_bce=2.860402 train_acc=0.5220 val_bce=1.402664 val_acc=0.6715 val_auc=0.7396
[2026-03-30 04:38:21] [NEW_BEST] epoch=1 val_bce=1.402664 val_acc=0.6715 val_auc=0.7396
[2026-03-30 04:38:22] [Epoch 2] lr_max=8.94577e-06 lr_min=8.94577e-07 train_focal=1.288529 train_bce=2.651232 train_acc=0.5286 val_bce=1.587897 val_acc=0.6569 val_auc=0.7491
[2026-03-30 04:38:25] [Epoch 3] lr_max=8.87741e-06 lr_min=8.87741e-07 train_focal=1.169377 train_bce=2.589201 train_acc=0.5193 val_bce=1.645974 val_acc=0.6277 val_auc=0.7326
[2026-03-30 04:38:27] [Epoch 4] lr_max=8.78207e-06 lr_min=8.78207e-07 train_focal=1.178482 train_bce=2.656020 train_acc=0.5033 val_bce=1.722968 val_acc=0.6131 val_auc=0.7300
[2026-03-30 04:38:29] [Epoch 5] lr_max=8.66033e-06 lr_min=8.66033e-07 train_focal=1.136810 train_bce=2.572828 train_acc=0.5220 val_bce=1.963365 val_acc=0.5328 val_auc=0.7604
[2026-03-30 04:38:31] [Epoch 6] lr_max=8.51294e-06 lr_min=8.51294e-07 train_focal=1.030892 train_bce=2.439029 train_acc=0.5100 val_bce=1.974987 val_acc=0.5620 val_auc=0.7578
[2026-03-30 04:38:33] [Epoch 7] lr_max=8.3408e-06 lr_min=8.3408e-07 train_focal=0.960561 train_bce=2.216011 train_acc=0.5300 val_bce=1.955237 val_acc=0.5547 val_auc=0.7760
[2026-03-30 04:38:34] [Epoch 8] lr_max=8.14499e-06 lr_min=8.14499e-07 train_focal=0.872513 train_bce=2.324140 train_acc=0.5433 val_bce=1.985170 val_acc=0.5255 val_auc=0.7734
[2026-03-30 04:38:36] [Epoch 9] lr_max=7.92671e-06 lr_min=7.92671e-07 train_focal=0.866457 train_bce=2.219878 train_acc=0.5473 val_bce=2.284477 val_acc=0.5036 val_auc=0.7604
[2026-03-30 04:38:38] [Epoch 10] lr_max=7.68729e-06 lr_min=7.68729e-07 train_focal=0.696810 train_bce=2.188342 train_acc=0.5566 val_bce=2.365018 val_acc=0.4964 val_auc=0.7604
[2026-03-30 04:38:39] [Epoch 11] lr_max=7.42823e-06 lr_min=7.42823e-07 train_focal=0.708676 train_bce=2.107153 train_acc=0.5393 val_bce=2.660903 val_acc=0.4818 val_auc=0.7812
[2026-03-30 04:38:39] [early stop] Fold 5 at epoch 11
[2026-03-30 04:38:40] [saved learning curves] /data/Irene/SwinTransformer/Swin_Meta/EffNetB0_outputs/training/efficientnet_b0/Partial_B4_6/OCTA3/BS16_EP100_LR9e-06_WD0.01_PARTIAL_FINETUNE_DR0.2_FL0.13_0.87_2_WSon_1_2.6/Kfold/fold5/learning_curves.png
[2026-03-30 04:38:45] [TS] T*=6.618873 | NLL 1.4026645421981812->0.6030375361442566
[2026-03-30 04:38:45] [saved checkpoint] /data/Irene/SwinTransformer/Swin_Meta/checkpoints/efficientnet_b0/Partial_B4_6/OCTA3/BS16_EP100_LR9e-06_WD0.01_PARTIAL_FINETUNE_DR0.2_FL0.13_0.87_2_WSon_1_2.6/Kfold/fold5/model_best.pth
[2026-03-30 04:38:45] [saved OOF] /data/Irene/SwinTransformer/Swin_Meta/EffNetB0_outputs/training/efficientnet_b0/Partial_B4_6/OCTA3/BS16_EP100_LR9e-06_WD0.01_PARTIAL_FINETUNE_DR0.2_FL0.13_0.87_2_WSon_1_2.6/Kfold/fold5/val_oof_predictions_fold5.csv
