[2026-03-30 04:18:37]   [unfreeze] blocks[4]
[2026-03-30 04:18:37]   [unfreeze] blocks[5]
[2026-03-30 04:18:37]   [unfreeze] blocks[6]
[2026-03-30 04:18:37]   [unfreeze] conv_head
[2026-03-30 04:18:37]   [unfreeze] bn2
[2026-03-30 04:18:37]   [unfreeze] classifier
[2026-03-30 04:18:37]   [PARTIAL_FINETUNE] trainable=3,700,169 / total=4,008,829 (92.3%)
[2026-03-30 04:18:37] Start Fold 2 | MODEL=efficientnet_b0(efficientnet_b0) MODALITY=OCTA3 BS=16 EP=100 LR=6e-06 WD=0.01 UNFREEZE_MODE=PARTIAL_FINETUNE DROP_RATE=0.2 FocalAlpha=[0.13, 0.87] FocalGamma=2.0
[2026-03-30 04:18:38] [Epoch 1] lr_max=5.99117e-06 lr_min=5.99117e-07 train_focal=0.971301 train_bce=2.415190 train_acc=0.5436 val_bce=1.489033 val_acc=0.7037 val_auc=0.4771
[2026-03-30 04:18:39] [NEW_BEST] epoch=1 val_bce=1.489033 val_acc=0.7037 val_auc=0.4771
[2026-03-30 04:18:40] [Epoch 2] lr_max=5.9639e-06 lr_min=5.9639e-07 train_focal=1.096491 train_bce=2.526752 train_acc=0.5136 val_bce=1.514201 val_acc=0.6931 val_auc=0.4844
[2026-03-30 04:18:41] [Epoch 3] lr_max=5.91836e-06 lr_min=5.91836e-07 train_focal=1.047302 train_bce=2.481191 train_acc=0.5508 val_bce=1.625644 val_acc=0.6614 val_auc=0.4870
[2026-03-30 04:18:42] [Epoch 4] lr_max=5.85482e-06 lr_min=5.85482e-07 train_focal=0.907715 train_bce=2.291971 train_acc=0.5522 val_bce=1.447766 val_acc=0.6878 val_auc=0.4932
[2026-03-30 04:18:43] [NEW_BEST] epoch=4 val_bce=1.447766 val_acc=0.6878 val_auc=0.4932
[2026-03-30 04:18:44] [Epoch 5] lr_max=5.77368e-06 lr_min=5.77368e-07 train_focal=0.911530 train_bce=2.246420 train_acc=0.5308 val_bce=1.552870 val_acc=0.6508 val_auc=0.5002
[2026-03-30 04:18:46] [Epoch 6] lr_max=5.67545e-06 lr_min=5.67545e-07 train_focal=0.755734 train_bce=2.123007 train_acc=0.5551 val_bce=1.554930 val_acc=0.6561 val_auc=0.4927
[2026-03-30 04:18:47] [Epoch 7] lr_max=5.56071e-06 lr_min=5.56071e-07 train_focal=0.772966 train_bce=2.172764 train_acc=0.5579 val_bce=1.628611 val_acc=0.6402 val_auc=0.5019
[2026-03-30 04:18:48] [Epoch 8] lr_max=5.43019e-06 lr_min=5.43019e-07 train_focal=0.885841 train_bce=2.354424 train_acc=0.5308 val_bce=1.597821 val_acc=0.6614 val_auc=0.5059
[2026-03-30 04:18:50] [Epoch 9] lr_max=5.28469e-06 lr_min=5.28469e-07 train_focal=0.803792 train_bce=2.239456 train_acc=0.5436 val_bce=1.555452 val_acc=0.6561 val_auc=0.5179
[2026-03-30 04:18:51] [Epoch 10] lr_max=5.1251e-06 lr_min=5.1251e-07 train_focal=0.725756 train_bce=1.975100 train_acc=0.5637 val_bce=1.626195 val_acc=0.6243 val_auc=0.5094
[2026-03-30 04:18:53] [Epoch 11] lr_max=4.95241e-06 lr_min=4.95241e-07 train_focal=0.602277 train_bce=1.971030 train_acc=0.5579 val_bce=1.624457 val_acc=0.6138 val_auc=0.5050
[2026-03-30 04:18:55] [Epoch 12] lr_max=4.76769e-06 lr_min=4.76769e-07 train_focal=0.789571 train_bce=2.187235 train_acc=0.5522 val_bce=1.753839 val_acc=0.6085 val_auc=0.5083
[2026-03-30 04:18:57] [Epoch 13] lr_max=4.57206e-06 lr_min=4.57206e-07 train_focal=0.713809 train_bce=2.114247 train_acc=0.5508 val_bce=1.644049 val_acc=0.6085 val_auc=0.5219
[2026-03-30 04:18:58] [Epoch 14] lr_max=4.36674e-06 lr_min=4.36674e-07 train_focal=0.647941 train_bce=2.066787 train_acc=0.5436 val_bce=1.762511 val_acc=0.6085 val_auc=0.5212
[2026-03-30 04:18:59] [early stop] Fold 2 at epoch 14
[2026-03-30 04:18:59] [saved learning curves] /data/Irene/SwinTransformer/Swin_Meta/EffNetB0_outputs/training/efficientnet_b0/Partial_B4_6/OCTA3/BS16_EP100_LR6e-06_WD0.01_PARTIAL_FINETUNE_DR0.2_FL0.13_0.87_2_WSon_1_2.6/Kfold/fold2/learning_curves.png
[2026-03-30 04:19:12] [TS] T*=6.814100 | NLL 1.4477661848068237->0.5888176560401917
[2026-03-30 04:19:12] [saved checkpoint] /data/Irene/SwinTransformer/Swin_Meta/checkpoints/efficientnet_b0/Partial_B4_6/OCTA3/BS16_EP100_LR6e-06_WD0.01_PARTIAL_FINETUNE_DR0.2_FL0.13_0.87_2_WSon_1_2.6/Kfold/fold2/model_best.pth
[2026-03-30 04:19:12] [saved OOF] /data/Irene/SwinTransformer/Swin_Meta/EffNetB0_outputs/training/efficientnet_b0/Partial_B4_6/OCTA3/BS16_EP100_LR6e-06_WD0.01_PARTIAL_FINETUNE_DR0.2_FL0.13_0.87_2_WSon_1_2.6/Kfold/fold2/val_oof_predictions_fold2.csv
