[2026-03-30 04:23:48]   [unfreeze] blocks[4]
[2026-03-30 04:23:48]   [unfreeze] blocks[5]
[2026-03-30 04:23:48]   [unfreeze] blocks[6]
[2026-03-30 04:23:48]   [unfreeze] conv_head
[2026-03-30 04:23:48]   [unfreeze] bn2
[2026-03-30 04:23:48]   [unfreeze] classifier
[2026-03-30 04:23:48]   [PARTIAL_FINETUNE] trainable=3,700,169 / total=4,008,829 (92.3%)
[2026-03-30 04:23:48] Start Fold 4 | MODEL=efficientnet_b0(efficientnet_b0) MODALITY=OCT1 BS=16 EP=100 LR=7e-06 WD=0.01 UNFREEZE_MODE=PARTIAL_FINETUNE DROP_RATE=0.2 FocalAlpha=[0.113, 0.887] FocalGamma=2.0
[2026-03-30 04:23:50] [Epoch 1] lr_max=6.98951e-06 lr_min=6.98951e-07 train_focal=1.037034 train_bce=2.961626 train_acc=0.4758 val_bce=2.706724 val_acc=0.4715 val_auc=0.4918
[2026-03-30 04:23:50] [NEW_BEST] epoch=1 val_bce=2.706724 val_acc=0.4715 val_auc=0.4918
[2026-03-30 04:23:52] [Epoch 2] lr_max=6.95751e-06 lr_min=6.95751e-07 train_focal=0.777492 train_bce=2.546589 train_acc=0.5145 val_bce=2.671582 val_acc=0.4715 val_auc=0.4968
[2026-03-30 04:23:52] [NEW_BEST] epoch=2 val_bce=2.671582 val_acc=0.4715 val_auc=0.4968
[2026-03-30 04:23:54] [Epoch 3] lr_max=6.9042e-06 lr_min=6.9042e-07 train_focal=0.784309 train_bce=2.700806 train_acc=0.4775 val_bce=2.570981 val_acc=0.4675 val_auc=0.4989
[2026-03-30 04:23:54] [NEW_BEST] epoch=3 val_bce=2.570981 val_acc=0.4675 val_auc=0.4989
[2026-03-30 04:23:56] [Epoch 4] lr_max=6.82989e-06 lr_min=6.82989e-07 train_focal=0.562507 train_bce=2.297096 train_acc=0.5366 val_bce=2.400236 val_acc=0.5122 val_auc=0.5062
[2026-03-30 04:23:56] [NEW_BEST] epoch=4 val_bce=2.400236 val_acc=0.5122 val_auc=0.5062
[2026-03-30 04:23:58] [Epoch 5] lr_max=6.73506e-06 lr_min=6.73506e-07 train_focal=0.626387 train_bce=2.341134 train_acc=0.5445 val_bce=2.747174 val_acc=0.4309 val_auc=0.5153
[2026-03-30 04:24:00] [Epoch 6] lr_max=6.62028e-06 lr_min=6.62028e-07 train_focal=0.609932 train_bce=2.501737 train_acc=0.5181 val_bce=2.566851 val_acc=0.4431 val_auc=0.5298
[2026-03-30 04:24:02] [Epoch 7] lr_max=6.48626e-06 lr_min=6.48626e-07 train_focal=0.522672 train_bce=2.309617 train_acc=0.5189 val_bce=2.681037 val_acc=0.4187 val_auc=0.5187
[2026-03-30 04:24:04] [Epoch 8] lr_max=6.33383e-06 lr_min=6.33383e-07 train_focal=0.423512 train_bce=2.065818 train_acc=0.5630 val_bce=2.414043 val_acc=0.4837 val_auc=0.5242
[2026-03-30 04:24:06] [Epoch 9] lr_max=6.16393e-06 lr_min=6.16393e-07 train_focal=0.444741 train_bce=2.213721 train_acc=0.5419 val_bce=2.555578 val_acc=0.4309 val_auc=0.5289
[2026-03-30 04:24:09] [Epoch 10] lr_max=5.97761e-06 lr_min=5.97761e-07 train_focal=0.468448 train_bce=2.057489 train_acc=0.5568 val_bce=2.303033 val_acc=0.4837 val_auc=0.5244
[2026-03-30 04:24:09] [NEW_BEST] epoch=10 val_bce=2.303033 val_acc=0.4837 val_auc=0.5244
[2026-03-30 04:24:11] [Epoch 11] lr_max=5.77601e-06 lr_min=5.77601e-07 train_focal=0.419146 train_bce=1.908343 train_acc=0.5815 val_bce=2.069447 val_acc=0.5203 val_auc=0.5319
[2026-03-30 04:24:11] [NEW_BEST] epoch=11 val_bce=2.069447 val_acc=0.5203 val_auc=0.5319
[2026-03-30 04:24:13] [Epoch 12] lr_max=5.56038e-06 lr_min=5.56038e-07 train_focal=0.448580 train_bce=1.766388 train_acc=0.5956 val_bce=2.101419 val_acc=0.5122 val_auc=0.5394
[2026-03-30 04:24:15] [Epoch 13] lr_max=5.33205e-06 lr_min=5.33205e-07 train_focal=0.371904 train_bce=1.856730 train_acc=0.5894 val_bce=2.148707 val_acc=0.4715 val_auc=0.5188
[2026-03-30 04:24:17] [Epoch 14] lr_max=5.09242e-06 lr_min=5.09242e-07 train_focal=0.340264 train_bce=1.757511 train_acc=0.6220 val_bce=2.064091 val_acc=0.5041 val_auc=0.5386
[2026-03-30 04:24:17] [NEW_BEST] epoch=14 val_bce=2.064091 val_acc=0.5041 val_auc=0.5386
[2026-03-30 04:24:19] [Epoch 15] lr_max=4.84297e-06 lr_min=4.84297e-07 train_focal=0.376967 train_bce=1.654234 train_acc=0.5930 val_bce=2.040169 val_acc=0.5081 val_auc=0.5335
[2026-03-30 04:24:19] [NEW_BEST] epoch=15 val_bce=2.040169 val_acc=0.5081 val_auc=0.5335
[2026-03-30 04:24:20] [Epoch 16] lr_max=4.58524e-06 lr_min=4.58524e-07 train_focal=0.334934 train_bce=1.650845 train_acc=0.6282 val_bce=1.981694 val_acc=0.5203 val_auc=0.5346
[2026-03-30 04:24:21] [NEW_BEST] epoch=16 val_bce=1.981694 val_acc=0.5203 val_auc=0.5346
[2026-03-30 04:24:22] [Epoch 17] lr_max=4.32082e-06 lr_min=4.32082e-07 train_focal=0.393161 train_bce=1.694630 train_acc=0.6238 val_bce=1.971326 val_acc=0.5244 val_auc=0.5335
[2026-03-30 04:24:22] [NEW_BEST] epoch=17 val_bce=1.971326 val_acc=0.5244 val_auc=0.5335
[2026-03-30 04:24:24] [Epoch 18] lr_max=4.05134e-06 lr_min=4.05134e-07 train_focal=0.340754 train_bce=1.490573 train_acc=0.6352 val_bce=2.031928 val_acc=0.4715 val_auc=0.5392
[2026-03-30 04:24:25] [Epoch 19] lr_max=3.77847e-06 lr_min=3.77847e-07 train_focal=0.410812 train_bce=1.564894 train_acc=0.6070 val_bce=1.852788 val_acc=0.5528 val_auc=0.5355
[2026-03-30 04:24:26] [NEW_BEST] epoch=19 val_bce=1.852788 val_acc=0.5528 val_auc=0.5355
[2026-03-30 04:24:27] [Epoch 20] lr_max=3.50387e-06 lr_min=3.50387e-07 train_focal=0.334814 train_bce=1.581500 train_acc=0.6608 val_bce=1.955121 val_acc=0.5122 val_auc=0.5471
[2026-03-30 04:24:29] [Epoch 21] lr_max=3.22925e-06 lr_min=3.22925e-07 train_focal=0.380111 train_bce=1.544075 train_acc=0.6449 val_bce=1.815421 val_acc=0.5407 val_auc=0.5319
[2026-03-30 04:24:29] [NEW_BEST] epoch=21 val_bce=1.815421 val_acc=0.5407 val_auc=0.5319
[2026-03-30 04:24:31] [Epoch 22] lr_max=2.9563e-06 lr_min=2.9563e-07 train_focal=0.345841 train_bce=1.650607 train_acc=0.6238 val_bce=2.041649 val_acc=0.5163 val_auc=0.5343
[2026-03-30 04:24:32] [Epoch 23] lr_max=2.68671e-06 lr_min=2.68671e-07 train_focal=0.369549 train_bce=1.478380 train_acc=0.6502 val_bce=1.889769 val_acc=0.5325 val_auc=0.5441
[2026-03-30 04:24:34] [Epoch 24] lr_max=2.42212e-06 lr_min=2.42212e-07 train_focal=0.335733 train_bce=1.486294 train_acc=0.6564 val_bce=2.126060 val_acc=0.4756 val_auc=0.5332
[2026-03-30 04:24:36] [Epoch 25] lr_max=2.16419e-06 lr_min=2.16419e-07 train_focal=0.296647 train_bce=1.319784 train_acc=0.6626 val_bce=1.876977 val_acc=0.5163 val_auc=0.5477
[2026-03-30 04:24:37] [Epoch 26] lr_max=1.91448e-06 lr_min=1.91448e-07 train_focal=0.307240 train_bce=1.518875 train_acc=0.6326 val_bce=1.509781 val_acc=0.5976 val_auc=0.5350
[2026-03-30 04:24:38] [NEW_BEST] epoch=26 val_bce=1.509781 val_acc=0.5976 val_auc=0.5350
[2026-03-30 04:24:39] [Epoch 27] lr_max=1.67456e-06 lr_min=1.67456e-07 train_focal=0.283779 train_bce=1.428576 train_acc=0.6617 val_bce=1.612703 val_acc=0.5569 val_auc=0.5485
[2026-03-30 04:24:41] [Epoch 28] lr_max=1.44589e-06 lr_min=1.44589e-07 train_focal=0.290369 train_bce=1.356597 train_acc=0.6881 val_bce=2.002821 val_acc=0.5000 val_auc=0.5506
[2026-03-30 04:24:43] [Epoch 29] lr_max=1.22988e-06 lr_min=1.22988e-07 train_focal=0.435313 train_bce=1.598429 train_acc=0.6370 val_bce=1.726440 val_acc=0.5325 val_auc=0.5364
[2026-03-30 04:24:44] [Epoch 30] lr_max=1.02787e-06 lr_min=1.02787e-07 train_focal=0.375959 train_bce=1.622282 train_acc=0.6123 val_bce=1.628167 val_acc=0.5569 val_auc=0.5505
[2026-03-30 04:24:46] [Epoch 31] lr_max=8.41095e-07 lr_min=8.41095e-08 train_focal=0.301491 train_bce=1.432039 train_acc=0.6467 val_bce=1.679320 val_acc=0.5650 val_auc=0.5403
[2026-03-30 04:24:48] [Epoch 32] lr_max=6.70718e-07 lr_min=6.70718e-08 train_focal=0.295544 train_bce=1.294494 train_acc=0.6934 val_bce=1.614612 val_acc=0.5772 val_auc=0.5406
[2026-03-30 04:24:49] [Epoch 33] lr_max=5.17784e-07 lr_min=5.17784e-08 train_focal=0.365133 train_bce=1.534076 train_acc=0.6132 val_bce=1.651053 val_acc=0.5732 val_auc=0.5497
[2026-03-30 04:24:51] [Epoch 34] lr_max=3.83237e-07 lr_min=3.83237e-08 train_focal=0.337146 train_bce=1.521020 train_acc=0.6449 val_bce=1.698364 val_acc=0.5569 val_auc=0.5474
[2026-03-30 04:24:53] [Epoch 35] lr_max=2.67905e-07 lr_min=2.67905e-08 train_focal=0.341743 train_bce=1.473663 train_acc=0.6458 val_bce=1.597349 val_acc=0.5732 val_auc=0.5477
[2026-03-30 04:24:55] [Epoch 36] lr_max=1.72501e-07 lr_min=1.72501e-08 train_focal=0.324241 train_bce=1.362955 train_acc=0.6626 val_bce=1.858545 val_acc=0.5163 val_auc=0.5512
[2026-03-30 04:24:55] [early stop] Fold 4 at epoch 36
[2026-03-30 04:24:55] [saved learning curves] /data/Irene/SwinTransformer/Swin_Meta/EffNetB0_outputs/training/efficientnet_b0/Partial_B4_6/OCT1/BS16_EP100_LR7e-06_WD0.01_PARTIAL_FINETUNE_DR0.2_FL0.113_0.887_2_WSon_1_2.8/Kfold/fold4/learning_curves.png
[2026-03-30 04:24:57] [TS] T*=10.000000 | NLL 1.5097812414169312->0.6660488247871399
[2026-03-30 04:24:57] [saved checkpoint] /data/Irene/SwinTransformer/Swin_Meta/checkpoints/efficientnet_b0/Partial_B4_6/OCT1/BS16_EP100_LR7e-06_WD0.01_PARTIAL_FINETUNE_DR0.2_FL0.113_0.887_2_WSon_1_2.8/Kfold/fold4/model_best.pth
[2026-03-30 04:24:57] [saved OOF] /data/Irene/SwinTransformer/Swin_Meta/EffNetB0_outputs/training/efficientnet_b0/Partial_B4_6/OCT1/BS16_EP100_LR7e-06_WD0.01_PARTIAL_FINETUNE_DR0.2_FL0.113_0.887_2_WSon_1_2.8/Kfold/fold4/val_oof_predictions_fold4.csv
