[2026-03-30 04:22:50]   [unfreeze] blocks[4]
[2026-03-30 04:22:50]   [unfreeze] blocks[5]
[2026-03-30 04:22:50]   [unfreeze] blocks[6]
[2026-03-30 04:22:50]   [unfreeze] conv_head
[2026-03-30 04:22:50]   [unfreeze] bn2
[2026-03-30 04:22:50]   [unfreeze] classifier
[2026-03-30 04:22:50]   [PARTIAL_FINETUNE] trainable=3,700,169 / total=4,008,829 (92.3%)
[2026-03-30 04:22:50] Start Fold 3 | MODEL=efficientnet_b0(efficientnet_b0) MODALITY=OCT0 BS=16 EP=100 LR=7e-06 WD=0.01 UNFREEZE_MODE=PARTIAL_FINETUNE DROP_RATE=0.2 FocalAlpha=[0.11, 0.89] FocalGamma=2.0
[2026-03-30 04:22:52] [Epoch 1] lr_max=6.9895e-06 lr_min=6.9895e-07 train_focal=1.488487 train_bce=2.345366 train_acc=0.6619 val_bce=1.773691 val_acc=0.7591 val_auc=0.4559
[2026-03-30 04:22:52] [NEW_BEST] epoch=1 val_bce=1.773691 val_acc=0.7591 val_auc=0.4559
[2026-03-30 04:22:54] [Epoch 2] lr_max=6.95748e-06 lr_min=6.95748e-07 train_focal=1.179079 train_bce=1.911520 train_acc=0.6653 val_bce=1.611793 val_acc=0.7591 val_auc=0.4721
[2026-03-30 04:22:54] [NEW_BEST] epoch=2 val_bce=1.611793 val_acc=0.7591 val_auc=0.4721
[2026-03-30 04:22:56] [Epoch 3] lr_max=6.90415e-06 lr_min=6.90415e-07 train_focal=0.932453 train_bce=1.707054 train_acc=0.6510 val_bce=1.399319 val_acc=0.7628 val_auc=0.5157
[2026-03-30 04:22:57] [NEW_BEST] epoch=3 val_bce=1.399319 val_acc=0.7628 val_auc=0.5157
[2026-03-30 04:22:58] [Epoch 4] lr_max=6.82983e-06 lr_min=6.82983e-07 train_focal=0.862511 train_bce=1.749153 train_acc=0.6385 val_bce=1.216265 val_acc=0.7555 val_auc=0.5442
[2026-03-30 04:22:59] [NEW_BEST] epoch=4 val_bce=1.216265 val_acc=0.7555 val_auc=0.5442
[2026-03-30 04:23:01] [Epoch 5] lr_max=6.73498e-06 lr_min=6.73498e-07 train_focal=0.835625 train_bce=1.751282 train_acc=0.6268 val_bce=1.146149 val_acc=0.7372 val_auc=0.5737
[2026-03-30 04:23:01] [NEW_BEST] epoch=5 val_bce=1.146149 val_acc=0.7372 val_auc=0.5737
[2026-03-30 04:23:03] [Epoch 6] lr_max=6.62019e-06 lr_min=6.62019e-07 train_focal=0.640992 train_bce=1.697855 train_acc=0.6251 val_bce=1.111381 val_acc=0.7226 val_auc=0.5912
[2026-03-30 04:23:03] [NEW_BEST] epoch=6 val_bce=1.111381 val_acc=0.7226 val_auc=0.5912
[2026-03-30 04:23:05] [Epoch 7] lr_max=6.48615e-06 lr_min=6.48615e-07 train_focal=0.555822 train_bce=1.686398 train_acc=0.6318 val_bce=1.047807 val_acc=0.7591 val_auc=0.6036
[2026-03-30 04:23:06] [NEW_BEST] epoch=7 val_bce=1.047807 val_acc=0.7591 val_auc=0.6036
[2026-03-30 04:23:08] [Epoch 8] lr_max=6.33371e-06 lr_min=6.33371e-07 train_focal=0.495294 train_bce=1.632812 train_acc=0.6335 val_bce=1.014526 val_acc=0.7336 val_auc=0.6322
[2026-03-30 04:23:08] [NEW_BEST] epoch=8 val_bce=1.014526 val_acc=0.7336 val_auc=0.6322
[2026-03-30 04:23:10] [Epoch 9] lr_max=6.1638e-06 lr_min=6.1638e-07 train_focal=0.477363 train_bce=1.619487 train_acc=0.6167 val_bce=1.082261 val_acc=0.7299 val_auc=0.6245
[2026-03-30 04:23:12] [Epoch 10] lr_max=5.97746e-06 lr_min=5.97746e-07 train_focal=0.466612 train_bce=1.578681 train_acc=0.6427 val_bce=1.041356 val_acc=0.7044 val_auc=0.6317
[2026-03-30 04:23:15] [Epoch 11] lr_max=5.77585e-06 lr_min=5.77585e-07 train_focal=0.475452 train_bce=1.715342 train_acc=0.6184 val_bce=1.057780 val_acc=0.7226 val_auc=0.6352
[2026-03-30 04:23:17] [Epoch 12] lr_max=5.56021e-06 lr_min=5.56021e-07 train_focal=0.431705 train_bce=1.520971 train_acc=0.6368 val_bce=0.992140 val_acc=0.7190 val_auc=0.6631
[2026-03-30 04:23:17] [NEW_BEST] epoch=12 val_bce=0.992140 val_acc=0.7190 val_auc=0.6631
[2026-03-30 04:23:19] [Epoch 13] lr_max=5.33187e-06 lr_min=5.33187e-07 train_focal=0.442069 train_bce=1.723267 train_acc=0.6418 val_bce=0.953286 val_acc=0.7482 val_auc=0.6399
[2026-03-30 04:23:19] [NEW_BEST] epoch=13 val_bce=0.953286 val_acc=0.7482 val_auc=0.6399
[2026-03-30 04:23:21] [Epoch 14] lr_max=5.09223e-06 lr_min=5.09223e-07 train_focal=0.387520 train_bce=1.519660 train_acc=0.6502 val_bce=1.017988 val_acc=0.7044 val_auc=0.6688
[2026-03-30 04:23:24] [Epoch 15] lr_max=4.84278e-06 lr_min=4.84278e-07 train_focal=0.384171 train_bce=1.443200 train_acc=0.6720 val_bce=0.933842 val_acc=0.7409 val_auc=0.6690
[2026-03-30 04:23:24] [NEW_BEST] epoch=15 val_bce=0.933842 val_acc=0.7409 val_auc=0.6690
[2026-03-30 04:23:26] [Epoch 16] lr_max=4.58504e-06 lr_min=4.58504e-07 train_focal=0.323956 train_bce=1.208274 train_acc=0.7063 val_bce=0.950954 val_acc=0.7336 val_auc=0.6560
[2026-03-30 04:23:28] [Epoch 17] lr_max=4.32062e-06 lr_min=4.32062e-07 train_focal=0.426976 train_bce=1.513815 train_acc=0.6586 val_bce=0.958893 val_acc=0.7555 val_auc=0.6620
[2026-03-30 04:23:31] [Epoch 18] lr_max=4.05114e-06 lr_min=4.05114e-07 train_focal=0.374389 train_bce=1.413739 train_acc=0.6678 val_bce=0.959064 val_acc=0.7518 val_auc=0.6673
[2026-03-30 04:23:33] [Epoch 19] lr_max=3.77826e-06 lr_min=3.77826e-07 train_focal=0.315898 train_bce=1.294901 train_acc=0.7054 val_bce=0.946177 val_acc=0.7555 val_auc=0.6697
[2026-03-30 04:23:35] [Epoch 20] lr_max=3.50367e-06 lr_min=3.50367e-07 train_focal=0.368012 train_bce=1.291694 train_acc=0.6929 val_bce=0.915356 val_acc=0.7701 val_auc=0.6774
[2026-03-30 04:23:36] [NEW_BEST] epoch=20 val_bce=0.915356 val_acc=0.7701 val_auc=0.6774
[2026-03-30 04:23:38] [Epoch 21] lr_max=3.22905e-06 lr_min=3.22905e-07 train_focal=0.396281 train_bce=1.365726 train_acc=0.6962 val_bce=0.879722 val_acc=0.7664 val_auc=0.6698
[2026-03-30 04:23:38] [NEW_BEST] epoch=21 val_bce=0.879722 val_acc=0.7664 val_auc=0.6698
[2026-03-30 04:23:40] [Epoch 22] lr_max=2.9561e-06 lr_min=2.9561e-07 train_focal=0.386373 train_bce=1.345917 train_acc=0.6937 val_bce=0.936447 val_acc=0.7445 val_auc=0.6777
[2026-03-30 04:23:43] [Epoch 23] lr_max=2.68651e-06 lr_min=2.68651e-07 train_focal=0.317347 train_bce=1.363785 train_acc=0.6770 val_bce=0.964564 val_acc=0.7044 val_auc=0.6820
[2026-03-30 04:23:45] [Epoch 24] lr_max=2.42193e-06 lr_min=2.42193e-07 train_focal=0.324135 train_bce=1.207681 train_acc=0.6854 val_bce=0.968610 val_acc=0.7409 val_auc=0.6688
[2026-03-30 04:23:47] [Epoch 25] lr_max=2.16399e-06 lr_min=2.16399e-07 train_focal=0.376359 train_bce=1.249780 train_acc=0.7096 val_bce=0.902212 val_acc=0.7591 val_auc=0.6852
[2026-03-30 04:23:49] [Epoch 26] lr_max=1.9143e-06 lr_min=1.9143e-07 train_focal=0.345208 train_bce=1.309652 train_acc=0.6745 val_bce=0.952794 val_acc=0.7518 val_auc=0.6619
[2026-03-30 04:23:51] [Epoch 27] lr_max=1.67438e-06 lr_min=1.67438e-07 train_focal=0.302037 train_bce=1.244813 train_acc=0.7088 val_bce=0.906992 val_acc=0.7628 val_auc=0.6827
[2026-03-30 04:23:52] [Epoch 28] lr_max=1.44572e-06 lr_min=1.44572e-07 train_focal=0.328205 train_bce=1.253290 train_acc=0.7071 val_bce=0.839383 val_acc=0.7847 val_auc=0.6984
[2026-03-30 04:23:53] [NEW_BEST] epoch=28 val_bce=0.839383 val_acc=0.7847 val_auc=0.6984
[2026-03-30 04:23:55] [Epoch 29] lr_max=1.22972e-06 lr_min=1.22972e-07 train_focal=0.297345 train_bce=1.197799 train_acc=0.7146 val_bce=0.905074 val_acc=0.7591 val_auc=0.6835
[2026-03-30 04:23:57] [Epoch 30] lr_max=1.02772e-06 lr_min=1.02772e-07 train_focal=0.283753 train_bce=1.148659 train_acc=0.7146 val_bce=0.867681 val_acc=0.7664 val_auc=0.6935
[2026-03-30 04:23:59] [Epoch 31] lr_max=8.40961e-07 lr_min=8.40961e-08 train_focal=0.274218 train_bce=1.213666 train_acc=0.7163 val_bce=0.887558 val_acc=0.7482 val_auc=0.6789
[2026-03-30 04:24:01] [Epoch 32] lr_max=6.70596e-07 lr_min=6.70596e-08 train_focal=0.297393 train_bce=1.229311 train_acc=0.7046 val_bce=0.919473 val_acc=0.7591 val_auc=0.6738
[2026-03-30 04:24:04] [Epoch 33] lr_max=5.17676e-07 lr_min=5.17676e-08 train_focal=0.260721 train_bce=1.107651 train_acc=0.7071 val_bce=0.895959 val_acc=0.7628 val_auc=0.6838
[2026-03-30 04:24:06] [Epoch 34] lr_max=3.83143e-07 lr_min=3.83143e-08 train_focal=0.318571 train_bce=1.242910 train_acc=0.7029 val_bce=0.886974 val_acc=0.7847 val_auc=0.6752
[2026-03-30 04:24:08] [Epoch 35] lr_max=2.67826e-07 lr_min=2.67826e-08 train_focal=0.290909 train_bce=1.001773 train_acc=0.7423 val_bce=0.858897 val_acc=0.7701 val_auc=0.6885
[2026-03-30 04:24:10] [Epoch 36] lr_max=1.72437e-07 lr_min=1.72437e-08 train_focal=0.306735 train_bce=1.141000 train_acc=0.7130 val_bce=0.881978 val_acc=0.7628 val_auc=0.6872
[2026-03-30 04:24:13] [Epoch 37] lr_max=9.75628e-08 lr_min=9.75628e-09 train_focal=0.332030 train_bce=1.262622 train_acc=0.7113 val_bce=0.904992 val_acc=0.7628 val_auc=0.6812
[2026-03-30 04:24:15] [Epoch 38] lr_max=4.36661e-08 lr_min=4.36661e-09 train_focal=0.300377 train_bce=1.172011 train_acc=0.7155 val_bce=0.888394 val_acc=0.7664 val_auc=0.6827
[2026-03-30 04:24:15] [early stop] Fold 3 at epoch 38
[2026-03-30 04:24:15] [saved learning curves] /data/Irene/SwinTransformer/Swin_Meta/EffNetB0_outputs/training/efficientnet_b0/Partial_B4_6/OCT0/BS16_EP100_LR7e-06_WD0.01_PARTIAL_FINETUNE_DR0.2_FL0.11_0.89_2_WSon_1_2.9/Kfold/fold3/learning_curves.png
[2026-03-30 04:24:17] [TS] T*=3.781679 | NLL 0.8393834233283997->0.5072761178016663
[2026-03-30 04:24:17] [saved checkpoint] /data/Irene/SwinTransformer/Swin_Meta/checkpoints/efficientnet_b0/Partial_B4_6/OCT0/BS16_EP100_LR7e-06_WD0.01_PARTIAL_FINETUNE_DR0.2_FL0.11_0.89_2_WSon_1_2.9/Kfold/fold3/model_best.pth
[2026-03-30 04:24:17] [saved OOF] /data/Irene/SwinTransformer/Swin_Meta/EffNetB0_outputs/training/efficientnet_b0/Partial_B4_6/OCT0/BS16_EP100_LR7e-06_WD0.01_PARTIAL_FINETUNE_DR0.2_FL0.11_0.89_2_WSon_1_2.9/Kfold/fold3/val_oof_predictions_fold3.csv
