[2026-05-19 02:54:57] Start Fold 2 | MODEL=swin_tiny(swin_tiny_patch4_window7_224) MODALITY=MULTIMODAL IMG=224x448 BS=16 EP=100 LR=6e-06 WD=0.01 UNFREEZE_MODE=FULL_FINETUNE FocalAlpha=[0.13, 0.87] FocalGamma=2.0
[2026-05-19 02:54:59] [Epoch 1] lr_max=5.99117e-06 lr_min=5.99117e-06 train_focal=0.049684 train_bce=0.773577 train_acc=0.2833 val_bce=0.838889 val_acc=0.1587 val_auc=0.6265
[2026-05-19 02:55:01] [NEW_BEST] epoch=1 val_bce=0.838889 val_acc=0.1587 val_auc=0.6265
[2026-05-19 02:55:03] [Epoch 2] lr_max=5.9639e-06 lr_min=5.9639e-06 train_focal=0.042955 train_bce=0.717790 train_acc=0.3991 val_bce=0.755213 val_acc=0.2910 val_auc=0.7185
[2026-05-19 02:55:04] [NEW_BEST] epoch=2 val_bce=0.755213 val_acc=0.2910 val_auc=0.7185
[2026-05-19 02:55:06] [Epoch 3] lr_max=5.91836e-06 lr_min=5.91836e-06 train_focal=0.041723 train_bce=0.681597 train_acc=0.5465 val_bce=0.778234 val_acc=0.2910 val_auc=0.7614
[2026-05-19 02:55:09] [Epoch 4] lr_max=5.85482e-06 lr_min=5.85482e-06 train_focal=0.036437 train_bce=0.638585 train_acc=0.6280 val_bce=0.701718 val_acc=0.4815 val_auc=0.8013
[2026-05-19 02:55:11] [NEW_BEST] epoch=4 val_bce=0.701718 val_acc=0.4815 val_auc=0.8013
[2026-05-19 02:55:13] [Epoch 5] lr_max=5.77368e-06 lr_min=5.77368e-06 train_focal=0.032749 train_bce=0.607755 train_acc=0.6724 val_bce=0.567498 val_acc=0.7619 val_auc=0.8051
[2026-05-19 02:55:14] [NEW_BEST] epoch=5 val_bce=0.567498 val_acc=0.7619 val_auc=0.8051
[2026-05-19 02:55:17] [Epoch 6] lr_max=5.67545e-06 lr_min=5.67545e-06 train_focal=0.029609 train_bce=0.545684 train_acc=0.7582 val_bce=0.542005 val_acc=0.7566 val_auc=0.8148
[2026-05-19 02:55:18] [NEW_BEST] epoch=6 val_bce=0.542005 val_acc=0.7566 val_auc=0.8148
[2026-05-19 02:55:20] [Epoch 7] lr_max=5.56071e-06 lr_min=5.56071e-06 train_focal=0.032549 train_bce=0.568262 train_acc=0.7124 val_bce=0.756463 val_acc=0.4127 val_auc=0.8112
[2026-05-19 02:55:23] [Epoch 8] lr_max=5.43019e-06 lr_min=5.43019e-06 train_focal=0.028710 train_bce=0.522430 train_acc=0.7797 val_bce=0.473713 val_acc=0.8571 val_auc=0.8162
[2026-05-19 02:55:25] [NEW_BEST] epoch=8 val_bce=0.473713 val_acc=0.8571 val_auc=0.8162
[2026-05-19 02:55:27] [Epoch 9] lr_max=5.28469e-06 lr_min=5.28469e-06 train_focal=0.025466 train_bce=0.484588 train_acc=0.8083 val_bce=0.518766 val_acc=0.7831 val_auc=0.8218
[2026-05-19 02:55:30] [Epoch 10] lr_max=5.1251e-06 lr_min=5.1251e-06 train_focal=0.021331 train_bce=0.460960 train_acc=0.8398 val_bce=0.450799 val_acc=0.8571 val_auc=0.8275
[2026-05-19 02:55:31] [NEW_BEST] epoch=10 val_bce=0.450799 val_acc=0.8571 val_auc=0.8275
[2026-05-19 02:55:33] [Epoch 11] lr_max=4.95241e-06 lr_min=4.95241e-06 train_focal=0.025152 train_bce=0.455924 train_acc=0.8240 val_bce=0.535693 val_acc=0.7302 val_auc=0.8426
[2026-05-19 02:55:36] [Epoch 12] lr_max=4.76769e-06 lr_min=4.76769e-06 train_focal=0.019426 train_bce=0.392752 train_acc=0.8712 val_bce=0.455822 val_acc=0.8307 val_auc=0.8355
[2026-05-19 02:55:39] [Epoch 13] lr_max=4.57206e-06 lr_min=4.57206e-06 train_focal=0.019974 train_bce=0.401392 train_acc=0.8598 val_bce=0.493500 val_acc=0.7831 val_auc=0.8332
[2026-05-19 02:55:42] [Epoch 14] lr_max=4.36674e-06 lr_min=4.36674e-06 train_focal=0.014430 train_bce=0.360576 train_acc=0.8999 val_bce=0.437612 val_acc=0.8201 val_auc=0.8395
[2026-05-19 02:55:43] [NEW_BEST] epoch=14 val_bce=0.437612 val_acc=0.8201 val_auc=0.8395
[2026-05-19 02:55:45] [Epoch 15] lr_max=4.153e-06 lr_min=4.153e-06 train_focal=0.015328 train_bce=0.352750 train_acc=0.9041 val_bce=0.406855 val_acc=0.8519 val_auc=0.8653
[2026-05-19 02:55:47] [NEW_BEST] epoch=15 val_bce=0.406855 val_acc=0.8519 val_auc=0.8653
[2026-05-19 02:55:49] [Epoch 16] lr_max=3.93214e-06 lr_min=3.93214e-06 train_focal=0.013520 train_bce=0.339599 train_acc=0.9041 val_bce=0.384096 val_acc=0.8677 val_auc=0.8296
[2026-05-19 02:55:51] [NEW_BEST] epoch=16 val_bce=0.384096 val_acc=0.8677 val_auc=0.8296
[2026-05-19 02:55:53] [Epoch 17] lr_max=3.70554e-06 lr_min=3.70554e-06 train_focal=0.013350 train_bce=0.319103 train_acc=0.9027 val_bce=0.369151 val_acc=0.8730 val_auc=0.8374
[2026-05-19 02:55:54] [NEW_BEST] epoch=17 val_bce=0.369151 val_acc=0.8730 val_auc=0.8374
[2026-05-19 02:55:56] [Epoch 18] lr_max=3.47459e-06 lr_min=3.47459e-06 train_focal=0.013233 train_bce=0.313470 train_acc=0.9199 val_bce=0.355362 val_acc=0.8836 val_auc=0.8256
[2026-05-19 02:55:58] [NEW_BEST] epoch=18 val_bce=0.355362 val_acc=0.8836 val_auc=0.8256
[2026-05-19 02:56:00] [Epoch 19] lr_max=3.24072e-06 lr_min=3.24072e-06 train_focal=0.009669 train_bce=0.258719 train_acc=0.9428 val_bce=0.416110 val_acc=0.8307 val_auc=0.8266
[2026-05-19 02:56:03] [Epoch 20] lr_max=3.00535e-06 lr_min=3.00535e-06 train_focal=0.011996 train_bce=0.295767 train_acc=0.9285 val_bce=0.333793 val_acc=0.8942 val_auc=0.8362
[2026-05-19 02:56:05] [NEW_BEST] epoch=20 val_bce=0.333793 val_acc=0.8942 val_auc=0.8362
[2026-05-19 02:56:07] [Epoch 21] lr_max=2.76996e-06 lr_min=2.76996e-06 train_focal=0.012045 train_bce=0.255663 train_acc=0.9342 val_bce=0.318606 val_acc=0.8942 val_auc=0.8391
[2026-05-19 02:56:08] [NEW_BEST] epoch=21 val_bce=0.318606 val_acc=0.8942 val_auc=0.8391
[2026-05-19 02:56:11] [Epoch 22] lr_max=2.53599e-06 lr_min=2.53599e-06 train_focal=0.010824 train_bce=0.261263 train_acc=0.9242 val_bce=0.353402 val_acc=0.8783 val_auc=0.8370
[2026-05-19 02:56:13] [Epoch 23] lr_max=2.30487e-06 lr_min=2.30487e-06 train_focal=0.008739 train_bce=0.242475 train_acc=0.9413 val_bce=0.338921 val_acc=0.8889 val_auc=0.8306
[2026-05-19 02:56:16] [Epoch 24] lr_max=2.07804e-06 lr_min=2.07804e-06 train_focal=0.008904 train_bce=0.234011 train_acc=0.9499 val_bce=0.346829 val_acc=0.8783 val_auc=0.8424
[2026-05-19 02:56:19] [Epoch 25] lr_max=1.8569e-06 lr_min=1.8569e-06 train_focal=0.009603 train_bce=0.236220 train_acc=0.9471 val_bce=0.324382 val_acc=0.8942 val_auc=0.8454
[2026-05-19 02:56:22] [Epoch 26] lr_max=1.6428e-06 lr_min=1.6428e-06 train_focal=0.009060 train_bce=0.237851 train_acc=0.9413 val_bce=0.319533 val_acc=0.8889 val_auc=0.8289
[2026-05-19 02:56:25] [Epoch 27] lr_max=1.43707e-06 lr_min=1.43707e-06 train_focal=0.009523 train_bce=0.240858 train_acc=0.9485 val_bce=0.334584 val_acc=0.8783 val_auc=0.8270
[2026-05-19 02:56:28] [Epoch 28] lr_max=1.24098e-06 lr_min=1.24098e-06 train_focal=0.007735 train_bce=0.225766 train_acc=0.9499 val_bce=0.318686 val_acc=0.8836 val_auc=0.8358
[2026-05-19 02:56:31] [Epoch 29] lr_max=1.05573e-06 lr_min=1.05573e-06 train_focal=0.007433 train_bce=0.218953 train_acc=0.9614 val_bce=0.325586 val_acc=0.8783 val_auc=0.8301
[2026-05-19 02:56:33] [Epoch 30] lr_max=8.8247e-07 lr_min=8.8247e-07 train_focal=0.007831 train_bce=0.220324 train_acc=0.9557 val_bce=0.320278 val_acc=0.8889 val_auc=0.8353
[2026-05-19 02:56:36] [Epoch 31] lr_max=7.22264e-07 lr_min=7.22264e-07 train_focal=0.007505 train_bce=0.213823 train_acc=0.9557 val_bce=0.308399 val_acc=0.8783 val_auc=0.8318
[2026-05-19 02:56:38] [NEW_BEST] epoch=31 val_bce=0.308399 val_acc=0.8783 val_auc=0.8318
[2026-05-19 02:56:40] [Epoch 32] lr_max=5.761e-07 lr_min=5.761e-07 train_focal=0.005652 train_bce=0.194502 train_acc=0.9657 val_bce=0.318577 val_acc=0.8942 val_auc=0.8360
[2026-05-19 02:56:43] [Epoch 33] lr_max=4.44882e-07 lr_min=4.44882e-07 train_focal=0.006548 train_bce=0.207818 train_acc=0.9685 val_bce=0.322885 val_acc=0.8889 val_auc=0.8360
[2026-05-19 02:56:46] [Epoch 34] lr_max=3.29416e-07 lr_min=3.29416e-07 train_focal=0.006767 train_bce=0.214417 train_acc=0.9428 val_bce=0.306472 val_acc=0.8730 val_auc=0.8320
[2026-05-19 02:56:47] [NEW_BEST] epoch=34 val_bce=0.306472 val_acc=0.8730 val_auc=0.8320
[2026-05-19 02:56:49] [Epoch 35] lr_max=2.30415e-07 lr_min=2.30415e-07 train_focal=0.006461 train_bce=0.195192 train_acc=0.9728 val_bce=0.311905 val_acc=0.8783 val_auc=0.8329
[2026-05-19 02:56:52] [Epoch 36] lr_max=1.4849e-07 lr_min=1.4849e-07 train_focal=0.007694 train_bce=0.209439 train_acc=0.9542 val_bce=0.309951 val_acc=0.8730 val_auc=0.8303
[2026-05-19 02:56:55] [Epoch 37] lr_max=8.4145e-08 lr_min=8.4145e-08 train_focal=0.007114 train_bce=0.212130 train_acc=0.9514 val_bce=0.308049 val_acc=0.8730 val_auc=0.8308
[2026-05-19 02:56:58] [Epoch 38] lr_max=3.77774e-08 lr_min=3.77774e-08 train_focal=0.007426 train_bce=0.201634 train_acc=0.9642 val_bce=0.309560 val_acc=0.8783 val_auc=0.8311
[2026-05-19 02:57:01] [Epoch 39] lr_max=9.67291e-09 lr_min=9.67291e-09 train_focal=0.006689 train_bce=0.196908 train_acc=0.9714 val_bce=0.309711 val_acc=0.8783 val_auc=0.8311
[2026-05-19 02:57:03] [Epoch 40] lr_max=4.77931e-12 lr_min=4.77931e-12 train_focal=0.007947 train_bce=0.217015 train_acc=0.9528 val_bce=0.309693 val_acc=0.8783 val_auc=0.8311
[2026-05-19 02:57:06] [Epoch 41] lr_max=5.99779e-06 lr_min=5.99779e-06 train_focal=0.007520 train_bce=0.212753 train_acc=0.9542 val_bce=0.327962 val_acc=0.8783 val_auc=0.8292
[2026-05-19 02:57:09] [Epoch 42] lr_max=5.99096e-06 lr_min=5.99096e-06 train_focal=0.007430 train_bce=0.203595 train_acc=0.9514 val_bce=0.346012 val_acc=0.8624 val_auc=0.8431
[2026-05-19 02:57:12] [Epoch 43] lr_max=5.97952e-06 lr_min=5.97952e-06 train_focal=0.007021 train_bce=0.183776 train_acc=0.9542 val_bce=0.296689 val_acc=0.8783 val_auc=0.8360
[2026-05-19 02:57:14] [NEW_BEST] epoch=43 val_bce=0.296689 val_acc=0.8783 val_auc=0.8360
[2026-05-19 02:57:16] [Epoch 44] lr_max=5.96348e-06 lr_min=5.96348e-06 train_focal=0.007120 train_bce=0.164207 train_acc=0.9599 val_bce=0.314824 val_acc=0.8783 val_auc=0.8400
[2026-05-19 02:57:18] [Epoch 45] lr_max=5.94288e-06 lr_min=5.94288e-06 train_focal=0.006588 train_bce=0.158791 train_acc=0.9642 val_bce=0.285996 val_acc=0.8836 val_auc=0.8480
[2026-05-19 02:57:20] [NEW_BEST] epoch=45 val_bce=0.285996 val_acc=0.8836 val_auc=0.8480
[2026-05-19 02:57:22] [Epoch 46] lr_max=5.91773e-06 lr_min=5.91773e-06 train_focal=0.007759 train_bce=0.172650 train_acc=0.9614 val_bce=0.319395 val_acc=0.8677 val_auc=0.8299
[2026-05-19 02:57:25] [Epoch 47] lr_max=5.88809e-06 lr_min=5.88809e-06 train_focal=0.007273 train_bce=0.179281 train_acc=0.9571 val_bce=0.294072 val_acc=0.8889 val_auc=0.8325
[2026-05-19 02:57:28] [Epoch 48] lr_max=5.854e-06 lr_min=5.854e-06 train_focal=0.005382 train_bce=0.142270 train_acc=0.9757 val_bce=0.306681 val_acc=0.8836 val_auc=0.8148
[2026-05-19 02:57:31] [Epoch 49] lr_max=5.8155e-06 lr_min=5.8155e-06 train_focal=0.005764 train_bce=0.148798 train_acc=0.9671 val_bce=0.305315 val_acc=0.8889 val_auc=0.8252
[2026-05-19 02:57:34] [Epoch 50] lr_max=5.77266e-06 lr_min=5.77266e-06 train_focal=0.004251 train_bce=0.143571 train_acc=0.9742 val_bce=0.303231 val_acc=0.8889 val_auc=0.8282
[2026-05-19 02:57:36] [Epoch 51] lr_max=5.72555e-06 lr_min=5.72555e-06 train_focal=0.004803 train_bce=0.137843 train_acc=0.9685 val_bce=0.321968 val_acc=0.8942 val_auc=0.8119
[2026-05-19 02:57:39] [Epoch 52] lr_max=5.67423e-06 lr_min=5.67423e-06 train_focal=0.004949 train_bce=0.134516 train_acc=0.9742 val_bce=0.283507 val_acc=0.8889 val_auc=0.8499
[2026-05-19 02:57:41] [NEW_BEST] epoch=52 val_bce=0.283507 val_acc=0.8889 val_auc=0.8499
[2026-05-19 02:57:43] [Epoch 53] lr_max=5.6188e-06 lr_min=5.6188e-06 train_focal=0.008705 train_bce=0.152674 train_acc=0.9571 val_bce=0.350997 val_acc=0.8889 val_auc=0.7994
[2026-05-19 02:57:46] [Epoch 54] lr_max=5.55932e-06 lr_min=5.55932e-06 train_focal=0.003569 train_bce=0.123649 train_acc=0.9814 val_bce=0.327695 val_acc=0.8942 val_auc=0.8195
[2026-05-19 02:57:49] [Epoch 55] lr_max=5.4959e-06 lr_min=5.4959e-06 train_focal=0.002851 train_bce=0.111267 train_acc=0.9843 val_bce=0.323638 val_acc=0.8942 val_auc=0.8419
[2026-05-19 02:57:51] [Epoch 56] lr_max=5.42862e-06 lr_min=5.42862e-06 train_focal=0.003974 train_bce=0.104673 train_acc=0.9828 val_bce=0.298344 val_acc=0.8889 val_auc=0.8421
[2026-05-19 02:57:54] [Epoch 57] lr_max=5.35761e-06 lr_min=5.35761e-06 train_focal=0.003385 train_bce=0.113272 train_acc=0.9814 val_bce=0.328810 val_acc=0.8942 val_auc=0.8235
[2026-05-19 02:57:57] [Epoch 58] lr_max=5.28296e-06 lr_min=5.28296e-06 train_focal=0.003258 train_bce=0.102575 train_acc=0.9828 val_bce=0.340513 val_acc=0.8995 val_auc=0.8506
[2026-05-19 02:58:00] [Epoch 59] lr_max=5.20478e-06 lr_min=5.20478e-06 train_focal=0.001996 train_bce=0.094882 train_acc=0.9928 val_bce=0.317894 val_acc=0.8942 val_auc=0.8509
[2026-05-19 02:58:03] [Epoch 60] lr_max=5.12321e-06 lr_min=5.12321e-06 train_focal=0.003427 train_bce=0.104288 train_acc=0.9800 val_bce=0.320345 val_acc=0.8942 val_auc=0.8424
[2026-05-19 02:58:05] [Epoch 61] lr_max=5.03837e-06 lr_min=5.03837e-06 train_focal=0.001712 train_bce=0.078794 train_acc=0.9871 val_bce=0.370220 val_acc=0.8942 val_auc=0.8480
[2026-05-19 02:58:08] [Epoch 62] lr_max=4.95038e-06 lr_min=4.95038e-06 train_focal=0.003245 train_bce=0.083607 train_acc=0.9843 val_bce=0.380929 val_acc=0.8889 val_auc=0.8282
[2026-05-19 02:58:09] [early stop] Fold 2 at epoch 62
[2026-05-19 02:58:10] [saved learning curves] /data/Irene/SwinTransformer/Swin_Meta/Multimodal_outputs/training/swin_tiny/MULTIMODAL/MULTIMODAL_BS16_EP100_LR6e-06_WD0.01_FULL_FINETUNE_FL0.13_0.87_2_WSon_1_2.6/Kfold/fold2/learning_curves.png
[2026-05-19 02:58:11] [TS] T*=1.000000 | NLL None->None
[2026-05-19 02:58:11] [saved checkpoint] /data/Irene/SwinTransformer/Swin_Meta/Multimodal_outputs/checkpoints/swin_tiny/MULTIMODAL/MULTIMODAL_BS16_EP100_LR6e-06_WD0.01_FULL_FINETUNE_FL0.13_0.87_2_WSon_1_2.6/Kfold/fold2/model_best.pth
[2026-05-19 02:58:11] [saved OOF] /data/Irene/SwinTransformer/Swin_Meta/Multimodal_outputs/training/swin_tiny/MULTIMODAL/MULTIMODAL_BS16_EP100_LR6e-06_WD0.01_FULL_FINETUNE_FL0.13_0.87_2_WSon_1_2.6/Kfold/fold2/val_oof_predictions_fold2.csv
