[2026-03-30 04:36:24]   [unfreeze] blocks[4]
[2026-03-30 04:36:24]   [unfreeze] blocks[5]
[2026-03-30 04:36:24]   [unfreeze] blocks[6]
[2026-03-30 04:36:24]   [unfreeze] conv_head
[2026-03-30 04:36:24]   [unfreeze] bn2
[2026-03-30 04:36:24]   [unfreeze] classifier
[2026-03-30 04:36:24]   [PARTIAL_FINETUNE] trainable=3,700,169 / total=4,008,829 (92.3%)
[2026-03-30 04:36:24] Start Fold 2 | MODEL=efficientnet_b0(efficientnet_b0) MODALITY=OCT0 BS=16 EP=100 LR=8e-06 WD=0.01 UNFREEZE_MODE=PARTIAL_FINETUNE DROP_RATE=0.2 FocalAlpha=[0.11, 0.89] FocalGamma=2.0
[2026-03-30 04:36:27] [Epoch 1] lr_max=7.988e-06 lr_min=7.988e-07 train_focal=0.699809 train_bce=2.331530 train_acc=0.5121 val_bce=1.984761 val_acc=0.5478 val_auc=0.6082
[2026-03-30 04:36:27] [NEW_BEST] epoch=1 val_bce=1.984761 val_acc=0.5478 val_auc=0.6082
[2026-03-30 04:36:30] [Epoch 2] lr_max=7.95141e-06 lr_min=7.95141e-07 train_focal=0.558645 train_bce=2.275231 train_acc=0.5155 val_bce=1.874392 val_acc=0.5551 val_auc=0.6225
[2026-03-30 04:36:30] [NEW_BEST] epoch=2 val_bce=1.874392 val_acc=0.5551 val_auc=0.6225
[2026-03-30 04:36:33] [Epoch 3] lr_max=7.89046e-06 lr_min=7.89046e-07 train_focal=0.516590 train_bce=2.221842 train_acc=0.5363 val_bce=1.614401 val_acc=0.6103 val_auc=0.6318
[2026-03-30 04:36:34] [NEW_BEST] epoch=3 val_bce=1.614401 val_acc=0.6103 val_auc=0.6318
[2026-03-30 04:36:37] [Epoch 4] lr_max=7.80552e-06 lr_min=7.80552e-07 train_focal=0.528931 train_bce=2.083296 train_acc=0.5806 val_bce=1.693396 val_acc=0.5956 val_auc=0.6636
[2026-03-30 04:36:39] [Epoch 5] lr_max=7.69712e-06 lr_min=7.69712e-07 train_focal=0.445302 train_bce=1.976499 train_acc=0.5815 val_bce=1.391137 val_acc=0.6507 val_auc=0.6624
[2026-03-30 04:36:40] [NEW_BEST] epoch=5 val_bce=1.391137 val_acc=0.6507 val_auc=0.6624
[2026-03-30 04:36:42] [Epoch 6] lr_max=7.56593e-06 lr_min=7.56593e-07 train_focal=0.412010 train_bce=1.985053 train_acc=0.5714 val_bce=1.425165 val_acc=0.6618 val_auc=0.6552
[2026-03-30 04:36:45] [Epoch 7] lr_max=7.41275e-06 lr_min=7.41275e-07 train_focal=0.412608 train_bce=1.894154 train_acc=0.5831 val_bce=1.436939 val_acc=0.6140 val_auc=0.6664
[2026-03-30 04:36:48] [Epoch 8] lr_max=7.23853e-06 lr_min=7.23853e-07 train_focal=0.417330 train_bce=1.806319 train_acc=0.6065 val_bce=1.588206 val_acc=0.5956 val_auc=0.6694
[2026-03-30 04:36:50] [Epoch 9] lr_max=7.04434e-06 lr_min=7.04434e-07 train_focal=0.385347 train_bce=1.701213 train_acc=0.6182 val_bce=1.105368 val_acc=0.7243 val_auc=0.6844
[2026-03-30 04:36:51] [NEW_BEST] epoch=9 val_bce=1.105368 val_acc=0.7243 val_auc=0.6844
[2026-03-30 04:36:53] [Epoch 10] lr_max=6.83139e-06 lr_min=6.83139e-07 train_focal=0.391586 train_bce=1.694735 train_acc=0.6182 val_bce=1.478803 val_acc=0.6213 val_auc=0.6929
[2026-03-30 04:36:56] [Epoch 11] lr_max=6.60098e-06 lr_min=6.60098e-07 train_focal=0.372656 train_bce=1.671279 train_acc=0.6341 val_bce=1.288506 val_acc=0.6360 val_auc=0.6994
[2026-03-30 04:36:59] [Epoch 12] lr_max=6.35453e-06 lr_min=6.35453e-07 train_focal=0.360082 train_bce=1.575072 train_acc=0.6307 val_bce=1.324991 val_acc=0.6360 val_auc=0.6943
[2026-03-30 04:37:02] [Epoch 13] lr_max=6.09356e-06 lr_min=6.09356e-07 train_focal=0.289680 train_bce=1.470692 train_acc=0.6433 val_bce=1.339340 val_acc=0.6434 val_auc=0.6912
[2026-03-30 04:37:06] [Epoch 14] lr_max=5.81969e-06 lr_min=5.81969e-07 train_focal=0.372508 train_bce=1.471665 train_acc=0.6449 val_bce=1.417701 val_acc=0.6103 val_auc=0.6990
[2026-03-30 04:37:09] [Epoch 15] lr_max=5.5346e-06 lr_min=5.5346e-07 train_focal=0.303626 train_bce=1.612306 train_acc=0.6249 val_bce=1.072866 val_acc=0.7022 val_auc=0.6990
[2026-03-30 04:37:09] [NEW_BEST] epoch=15 val_bce=1.072866 val_acc=0.7022 val_auc=0.6990
[2026-03-30 04:37:12] [Epoch 16] lr_max=5.24005e-06 lr_min=5.24005e-07 train_focal=0.332314 train_bce=1.493721 train_acc=0.6734 val_bce=1.213399 val_acc=0.6801 val_auc=0.6975
[2026-03-30 04:37:16] [Epoch 17] lr_max=4.93785e-06 lr_min=4.93785e-07 train_focal=0.335335 train_bce=1.590798 train_acc=0.6516 val_bce=1.087763 val_acc=0.7132 val_auc=0.7102
[2026-03-30 04:37:19] [Epoch 18] lr_max=4.62987e-06 lr_min=4.62987e-07 train_focal=0.308401 train_bce=1.474691 train_acc=0.6416 val_bce=1.088719 val_acc=0.6985 val_auc=0.7128
[2026-03-30 04:37:22] [Epoch 19] lr_max=4.31801e-06 lr_min=4.31801e-07 train_focal=0.315350 train_bce=1.246913 train_acc=0.6892 val_bce=0.937213 val_acc=0.7316 val_auc=0.7207
[2026-03-30 04:37:23] [NEW_BEST] epoch=19 val_bce=0.937213 val_acc=0.7316 val_auc=0.7207
[2026-03-30 04:37:26] [Epoch 20] lr_max=4.00419e-06 lr_min=4.00419e-07 train_focal=0.333273 train_bce=1.383033 train_acc=0.6558 val_bce=0.974468 val_acc=0.7353 val_auc=0.7071
[2026-03-30 04:37:29] [Epoch 21] lr_max=3.69034e-06 lr_min=3.69034e-07 train_focal=0.290500 train_bce=1.285349 train_acc=0.6717 val_bce=1.106686 val_acc=0.7022 val_auc=0.7132
[2026-03-30 04:37:32] [Epoch 22] lr_max=3.3784e-06 lr_min=3.3784e-07 train_focal=0.281467 train_bce=1.400338 train_acc=0.6541 val_bce=1.035402 val_acc=0.7059 val_auc=0.7336
[2026-03-30 04:37:35] [Epoch 23] lr_max=3.07029e-06 lr_min=3.07029e-07 train_focal=0.289050 train_bce=1.322655 train_acc=0.6800 val_bce=0.946422 val_acc=0.7316 val_auc=0.7260
[2026-03-30 04:37:38] [Epoch 24] lr_max=2.76792e-06 lr_min=2.76792e-07 train_focal=0.316898 train_bce=1.320394 train_acc=0.6959 val_bce=1.033534 val_acc=0.7096 val_auc=0.7200
[2026-03-30 04:37:41] [Epoch 25] lr_max=2.47314e-06 lr_min=2.47314e-07 train_focal=0.287520 train_bce=1.313980 train_acc=0.6909 val_bce=1.103837 val_acc=0.6654 val_auc=0.7053
[2026-03-30 04:37:44] [Epoch 26] lr_max=2.18777e-06 lr_min=2.18777e-07 train_focal=0.246092 train_bce=1.278092 train_acc=0.6959 val_bce=0.907710 val_acc=0.7426 val_auc=0.7291
[2026-03-30 04:37:44] [NEW_BEST] epoch=26 val_bce=0.907710 val_acc=0.7426 val_auc=0.7291
[2026-03-30 04:37:46] [Epoch 27] lr_max=1.91358e-06 lr_min=1.91358e-07 train_focal=0.304874 train_bce=1.306092 train_acc=0.6734 val_bce=0.960409 val_acc=0.7206 val_auc=0.7186
[2026-03-30 04:37:49] [Epoch 28] lr_max=1.65225e-06 lr_min=1.65225e-07 train_focal=0.328961 train_bce=1.338383 train_acc=0.7043 val_bce=1.084709 val_acc=0.6801 val_auc=0.7263
[2026-03-30 04:37:52] [Epoch 29] lr_max=1.40539e-06 lr_min=1.40539e-07 train_focal=0.288046 train_bce=1.202021 train_acc=0.6959 val_bce=1.053321 val_acc=0.7169 val_auc=0.7130
[2026-03-30 04:37:55] [Epoch 30] lr_max=1.17454e-06 lr_min=1.17454e-07 train_focal=0.320842 train_bce=1.322556 train_acc=0.6934 val_bce=0.981997 val_acc=0.7132 val_auc=0.7328
[2026-03-30 04:37:57] [Epoch 31] lr_max=9.61098e-07 lr_min=9.61098e-08 train_focal=0.324311 train_bce=1.295323 train_acc=0.7026 val_bce=0.928115 val_acc=0.7316 val_auc=0.7304
[2026-03-30 04:38:00] [Epoch 32] lr_max=7.66396e-07 lr_min=7.66396e-08 train_focal=0.278532 train_bce=1.238083 train_acc=0.6892 val_bce=0.932774 val_acc=0.7353 val_auc=0.7243
[2026-03-30 04:38:03] [Epoch 33] lr_max=5.9163e-07 lr_min=5.9163e-08 train_focal=0.287804 train_bce=1.254590 train_acc=0.7059 val_bce=0.979650 val_acc=0.7206 val_auc=0.7148
[2026-03-30 04:38:05] [Epoch 34] lr_max=4.37878e-07 lr_min=4.37878e-08 train_focal=0.298128 train_bce=1.193798 train_acc=0.7068 val_bce=0.993200 val_acc=0.7206 val_auc=0.7308
[2026-03-30 04:38:07] [Epoch 35] lr_max=3.06087e-07 lr_min=3.06087e-08 train_focal=0.274287 train_bce=1.341350 train_acc=0.7001 val_bce=0.789873 val_acc=0.7831 val_auc=0.7299
[2026-03-30 04:38:08] [NEW_BEST] epoch=35 val_bce=0.789873 val_acc=0.7831 val_auc=0.7299
[2026-03-30 04:38:10] [Epoch 36] lr_max=1.9707e-07 lr_min=1.9707e-08 train_focal=0.287641 train_bce=1.203681 train_acc=0.7051 val_bce=1.042740 val_acc=0.6985 val_auc=0.7145
[2026-03-30 04:38:13] [Epoch 37] lr_max=1.115e-07 lr_min=1.115e-08 train_focal=0.261878 train_bce=1.209027 train_acc=0.7143 val_bce=1.067878 val_acc=0.7206 val_auc=0.7227
[2026-03-30 04:38:16] [Epoch 38] lr_max=4.99041e-08 lr_min=4.99041e-09 train_focal=0.260591 train_bce=1.190343 train_acc=0.6951 val_bce=1.046648 val_acc=0.7132 val_auc=0.7241
[2026-03-30 04:38:19] [Epoch 39] lr_max=1.26615e-08 lr_min=1.26615e-09 train_focal=0.294416 train_bce=1.303824 train_acc=0.7009 val_bce=0.973840 val_acc=0.7243 val_auc=0.7114
[2026-03-30 04:38:22] [Epoch 40] lr_max=2.19325e-12 lr_min=2.19325e-13 train_focal=0.299791 train_bce=1.153683 train_acc=0.7218 val_bce=0.867981 val_acc=0.7574 val_auc=0.7287
[2026-03-30 04:38:25] [Epoch 41] lr_max=7.997e-06 lr_min=7.997e-07 train_focal=0.272586 train_bce=1.161604 train_acc=0.7101 val_bce=1.023193 val_acc=0.6985 val_auc=0.7283
[2026-03-30 04:38:27] [Epoch 42] lr_max=7.98783e-06 lr_min=7.98783e-07 train_focal=0.287450 train_bce=1.216342 train_acc=0.6917 val_bce=1.051381 val_acc=0.7169 val_auc=0.7277
[2026-03-30 04:38:30] [Epoch 43] lr_max=7.97252e-06 lr_min=7.97252e-07 train_focal=0.302682 train_bce=1.157313 train_acc=0.7201 val_bce=0.889275 val_acc=0.7463 val_auc=0.7292
[2026-03-30 04:38:33] [Epoch 44] lr_max=7.95108e-06 lr_min=7.95108e-07 train_focal=0.288147 train_bce=1.259236 train_acc=0.6859 val_bce=1.015839 val_acc=0.7132 val_auc=0.7328
[2026-03-30 04:38:36] [Epoch 45] lr_max=7.92355e-06 lr_min=7.92355e-07 train_focal=0.251701 train_bce=1.133637 train_acc=0.7135 val_bce=0.823496 val_acc=0.7574 val_auc=0.7304
[2026-03-30 04:38:36] [early stop] Fold 2 at epoch 45
[2026-03-30 04:38:36] [saved learning curves] /data/Irene/SwinTransformer/Swin_Meta/EffNetB0_outputs/training/efficientnet_b0/Partial_B4_6/OCT0/BS16_EP100_LR8e-06_WD0.01_PARTIAL_FINETUNE_DR0.2_FL0.11_0.89_2_WSon_1_2.9/Kfold/fold2/learning_curves.png
[2026-03-30 04:38:43] [TS] T*=3.451814 | NLL 0.7898727059364319->0.4903029203414917
[2026-03-30 04:38:43] [saved checkpoint] /data/Irene/SwinTransformer/Swin_Meta/checkpoints/efficientnet_b0/Partial_B4_6/OCT0/BS16_EP100_LR8e-06_WD0.01_PARTIAL_FINETUNE_DR0.2_FL0.11_0.89_2_WSon_1_2.9/Kfold/fold2/model_best.pth
[2026-03-30 04:38:43] [saved OOF] /data/Irene/SwinTransformer/Swin_Meta/EffNetB0_outputs/training/efficientnet_b0/Partial_B4_6/OCT0/BS16_EP100_LR8e-06_WD0.01_PARTIAL_FINETUNE_DR0.2_FL0.11_0.89_2_WSon_1_2.9/Kfold/fold2/val_oof_predictions_fold2.csv
