[2026-03-30 04:45:18]   [unfreeze] blocks[4]
[2026-03-30 04:45:18]   [unfreeze] blocks[5]
[2026-03-30 04:45:18]   [unfreeze] blocks[6]
[2026-03-30 04:45:18]   [unfreeze] conv_head
[2026-03-30 04:45:18]   [unfreeze] bn2
[2026-03-30 04:45:18]   [unfreeze] classifier
[2026-03-30 04:45:18]   [PARTIAL_FINETUNE] trainable=3,700,169 / total=4,008,829 (92.3%)
[2026-03-30 04:45:18] Start Fold 1 | MODEL=efficientnet_b0(efficientnet_b0) MODALITY=OCT0 BS=16 EP=100 LR=1e-05 WD=0.01 UNFREEZE_MODE=PARTIAL_FINETUNE DROP_RATE=0.2 FocalAlpha=[0.11, 0.89] FocalGamma=2.0
[2026-03-30 04:45:21] [Epoch 1] lr_max=9.98502e-06 lr_min=9.98502e-07 train_focal=0.622192 train_bce=4.405380 train_acc=0.3859 val_bce=3.434081 val_acc=0.4290 val_auc=0.4320
[2026-03-30 04:45:21] [NEW_BEST] epoch=1 val_bce=3.434081 val_acc=0.4290 val_auc=0.4320
[2026-03-30 04:45:23] [Epoch 2] lr_max=9.93932e-06 lr_min=9.93932e-07 train_focal=0.534741 train_bce=4.026003 train_acc=0.3957 val_bce=3.484209 val_acc=0.4034 val_auc=0.4575
[2026-03-30 04:45:25] [Epoch 3] lr_max=9.86316e-06 lr_min=9.86316e-07 train_focal=0.511260 train_bce=3.321610 train_acc=0.4548 val_bce=2.944020 val_acc=0.4403 val_auc=0.4735
[2026-03-30 04:45:25] [NEW_BEST] epoch=3 val_bce=2.944020 val_acc=0.4403 val_auc=0.4735
[2026-03-30 04:45:26] [Epoch 4] lr_max=9.75701e-06 lr_min=9.75701e-07 train_focal=0.462481 train_bce=2.856965 train_acc=0.4897 val_bce=2.999438 val_acc=0.4375 val_auc=0.4883
[2026-03-30 04:45:28] [Epoch 5] lr_max=9.62154e-06 lr_min=9.62154e-07 train_focal=0.433537 train_bce=2.665635 train_acc=0.5372 val_bce=2.727770 val_acc=0.4943 val_auc=0.5104
[2026-03-30 04:45:28] [NEW_BEST] epoch=5 val_bce=2.727770 val_acc=0.4943 val_auc=0.5104
[2026-03-30 04:45:30] [Epoch 6] lr_max=9.45758e-06 lr_min=9.45758e-07 train_focal=0.415721 train_bce=2.410419 train_acc=0.5416 val_bce=2.596221 val_acc=0.4943 val_auc=0.5192
[2026-03-30 04:45:30] [NEW_BEST] epoch=6 val_bce=2.596221 val_acc=0.4943 val_auc=0.5192
[2026-03-30 04:45:31] [Epoch 7] lr_max=9.26613e-06 lr_min=9.26613e-07 train_focal=0.432593 train_bce=2.345601 train_acc=0.5542 val_bce=2.388867 val_acc=0.5000 val_auc=0.5256
[2026-03-30 04:45:32] [NEW_BEST] epoch=7 val_bce=2.388867 val_acc=0.5000 val_auc=0.5256
[2026-03-30 04:45:33] [Epoch 8] lr_max=9.04838e-06 lr_min=9.04838e-07 train_focal=0.368623 train_bce=2.260316 train_acc=0.5497 val_bce=2.276012 val_acc=0.5227 val_auc=0.5389
[2026-03-30 04:45:34] [NEW_BEST] epoch=8 val_bce=2.276012 val_acc=0.5227 val_auc=0.5389
[2026-03-30 04:45:35] [Epoch 9] lr_max=8.80567e-06 lr_min=8.80567e-07 train_focal=0.386857 train_bce=2.040251 train_acc=0.5819 val_bce=2.188643 val_acc=0.5369 val_auc=0.5650
[2026-03-30 04:45:36] [NEW_BEST] epoch=9 val_bce=2.188643 val_acc=0.5369 val_auc=0.5650
[2026-03-30 04:45:37] [Epoch 10] lr_max=8.5395e-06 lr_min=8.5395e-07 train_focal=0.380334 train_bce=1.875965 train_acc=0.5900 val_bce=2.305425 val_acc=0.5199 val_auc=0.5518
[2026-03-30 04:45:39] [Epoch 11] lr_max=8.2515e-06 lr_min=8.2515e-07 train_focal=0.343860 train_bce=1.990663 train_acc=0.5953 val_bce=2.057485 val_acc=0.5369 val_auc=0.5637
[2026-03-30 04:45:39] [NEW_BEST] epoch=11 val_bce=2.057485 val_acc=0.5369 val_auc=0.5637
[2026-03-30 04:45:41] [Epoch 12] lr_max=7.94346e-06 lr_min=7.94346e-07 train_focal=0.351204 train_bce=1.782483 train_acc=0.6294 val_bce=2.101406 val_acc=0.5341 val_auc=0.5785
[2026-03-30 04:45:42] [Epoch 13] lr_max=7.61727e-06 lr_min=7.61727e-07 train_focal=0.370369 train_bce=1.694803 train_acc=0.6374 val_bce=2.047995 val_acc=0.5426 val_auc=0.5785
[2026-03-30 04:45:42] [NEW_BEST] epoch=13 val_bce=2.047995 val_acc=0.5426 val_auc=0.5785
[2026-03-30 04:45:44] [Epoch 14] lr_max=7.27495e-06 lr_min=7.27495e-07 train_focal=0.394367 train_bce=1.790532 train_acc=0.6204 val_bce=2.005827 val_acc=0.5483 val_auc=0.5794
[2026-03-30 04:45:44] [NEW_BEST] epoch=14 val_bce=2.005827 val_acc=0.5483 val_auc=0.5794
[2026-03-30 04:45:46] [Epoch 15] lr_max=6.9186e-06 lr_min=6.9186e-07 train_focal=0.322660 train_bce=1.643065 train_acc=0.6321 val_bce=1.707541 val_acc=0.5852 val_auc=0.5921
[2026-03-30 04:45:46] [NEW_BEST] epoch=15 val_bce=1.707541 val_acc=0.5852 val_auc=0.5921
[2026-03-30 04:45:48] [Epoch 16] lr_max=6.55042e-06 lr_min=6.55042e-07 train_focal=0.345120 train_bce=1.521527 train_acc=0.6509 val_bce=1.933075 val_acc=0.5540 val_auc=0.6017
[2026-03-30 04:45:49] [Epoch 17] lr_max=6.17268e-06 lr_min=6.17268e-07 train_focal=0.385847 train_bce=1.767105 train_acc=0.6428 val_bce=1.949261 val_acc=0.5597 val_auc=0.6029
[2026-03-30 04:45:51] [Epoch 18] lr_max=5.78771e-06 lr_min=5.78771e-07 train_focal=0.285377 train_bce=1.382810 train_acc=0.6705 val_bce=1.780428 val_acc=0.5710 val_auc=0.6078
[2026-03-30 04:45:53] [Epoch 19] lr_max=5.39789e-06 lr_min=5.39789e-07 train_focal=0.345353 train_bce=1.381723 train_acc=0.6732 val_bce=1.720224 val_acc=0.5852 val_auc=0.6129
[2026-03-30 04:45:55] [Epoch 20] lr_max=5.00561e-06 lr_min=5.00561e-07 train_focal=0.257413 train_bce=1.308669 train_acc=0.6902 val_bce=1.902669 val_acc=0.5625 val_auc=0.6027
[2026-03-30 04:45:57] [Epoch 21] lr_max=4.6133e-06 lr_min=4.6133e-07 train_focal=0.243193 train_bce=1.136562 train_acc=0.7261 val_bce=1.566468 val_acc=0.6108 val_auc=0.6020
[2026-03-30 04:45:57] [NEW_BEST] epoch=21 val_bce=1.566468 val_acc=0.6108 val_auc=0.6020
[2026-03-30 04:45:59] [Epoch 22] lr_max=4.22337e-06 lr_min=4.22337e-07 train_focal=0.308702 train_bce=1.324828 train_acc=0.6813 val_bce=1.547692 val_acc=0.6250 val_auc=0.6068
[2026-03-30 04:45:59] [NEW_BEST] epoch=22 val_bce=1.547692 val_acc=0.6250 val_auc=0.6068
[2026-03-30 04:46:00] [Epoch 23] lr_max=3.83823e-06 lr_min=3.83823e-07 train_focal=0.294478 train_bce=1.283313 train_acc=0.6893 val_bce=1.643317 val_acc=0.5881 val_auc=0.6049
[2026-03-30 04:46:02] [Epoch 24] lr_max=3.46025e-06 lr_min=3.46025e-07 train_focal=0.327301 train_bce=1.300483 train_acc=0.7001 val_bce=1.479279 val_acc=0.6307 val_auc=0.6056
[2026-03-30 04:46:02] [NEW_BEST] epoch=24 val_bce=1.479279 val_acc=0.6307 val_auc=0.6056
[2026-03-30 04:46:04] [Epoch 25] lr_max=3.09177e-06 lr_min=3.09177e-07 train_focal=0.319027 train_bce=1.212579 train_acc=0.7046 val_bce=1.543641 val_acc=0.6023 val_auc=0.6040
[2026-03-30 04:46:06] [Epoch 26] lr_max=2.73505e-06 lr_min=2.73505e-07 train_focal=0.327160 train_bce=1.208495 train_acc=0.7099 val_bce=1.535092 val_acc=0.6222 val_auc=0.6090
[2026-03-30 04:46:08] [Epoch 27] lr_max=2.39229e-06 lr_min=2.39229e-07 train_focal=0.288664 train_bce=1.266914 train_acc=0.7001 val_bce=1.610676 val_acc=0.6165 val_auc=0.6188
[2026-03-30 04:46:09] [Epoch 28] lr_max=2.06561e-06 lr_min=2.06561e-07 train_focal=0.280828 train_bce=1.045037 train_acc=0.7180 val_bce=1.555384 val_acc=0.6165 val_auc=0.6196
[2026-03-30 04:46:11] [Epoch 29] lr_max=1.75703e-06 lr_min=1.75703e-07 train_focal=0.288376 train_bce=1.238966 train_acc=0.7028 val_bce=1.561375 val_acc=0.5966 val_auc=0.6051
[2026-03-30 04:46:13] [Epoch 30] lr_max=1.46844e-06 lr_min=1.46844e-07 train_focal=0.286810 train_bce=1.205415 train_acc=0.7046 val_bce=1.558239 val_acc=0.6222 val_auc=0.6156
[2026-03-30 04:46:14] [Epoch 31] lr_max=1.20162e-06 lr_min=1.20162e-07 train_focal=0.273618 train_bce=1.199907 train_acc=0.6983 val_bce=1.461087 val_acc=0.6250 val_auc=0.6186
[2026-03-30 04:46:15] [NEW_BEST] epoch=31 val_bce=1.461087 val_acc=0.6250 val_auc=0.6186
[2026-03-30 04:46:17] [Epoch 32] lr_max=9.58215e-07 lr_min=9.58215e-08 train_focal=0.342918 train_bce=1.367592 train_acc=0.6902 val_bce=1.557883 val_acc=0.6051 val_auc=0.6147
[2026-03-30 04:46:18] [Epoch 33] lr_max=7.39733e-07 lr_min=7.39733e-08 train_focal=0.277567 train_bce=1.206634 train_acc=0.7046 val_bce=1.459652 val_acc=0.6307 val_auc=0.6161
[2026-03-30 04:46:19] [NEW_BEST] epoch=33 val_bce=1.459652 val_acc=0.6307 val_auc=0.6161
[2026-03-30 04:46:20] [Epoch 34] lr_max=5.47517e-07 lr_min=5.47517e-08 train_focal=0.308140 train_bce=1.201756 train_acc=0.7225 val_bce=1.514296 val_acc=0.6278 val_auc=0.6151
[2026-03-30 04:46:22] [Epoch 35] lr_max=3.82752e-07 lr_min=3.82752e-08 train_focal=0.281387 train_bce=1.122676 train_acc=0.7171 val_bce=1.607627 val_acc=0.6108 val_auc=0.6176
[2026-03-30 04:46:24] [Epoch 36] lr_max=2.46454e-07 lr_min=2.46454e-08 train_focal=0.263298 train_bce=1.124541 train_acc=0.7064 val_bce=1.535969 val_acc=0.6136 val_auc=0.6325
[2026-03-30 04:46:25] [Epoch 37] lr_max=1.39463e-07 lr_min=1.39463e-08 train_focal=0.312724 train_bce=1.264519 train_acc=0.6938 val_bce=1.514465 val_acc=0.6222 val_auc=0.6118
[2026-03-30 04:46:27] [Epoch 38] lr_max=6.2439e-08 lr_min=6.2439e-09 train_focal=0.273767 train_bce=1.267237 train_acc=0.6956 val_bce=1.683907 val_acc=0.6023 val_auc=0.6015
[2026-03-30 04:46:29] [Epoch 39] lr_max=1.58566e-08 lr_min=1.58566e-09 train_focal=0.270842 train_bce=1.216134 train_acc=0.7144 val_bce=1.520761 val_acc=0.6250 val_auc=0.6286
[2026-03-30 04:46:31] [Epoch 40] lr_max=3.14719e-12 lr_min=3.14719e-13 train_focal=0.304935 train_bce=1.208691 train_acc=0.7001 val_bce=1.464325 val_acc=0.6392 val_auc=0.6132
[2026-03-30 04:46:33] [Epoch 41] lr_max=9.99625e-06 lr_min=9.99625e-07 train_focal=0.315749 train_bce=1.228586 train_acc=0.7153 val_bce=1.593171 val_acc=0.6108 val_auc=0.6110
[2026-03-30 04:46:35] [Epoch 42] lr_max=9.98481e-06 lr_min=9.98481e-07 train_focal=0.288247 train_bce=1.213147 train_acc=0.7126 val_bce=1.590091 val_acc=0.6080 val_auc=0.6282
[2026-03-30 04:46:37] [Epoch 43] lr_max=9.96567e-06 lr_min=9.96567e-07 train_focal=0.264556 train_bce=1.112476 train_acc=0.7484 val_bce=1.537029 val_acc=0.6222 val_auc=0.6241
[2026-03-30 04:46:37] [early stop] Fold 1 at epoch 43
[2026-03-30 04:46:37] [saved learning curves] /data/Irene/SwinTransformer/Swin_Meta/EffNetB0_outputs/training/efficientnet_b0/Partial_B4_6/OCT0/BS16_EP100_LR1e-05_WD0.01_PARTIAL_FINETUNE_DR0.2_FL0.11_0.89_2_WSon_1_2.9/Kfold/fold1/learning_curves.png
[2026-03-30 04:46:39] [TS] T*=7.345163 | NLL 1.459652304649353->0.624350905418396
[2026-03-30 04:46:39] [saved checkpoint] /data/Irene/SwinTransformer/Swin_Meta/checkpoints/efficientnet_b0/Partial_B4_6/OCT0/BS16_EP100_LR1e-05_WD0.01_PARTIAL_FINETUNE_DR0.2_FL0.11_0.89_2_WSon_1_2.9/Kfold/fold1/model_best.pth
[2026-03-30 04:46:39] [saved OOF] /data/Irene/SwinTransformer/Swin_Meta/EffNetB0_outputs/training/efficientnet_b0/Partial_B4_6/OCT0/BS16_EP100_LR1e-05_WD0.01_PARTIAL_FINETUNE_DR0.2_FL0.11_0.89_2_WSon_1_2.9/Kfold/fold1/val_oof_predictions_fold1.csv
