[2026-05-18 09:23:00] Start Fold 2 | MODEL=swin_tiny(swin_tiny_patch4_window7_224) MODALITY=MULTIMODAL IMG=224x448 BS=16 EP=100 LR=3e-06 WD=0.01 UNFREEZE_MODE=FULL_FINETUNE FocalAlpha=[0.13, 0.87] FocalGamma=2.0
[2026-05-18 09:23:02] [Epoch 1] lr_max=2.99558e-06 lr_min=2.99558e-06 train_focal=0.050813 train_bce=0.760982 train_acc=0.3119 val_bce=0.821449 val_acc=0.1481 val_auc=0.5257
[2026-05-18 09:23:04] [NEW_BEST] epoch=1 val_bce=0.821449 val_acc=0.1481 val_auc=0.5257
[2026-05-18 09:23:06] [Epoch 2] lr_max=2.98195e-06 lr_min=2.98195e-06 train_focal=0.046710 train_bce=0.744519 train_acc=0.3534 val_bce=0.877182 val_acc=0.1481 val_auc=0.6369
[2026-05-18 09:23:09] [Epoch 3] lr_max=2.95918e-06 lr_min=2.95918e-06 train_focal=0.042210 train_bce=0.712373 train_acc=0.4664 val_bce=0.811647 val_acc=0.2169 val_auc=0.6772
[2026-05-18 09:23:10] [NEW_BEST] epoch=3 val_bce=0.811647 val_acc=0.2169 val_auc=0.6772
[2026-05-18 09:23:12] [Epoch 4] lr_max=2.92741e-06 lr_min=2.92741e-06 train_focal=0.038561 train_bce=0.673756 train_acc=0.5765 val_bce=0.712069 val_acc=0.5079 val_auc=0.6937
[2026-05-18 09:23:14] [NEW_BEST] epoch=4 val_bce=0.712069 val_acc=0.5079 val_auc=0.6937
[2026-05-18 09:23:16] [Epoch 5] lr_max=2.88684e-06 lr_min=2.88684e-06 train_focal=0.036726 train_bce=0.643118 train_acc=0.6595 val_bce=0.708245 val_acc=0.5185 val_auc=0.7171
[2026-05-18 09:23:18] [NEW_BEST] epoch=5 val_bce=0.708245 val_acc=0.5185 val_auc=0.7171
[2026-05-18 09:23:20] [Epoch 6] lr_max=2.83772e-06 lr_min=2.83772e-06 train_focal=0.038475 train_bce=0.652986 train_acc=0.6066 val_bce=0.670891 val_acc=0.5926 val_auc=0.7206
[2026-05-18 09:23:21] [NEW_BEST] epoch=6 val_bce=0.670891 val_acc=0.5926 val_auc=0.7206
[2026-05-18 09:23:23] [Epoch 7] lr_max=2.78036e-06 lr_min=2.78036e-06 train_focal=0.033476 train_bce=0.609527 train_acc=0.6938 val_bce=0.632650 val_acc=0.6561 val_auc=0.7171
[2026-05-18 09:23:25] [NEW_BEST] epoch=7 val_bce=0.632650 val_acc=0.6561 val_auc=0.7171
[2026-05-18 09:23:27] [Epoch 8] lr_max=2.7151e-06 lr_min=2.7151e-06 train_focal=0.032249 train_bce=0.593173 train_acc=0.6981 val_bce=0.653254 val_acc=0.5979 val_auc=0.7312
[2026-05-18 09:23:30] [Epoch 9] lr_max=2.64235e-06 lr_min=2.64235e-06 train_focal=0.031727 train_bce=0.574251 train_acc=0.7167 val_bce=0.632424 val_acc=0.6455 val_auc=0.7369
[2026-05-18 09:23:31] [NEW_BEST] epoch=9 val_bce=0.632424 val_acc=0.6455 val_auc=0.7369
[2026-05-18 09:23:33] [Epoch 10] lr_max=2.56255e-06 lr_min=2.56255e-06 train_focal=0.030492 train_bce=0.564540 train_acc=0.7225 val_bce=0.580729 val_acc=0.7143 val_auc=0.7522
[2026-05-18 09:23:35] [NEW_BEST] epoch=10 val_bce=0.580729 val_acc=0.7143 val_auc=0.7522
[2026-05-18 09:23:37] [Epoch 11] lr_max=2.47621e-06 lr_min=2.47621e-06 train_focal=0.026922 train_bce=0.529461 train_acc=0.7883 val_bce=0.561036 val_acc=0.7460 val_auc=0.7534
[2026-05-18 09:23:38] [NEW_BEST] epoch=11 val_bce=0.561036 val_acc=0.7460 val_auc=0.7534
[2026-05-18 09:23:40] [Epoch 12] lr_max=2.38384e-06 lr_min=2.38384e-06 train_focal=0.025555 train_bce=0.518671 train_acc=0.7768 val_bce=0.543769 val_acc=0.7672 val_auc=0.7553
[2026-05-18 09:23:42] [NEW_BEST] epoch=12 val_bce=0.543769 val_acc=0.7672 val_auc=0.7553
[2026-05-18 09:23:44] [Epoch 13] lr_max=2.28603e-06 lr_min=2.28603e-06 train_focal=0.027704 train_bce=0.529903 train_acc=0.7611 val_bce=0.566009 val_acc=0.7354 val_auc=0.7567
[2026-05-18 09:23:47] [Epoch 14] lr_max=2.18337e-06 lr_min=2.18337e-06 train_focal=0.025287 train_bce=0.496813 train_acc=0.8169 val_bce=0.592797 val_acc=0.7090 val_auc=0.7596
[2026-05-18 09:23:50] [Epoch 15] lr_max=2.0765e-06 lr_min=2.0765e-06 train_focal=0.023388 train_bce=0.483345 train_acc=0.8298 val_bce=0.552431 val_acc=0.7354 val_auc=0.7640
[2026-05-18 09:23:53] [Epoch 16] lr_max=1.96607e-06 lr_min=1.96607e-06 train_focal=0.022027 train_bce=0.459468 train_acc=0.8398 val_bce=0.566673 val_acc=0.7196 val_auc=0.7657
[2026-05-18 09:23:55] [Epoch 17] lr_max=1.85277e-06 lr_min=1.85277e-06 train_focal=0.021376 train_bce=0.450630 train_acc=0.8484 val_bce=0.519346 val_acc=0.7566 val_auc=0.7692
[2026-05-18 09:23:57] [NEW_BEST] epoch=17 val_bce=0.519346 val_acc=0.7566 val_auc=0.7692
[2026-05-18 09:23:59] [Epoch 18] lr_max=1.7373e-06 lr_min=1.7373e-06 train_focal=0.021196 train_bce=0.449414 train_acc=0.8512 val_bce=0.468577 val_acc=0.8360 val_auc=0.7758
[2026-05-18 09:24:01] [NEW_BEST] epoch=18 val_bce=0.468577 val_acc=0.8360 val_auc=0.7758
[2026-05-18 09:24:03] [Epoch 19] lr_max=1.62036e-06 lr_min=1.62036e-06 train_focal=0.021320 train_bce=0.454668 train_acc=0.8441 val_bce=0.415627 val_acc=0.8783 val_auc=0.7704
[2026-05-18 09:24:04] [NEW_BEST] epoch=19 val_bce=0.415627 val_acc=0.8783 val_auc=0.7704
[2026-05-18 09:24:06] [Epoch 20] lr_max=1.50268e-06 lr_min=1.50268e-06 train_focal=0.020622 train_bce=0.410733 train_acc=0.8798 val_bce=0.449606 val_acc=0.8519 val_auc=0.7725
[2026-05-18 09:24:09] [Epoch 21] lr_max=1.38498e-06 lr_min=1.38498e-06 train_focal=0.020723 train_bce=0.435590 train_acc=0.8555 val_bce=0.467337 val_acc=0.8201 val_auc=0.7716
[2026-05-18 09:24:12] [Epoch 22] lr_max=1.26799e-06 lr_min=1.26799e-06 train_focal=0.018738 train_bce=0.412924 train_acc=0.8770 val_bce=0.447696 val_acc=0.8413 val_auc=0.7782
[2026-05-18 09:24:15] [Epoch 23] lr_max=1.15244e-06 lr_min=1.15244e-06 train_focal=0.015284 train_bce=0.372820 train_acc=0.9027 val_bce=0.471557 val_acc=0.8095 val_auc=0.7787
[2026-05-18 09:24:18] [Epoch 24] lr_max=1.03902e-06 lr_min=1.03902e-06 train_focal=0.016571 train_bce=0.388746 train_acc=0.8770 val_bce=0.420357 val_acc=0.8677 val_auc=0.7773
[2026-05-18 09:24:21] [Epoch 25] lr_max=9.28449e-07 lr_min=9.28449e-07 train_focal=0.016228 train_bce=0.364281 train_acc=0.9041 val_bce=0.435707 val_acc=0.8466 val_auc=0.7820
[2026-05-18 09:24:23] [Epoch 26] lr_max=8.21401e-07 lr_min=8.21401e-07 train_focal=0.016124 train_bce=0.382620 train_acc=0.8741 val_bce=0.411379 val_acc=0.8783 val_auc=0.7829
[2026-05-18 09:24:25] [NEW_BEST] epoch=26 val_bce=0.411379 val_acc=0.8783 val_auc=0.7829
[2026-05-18 09:24:27] [Epoch 27] lr_max=7.18536e-07 lr_min=7.18536e-07 train_focal=0.018786 train_bce=0.372123 train_acc=0.9070 val_bce=0.439641 val_acc=0.8466 val_auc=0.7832
[2026-05-18 09:24:30] [Epoch 28] lr_max=6.2049e-07 lr_min=6.2049e-07 train_focal=0.015712 train_bce=0.389279 train_acc=0.8770 val_bce=0.387509 val_acc=0.8942 val_auc=0.7846
[2026-05-18 09:24:32] [NEW_BEST] epoch=28 val_bce=0.387509 val_acc=0.8942 val_auc=0.7846
[2026-05-18 09:24:34] [Epoch 29] lr_max=5.27865e-07 lr_min=5.27865e-07 train_focal=0.015185 train_bce=0.341088 train_acc=0.9170 val_bce=0.405798 val_acc=0.8783 val_auc=0.7850
[2026-05-18 09:24:36] [Epoch 30] lr_max=4.41235e-07 lr_min=4.41235e-07 train_focal=0.014081 train_bce=0.358117 train_acc=0.8999 val_bce=0.401240 val_acc=0.8836 val_auc=0.7872
[2026-05-18 09:24:39] [Epoch 31] lr_max=3.61132e-07 lr_min=3.61132e-07 train_focal=0.015985 train_bce=0.362163 train_acc=0.9142 val_bce=0.410115 val_acc=0.8783 val_auc=0.7862
[2026-05-18 09:24:42] [Epoch 32] lr_max=2.8805e-07 lr_min=2.8805e-07 train_focal=0.016009 train_bce=0.373254 train_acc=0.9013 val_bce=0.416943 val_acc=0.8571 val_auc=0.7857
[2026-05-18 09:24:45] [Epoch 33] lr_max=2.22441e-07 lr_min=2.22441e-07 train_focal=0.017397 train_bce=0.375745 train_acc=0.8913 val_bce=0.429339 val_acc=0.8571 val_auc=0.7855
[2026-05-18 09:24:48] [Epoch 34] lr_max=1.64708e-07 lr_min=1.64708e-07 train_focal=0.014526 train_bce=0.354822 train_acc=0.9027 val_bce=0.412954 val_acc=0.8677 val_auc=0.7860
[2026-05-18 09:24:51] [Epoch 35] lr_max=1.15208e-07 lr_min=1.15208e-07 train_focal=0.014758 train_bce=0.343605 train_acc=0.9170 val_bce=0.406718 val_acc=0.8730 val_auc=0.7853
[2026-05-18 09:24:53] [Epoch 36] lr_max=7.42449e-08 lr_min=7.42449e-08 train_focal=0.016084 train_bce=0.360804 train_acc=0.9027 val_bce=0.415655 val_acc=0.8624 val_auc=0.7846
[2026-05-18 09:24:56] [Epoch 37] lr_max=4.20725e-08 lr_min=4.20725e-08 train_focal=0.016436 train_bce=0.365837 train_acc=0.8913 val_bce=0.411600 val_acc=0.8677 val_auc=0.7848
[2026-05-18 09:24:59] [Epoch 38] lr_max=1.88887e-08 lr_min=1.88887e-08 train_focal=0.014585 train_bce=0.359622 train_acc=0.9027 val_bce=0.410353 val_acc=0.8677 val_auc=0.7843
[2026-05-18 09:25:00] [early stop] Fold 2 at epoch 38
[2026-05-18 09:25:00] [saved learning curves] /data/Irene/SwinTransformer/Swin_Meta/Multimodal_outputs/training/swin_tiny/MULTIMODAL/MULTIMODAL_BS16_EP100_LR3e-06_WD0.01_FULL_FINETUNE_FL0.13_0.87_2_WSon_1_2.6/Kfold/fold2/learning_curves.png
[2026-05-18 09:25:02] [TS] T*=0.487448 | NLL 0.38750889897346497->0.3264278769493103
[2026-05-18 09:25:02] [saved checkpoint] /data/Irene/SwinTransformer/Swin_Meta/Multimodal_outputs/checkpoints/swin_tiny/MULTIMODAL/MULTIMODAL_BS16_EP100_LR3e-06_WD0.01_FULL_FINETUNE_FL0.13_0.87_2_WSon_1_2.6/Kfold/fold2/model_best.pth
[2026-05-18 09:25:02] [saved OOF] /data/Irene/SwinTransformer/Swin_Meta/Multimodal_outputs/training/swin_tiny/MULTIMODAL/MULTIMODAL_BS16_EP100_LR3e-06_WD0.01_FULL_FINETUNE_FL0.13_0.87_2_WSon_1_2.6/Kfold/fold2/val_oof_predictions_fold2.csv
