[2026-05-18 14:15:01] Start Fold 3 | MODEL=swin_tiny(swin_tiny_patch4_window7_224) MODALITY=MULTIMODAL IMG=224x448 BS=16 EP=100 LR=3e-06 WD=0.01 UNFREEZE_MODE=FULL_FINETUNE FocalAlpha=[0.13, 0.87] FocalGamma=2.0
[2026-05-18 14:15:07] [Epoch 1] lr_max=2.99558e-06 lr_min=2.99558e-06 train_focal=0.045957 train_bce=0.727810 train_acc=0.3608 val_bce=0.734127 val_acc=0.2428 val_auc=0.6007
[2026-05-18 14:15:09] [NEW_BEST] epoch=1 val_bce=0.734127 val_acc=0.2428 val_auc=0.6007
[2026-05-18 14:15:14] [Epoch 2] lr_max=2.98194e-06 lr_min=2.98194e-06 train_focal=0.040782 train_bce=0.714621 train_acc=0.3972 val_bce=0.713657 val_acc=0.3642 val_auc=0.6432
[2026-05-18 14:15:16] [NEW_BEST] epoch=2 val_bce=0.713657 val_acc=0.3642 val_auc=0.6432
[2026-05-18 14:15:21] [Epoch 3] lr_max=2.95916e-06 lr_min=2.95916e-06 train_focal=0.042081 train_bce=0.699703 train_acc=0.5035 val_bce=0.698613 val_acc=0.4855 val_auc=0.6892
[2026-05-18 14:15:23] [NEW_BEST] epoch=3 val_bce=0.698613 val_acc=0.4855 val_auc=0.6892
[2026-05-18 14:15:29] [Epoch 4] lr_max=2.92739e-06 lr_min=2.92739e-06 train_focal=0.035005 train_bce=0.649411 train_acc=0.6280 val_bce=0.689013 val_acc=0.5376 val_auc=0.7012
[2026-05-18 14:15:30] [NEW_BEST] epoch=4 val_bce=0.689013 val_acc=0.5376 val_auc=0.7012
[2026-05-18 14:15:35] [Epoch 5] lr_max=2.88682e-06 lr_min=2.88682e-06 train_focal=0.033491 train_bce=0.633649 train_acc=0.6490 val_bce=0.612372 val_acc=0.7572 val_auc=0.7241
[2026-05-18 14:15:37] [NEW_BEST] epoch=5 val_bce=0.612372 val_acc=0.7572 val_auc=0.7241
[2026-05-18 14:15:40] [Epoch 6] lr_max=2.8377e-06 lr_min=2.8377e-06 train_focal=0.032805 train_bce=0.606089 train_acc=0.7133 val_bce=0.610274 val_acc=0.7168 val_auc=0.7385
[2026-05-18 14:15:42] [NEW_BEST] epoch=6 val_bce=0.610274 val_acc=0.7168 val_auc=0.7385
[2026-05-18 14:15:46] [Epoch 7] lr_max=2.78033e-06 lr_min=2.78033e-06 train_focal=0.031067 train_bce=0.567397 train_acc=0.7622 val_bce=0.589376 val_acc=0.7399 val_auc=0.7458
[2026-05-18 14:15:48] [NEW_BEST] epoch=7 val_bce=0.589376 val_acc=0.7399 val_auc=0.7458
[2026-05-18 14:15:51] [Epoch 8] lr_max=2.71506e-06 lr_min=2.71506e-06 train_focal=0.030129 train_bce=0.563490 train_acc=0.7483 val_bce=0.604442 val_acc=0.7052 val_auc=0.7341
[2026-05-18 14:15:57] [Epoch 9] lr_max=2.64231e-06 lr_min=2.64231e-06 train_focal=0.028909 train_bce=0.555614 train_acc=0.7524 val_bce=0.558929 val_acc=0.7688 val_auc=0.7432
[2026-05-18 14:15:58] [NEW_BEST] epoch=9 val_bce=0.558929 val_acc=0.7688 val_auc=0.7432
[2026-05-18 14:16:01] [Epoch 10] lr_max=2.56251e-06 lr_min=2.56251e-06 train_focal=0.024350 train_bce=0.522913 train_acc=0.7888 val_bce=0.537780 val_acc=0.7861 val_auc=0.7607
[2026-05-18 14:16:03] [NEW_BEST] epoch=10 val_bce=0.537780 val_acc=0.7861 val_auc=0.7607
[2026-05-18 14:16:07] [Epoch 11] lr_max=2.47616e-06 lr_min=2.47616e-06 train_focal=0.024997 train_bce=0.504313 train_acc=0.8168 val_bce=0.540584 val_acc=0.7630 val_auc=0.7677
[2026-05-18 14:16:14] [Epoch 12] lr_max=2.38379e-06 lr_min=2.38379e-06 train_focal=0.022859 train_bce=0.482385 train_acc=0.8140 val_bce=0.513777 val_acc=0.8092 val_auc=0.7722
[2026-05-18 14:16:16] [NEW_BEST] epoch=12 val_bce=0.513777 val_acc=0.8092 val_auc=0.7722
[2026-05-18 14:16:22] [Epoch 13] lr_max=2.28598e-06 lr_min=2.28598e-06 train_focal=0.025346 train_bce=0.478123 train_acc=0.8112 val_bce=0.516533 val_acc=0.7977 val_auc=0.7724
[2026-05-18 14:16:30] [Epoch 14] lr_max=2.18332e-06 lr_min=2.18332e-06 train_focal=0.019255 train_bce=0.442940 train_acc=0.8643 val_bce=0.522566 val_acc=0.8092 val_auc=0.7627
[2026-05-18 14:16:36] [Epoch 15] lr_max=2.07644e-06 lr_min=2.07644e-06 train_focal=0.020229 train_bce=0.427249 train_acc=0.8643 val_bce=0.520619 val_acc=0.7919 val_auc=0.7664
[2026-05-18 14:16:40] [Epoch 16] lr_max=1.96601e-06 lr_min=1.96601e-06 train_focal=0.021495 train_bce=0.437319 train_acc=0.8629 val_bce=0.534845 val_acc=0.7630 val_auc=0.7664
[2026-05-18 14:16:45] [Epoch 17] lr_max=1.85271e-06 lr_min=1.85271e-06 train_focal=0.021416 train_bce=0.443297 train_acc=0.8238 val_bce=0.506836 val_acc=0.7861 val_auc=0.7761
[2026-05-18 14:16:47] [NEW_BEST] epoch=17 val_bce=0.506836 val_acc=0.7861 val_auc=0.7761
[2026-05-18 14:16:53] [Epoch 18] lr_max=1.73724e-06 lr_min=1.73724e-06 train_focal=0.020013 train_bce=0.423101 train_acc=0.8629 val_bce=0.489359 val_acc=0.8266 val_auc=0.7735
[2026-05-18 14:16:54] [NEW_BEST] epoch=18 val_bce=0.489359 val_acc=0.8266 val_auc=0.7735
[2026-05-18 14:16:59] [Epoch 19] lr_max=1.6203e-06 lr_min=1.6203e-06 train_focal=0.018065 train_bce=0.391074 train_acc=0.8909 val_bce=0.525103 val_acc=0.7457 val_auc=0.7742
[2026-05-18 14:17:05] [Epoch 20] lr_max=1.50262e-06 lr_min=1.50262e-06 train_focal=0.017018 train_bce=0.390263 train_acc=0.8839 val_bce=0.469772 val_acc=0.8266 val_auc=0.7868
[2026-05-18 14:17:07] [NEW_BEST] epoch=20 val_bce=0.469772 val_acc=0.8266 val_auc=0.7868
[2026-05-18 14:17:12] [Epoch 21] lr_max=1.38492e-06 lr_min=1.38492e-06 train_focal=0.017351 train_bce=0.392090 train_acc=0.8755 val_bce=0.468508 val_acc=0.8266 val_auc=0.7871
[2026-05-18 14:17:14] [NEW_BEST] epoch=21 val_bce=0.468508 val_acc=0.8266 val_auc=0.7871
[2026-05-18 14:17:20] [Epoch 22] lr_max=1.26793e-06 lr_min=1.26793e-06 train_focal=0.016130 train_bce=0.361792 train_acc=0.8937 val_bce=0.476843 val_acc=0.8324 val_auc=0.7833
[2026-05-18 14:17:27] [Epoch 23] lr_max=1.15238e-06 lr_min=1.15238e-06 train_focal=0.019095 train_bce=0.398047 train_acc=0.8601 val_bce=0.476698 val_acc=0.8324 val_auc=0.7818
[2026-05-18 14:17:35] [Epoch 24] lr_max=1.03897e-06 lr_min=1.03897e-06 train_focal=0.015458 train_bce=0.357704 train_acc=0.8965 val_bce=0.462791 val_acc=0.8208 val_auc=0.7816
[2026-05-18 14:17:37] [NEW_BEST] epoch=24 val_bce=0.462791 val_acc=0.8208 val_auc=0.7816
[2026-05-18 14:17:42] [Epoch 25] lr_max=9.28394e-07 lr_min=9.28394e-07 train_focal=0.015584 train_bce=0.359855 train_acc=0.9035 val_bce=0.472357 val_acc=0.8150 val_auc=0.7897
[2026-05-18 14:17:49] [Epoch 26] lr_max=8.21348e-07 lr_min=8.21348e-07 train_focal=0.015631 train_bce=0.366474 train_acc=0.8797 val_bce=0.447003 val_acc=0.8208 val_auc=0.7955
[2026-05-18 14:17:52] [NEW_BEST] epoch=26 val_bce=0.447003 val_acc=0.8208 val_auc=0.7955
[2026-05-18 14:17:57] [Epoch 27] lr_max=7.18486e-07 lr_min=7.18486e-07 train_focal=0.014373 train_bce=0.343208 train_acc=0.8993 val_bce=0.453032 val_acc=0.8208 val_auc=0.7923
[2026-05-18 14:18:05] [Epoch 28] lr_max=6.20441e-07 lr_min=6.20441e-07 train_focal=0.014312 train_bce=0.347644 train_acc=0.9175 val_bce=0.445473 val_acc=0.8208 val_auc=0.7958
[2026-05-18 14:18:08] [NEW_BEST] epoch=28 val_bce=0.445473 val_acc=0.8208 val_auc=0.7958
[2026-05-18 14:18:13] [Epoch 29] lr_max=5.2782e-07 lr_min=5.2782e-07 train_focal=0.014422 train_bce=0.338279 train_acc=0.9133 val_bce=0.444012 val_acc=0.8266 val_auc=0.7949
[2026-05-18 14:18:14] [NEW_BEST] epoch=29 val_bce=0.444012 val_acc=0.8266 val_auc=0.7949
[2026-05-18 14:18:18] [Epoch 30] lr_max=4.41193e-07 lr_min=4.41193e-07 train_focal=0.016882 train_bce=0.356429 train_acc=0.8937 val_bce=0.442363 val_acc=0.8324 val_auc=0.7938
[2026-05-18 14:18:20] [NEW_BEST] epoch=30 val_bce=0.442363 val_acc=0.8324 val_auc=0.7938
[2026-05-18 14:18:25] [Epoch 31] lr_max=3.61093e-07 lr_min=3.61093e-07 train_focal=0.015241 train_bce=0.325970 train_acc=0.9161 val_bce=0.454977 val_acc=0.8266 val_auc=0.7936
[2026-05-18 14:18:29] [Epoch 32] lr_max=2.88015e-07 lr_min=2.88015e-07 train_focal=0.015686 train_bce=0.361308 train_acc=0.8923 val_bce=0.451918 val_acc=0.8266 val_auc=0.7958
[2026-05-18 14:18:35] [Epoch 33] lr_max=2.2241e-07 lr_min=2.2241e-07 train_focal=0.014484 train_bce=0.364836 train_acc=0.8839 val_bce=0.445385 val_acc=0.8266 val_auc=0.7973
[2026-05-18 14:18:42] [Epoch 34] lr_max=1.64681e-07 lr_min=1.64681e-07 train_focal=0.016415 train_bce=0.347159 train_acc=0.9049 val_bce=0.449375 val_acc=0.8266 val_auc=0.7966
[2026-05-18 14:18:46] [Epoch 35] lr_max=1.15185e-07 lr_min=1.15185e-07 train_focal=0.014987 train_bce=0.363463 train_acc=0.8979 val_bce=0.450787 val_acc=0.8266 val_auc=0.7971
[2026-05-18 14:18:51] [Epoch 36] lr_max=7.42264e-08 lr_min=7.42264e-08 train_focal=0.014703 train_bce=0.339778 train_acc=0.9105 val_bce=0.450117 val_acc=0.8266 val_auc=0.7971
[2026-05-18 14:18:58] [Epoch 37] lr_max=4.20585e-08 lr_min=4.20585e-08 train_focal=0.013168 train_bce=0.328004 train_acc=0.9091 val_bce=0.447863 val_acc=0.8208 val_auc=0.7967
[2026-05-18 14:19:04] [Epoch 38] lr_max=1.88793e-08 lr_min=1.88793e-08 train_focal=0.014583 train_bce=0.361432 train_acc=0.8895 val_bce=0.446808 val_acc=0.8208 val_auc=0.7975
[2026-05-18 14:19:12] [Epoch 39] lr_max=4.83168e-09 lr_min=4.83168e-09 train_focal=0.015119 train_bce=0.344892 train_acc=0.9217 val_bce=0.447068 val_acc=0.8208 val_auc=0.7975
[2026-05-18 14:19:19] [Epoch 40] lr_max=2.28463e-12 lr_min=2.28463e-12 train_focal=0.015159 train_bce=0.350239 train_acc=0.9105 val_bce=0.447077 val_acc=0.8208 val_auc=0.7975
[2026-05-18 14:19:21] [early stop] Fold 3 at epoch 40
[2026-05-18 14:19:22] [saved learning curves] /data/Irene/SwinTransformer/Swin_Meta/Multimodal_outputs/training/swin_tiny/MULTIMODAL/MULTIMODAL_BS16_EP100_LR3e-06_WD0.01_FULL_FINETUNE_FL0.13_0.87_2_WSon_1_2.6/Kfold/fold3/learning_curves.png
[2026-05-18 14:19:24] [TS] T*=1.000000 | NLL None->None
[2026-05-18 14:19:24] [saved checkpoint] /data/Irene/SwinTransformer/Swin_Meta/Multimodal_outputs/checkpoints/swin_tiny/MULTIMODAL/MULTIMODAL_BS16_EP100_LR3e-06_WD0.01_FULL_FINETUNE_FL0.13_0.87_2_WSon_1_2.6/Kfold/fold3/model_best.pth
[2026-05-18 14:19:24] [saved OOF] /data/Irene/SwinTransformer/Swin_Meta/Multimodal_outputs/training/swin_tiny/MULTIMODAL/MULTIMODAL_BS16_EP100_LR3e-06_WD0.01_FULL_FINETUNE_FL0.13_0.87_2_WSon_1_2.6/Kfold/fold3/val_oof_predictions_fold3.csv
