[2026-03-30 04:22:51]   [unfreeze] blocks[4]
[2026-03-30 04:22:51]   [unfreeze] blocks[5]
[2026-03-30 04:22:51]   [unfreeze] blocks[6]
[2026-03-30 04:22:51]   [unfreeze] conv_head
[2026-03-30 04:22:51]   [unfreeze] bn2
[2026-03-30 04:22:51]   [unfreeze] classifier
[2026-03-30 04:22:51]   [PARTIAL_FINETUNE] trainable=3,700,169 / total=4,008,829 (92.3%)
[2026-03-30 04:22:51] Start Fold 4 | MODEL=efficientnet_b0(efficientnet_b0) MODALITY=OCT0 BS=16 EP=100 LR=6e-06 WD=0.01 UNFREEZE_MODE=PARTIAL_FINETUNE DROP_RATE=0.2 FocalAlpha=[0.11, 0.89] FocalGamma=2.0
[2026-03-30 04:22:53] [Epoch 1] lr_max=5.991e-06 lr_min=5.991e-07 train_focal=1.111570 train_bce=2.132714 train_acc=0.6032 val_bce=1.945399 val_acc=0.5496 val_auc=0.6148
[2026-03-30 04:22:54] [NEW_BEST] epoch=1 val_bce=1.945399 val_acc=0.5496 val_auc=0.6148
[2026-03-30 04:22:56] [Epoch 2] lr_max=5.96355e-06 lr_min=5.96355e-07 train_focal=1.136427 train_bce=2.310520 train_acc=0.5813 val_bce=1.896282 val_acc=0.5851 val_auc=0.6260
[2026-03-30 04:22:56] [NEW_BEST] epoch=2 val_bce=1.896282 val_acc=0.5851 val_auc=0.6260
[2026-03-30 04:22:58] [Epoch 3] lr_max=5.91784e-06 lr_min=5.91784e-07 train_focal=0.860156 train_bce=1.993354 train_acc=0.5779 val_bce=2.308717 val_acc=0.5071 val_auc=0.6349
[2026-03-30 04:23:00] [Epoch 4] lr_max=5.85414e-06 lr_min=5.85414e-07 train_focal=0.690518 train_bce=1.862434 train_acc=0.5897 val_bce=2.559512 val_acc=0.4574 val_auc=0.6446
[2026-03-30 04:23:02] [Epoch 5] lr_max=5.77284e-06 lr_min=5.77284e-07 train_focal=0.674841 train_bce=2.024603 train_acc=0.5695 val_bce=2.587772 val_acc=0.4894 val_auc=0.6511
[2026-03-30 04:23:05] [Epoch 6] lr_max=5.67444e-06 lr_min=5.67444e-07 train_focal=0.629766 train_bce=2.018821 train_acc=0.5830 val_bce=2.313741 val_acc=0.5213 val_auc=0.6641
[2026-03-30 04:23:07] [Epoch 7] lr_max=5.55956e-06 lr_min=5.55956e-07 train_focal=0.523709 train_bce=1.886492 train_acc=0.6108 val_bce=2.533399 val_acc=0.4894 val_auc=0.6566
[2026-03-30 04:23:09] [Epoch 8] lr_max=5.4289e-06 lr_min=5.4289e-07 train_focal=0.452044 train_bce=1.846216 train_acc=0.5914 val_bce=2.384450 val_acc=0.5106 val_auc=0.6718
[2026-03-30 04:23:11] [Epoch 9] lr_max=5.28326e-06 lr_min=5.28326e-07 train_focal=0.451590 train_bce=1.746842 train_acc=0.6201 val_bce=2.621697 val_acc=0.4716 val_auc=0.6654
[2026-03-30 04:23:13] [Epoch 10] lr_max=5.12354e-06 lr_min=5.12354e-07 train_focal=0.438692 train_bce=1.745978 train_acc=0.6142 val_bce=2.024246 val_acc=0.5355 val_auc=0.6796
[2026-03-30 04:23:15] [Epoch 11] lr_max=4.95073e-06 lr_min=4.95073e-07 train_focal=0.381237 train_bce=1.553481 train_acc=0.6411 val_bce=1.871643 val_acc=0.5603 val_auc=0.6894
[2026-03-30 04:23:16] [NEW_BEST] epoch=11 val_bce=1.871643 val_acc=0.5603 val_auc=0.6894
[2026-03-30 04:23:18] [Epoch 12] lr_max=4.7659e-06 lr_min=4.7659e-07 train_focal=0.399663 train_bce=1.727681 train_acc=0.6259 val_bce=1.768131 val_acc=0.5887 val_auc=0.6986
[2026-03-30 04:23:18] [NEW_BEST] epoch=12 val_bce=1.768131 val_acc=0.5887 val_auc=0.6986
[2026-03-30 04:23:20] [Epoch 13] lr_max=4.57017e-06 lr_min=4.57017e-07 train_focal=0.391692 train_bce=1.751312 train_acc=0.6310 val_bce=1.824898 val_acc=0.5709 val_auc=0.6844
[2026-03-30 04:23:22] [Epoch 14] lr_max=4.36477e-06 lr_min=4.36477e-07 train_focal=0.377915 train_bce=1.641410 train_acc=0.6302 val_bce=1.658307 val_acc=0.5922 val_auc=0.6802
[2026-03-30 04:23:22] [NEW_BEST] epoch=14 val_bce=1.658307 val_acc=0.5922 val_auc=0.6802
[2026-03-30 04:23:24] [Epoch 15] lr_max=4.15095e-06 lr_min=4.15095e-07 train_focal=0.381180 train_bce=1.630877 train_acc=0.6226 val_bce=1.956566 val_acc=0.5674 val_auc=0.6931
[2026-03-30 04:23:26] [Epoch 16] lr_max=3.93004e-06 lr_min=3.93004e-07 train_focal=0.419780 train_bce=1.651868 train_acc=0.6327 val_bce=1.830067 val_acc=0.5780 val_auc=0.6968
[2026-03-30 04:23:29] [Epoch 17] lr_max=3.70339e-06 lr_min=3.70339e-07 train_focal=0.427168 train_bce=1.705362 train_acc=0.6133 val_bce=1.728736 val_acc=0.5887 val_auc=0.7084
[2026-03-30 04:23:31] [Epoch 18] lr_max=3.47241e-06 lr_min=3.47241e-07 train_focal=0.399239 train_bce=1.689538 train_acc=0.6352 val_bce=2.182631 val_acc=0.5035 val_auc=0.6855
[2026-03-30 04:23:33] [Epoch 19] lr_max=3.23851e-06 lr_min=3.23851e-07 train_focal=0.380362 train_bce=1.606134 train_acc=0.6495 val_bce=1.874510 val_acc=0.5780 val_auc=0.6972
[2026-03-30 04:23:35] [Epoch 20] lr_max=3.00314e-06 lr_min=3.00314e-07 train_focal=0.373764 train_bce=1.578357 train_acc=0.6386 val_bce=2.063054 val_acc=0.5035 val_auc=0.7034
[2026-03-30 04:23:38] [Epoch 21] lr_max=2.76775e-06 lr_min=2.76775e-07 train_focal=0.330813 train_bce=1.448642 train_acc=0.6655 val_bce=1.698273 val_acc=0.5993 val_auc=0.6919
[2026-03-30 04:23:40] [Epoch 22] lr_max=2.5338e-06 lr_min=2.5338e-07 train_focal=0.323251 train_bce=1.467723 train_acc=0.6596 val_bce=1.626659 val_acc=0.6028 val_auc=0.7198
[2026-03-30 04:23:41] [NEW_BEST] epoch=22 val_bce=1.626659 val_acc=0.6028 val_auc=0.7198
[2026-03-30 04:23:43] [Epoch 23] lr_max=2.30272e-06 lr_min=2.30272e-07 train_focal=0.386034 train_bce=1.492744 train_acc=0.6487 val_bce=1.767107 val_acc=0.5816 val_auc=0.6968
[2026-03-30 04:23:45] [Epoch 24] lr_max=2.07594e-06 lr_min=2.07594e-07 train_focal=0.391449 train_bce=1.471535 train_acc=0.6698 val_bce=1.653409 val_acc=0.6135 val_auc=0.6985
[2026-03-30 04:23:47] [Epoch 25] lr_max=1.85485e-06 lr_min=1.85485e-07 train_focal=0.389665 train_bce=1.577723 train_acc=0.6740 val_bce=1.788888 val_acc=0.5709 val_auc=0.7005
[2026-03-30 04:23:49] [Epoch 26] lr_max=1.64083e-06 lr_min=1.64083e-07 train_focal=0.369796 train_bce=1.464966 train_acc=0.6580 val_bce=1.582523 val_acc=0.5887 val_auc=0.7077
[2026-03-30 04:23:49] [NEW_BEST] epoch=26 val_bce=1.582523 val_acc=0.5887 val_auc=0.7077
[2026-03-30 04:23:51] [Epoch 27] lr_max=1.43518e-06 lr_min=1.43518e-07 train_focal=0.313222 train_bce=1.364506 train_acc=0.6849 val_bce=1.680752 val_acc=0.5780 val_auc=0.7180
[2026-03-30 04:23:53] [Epoch 28] lr_max=1.23919e-06 lr_min=1.23919e-07 train_focal=0.343387 train_bce=1.461617 train_acc=0.6706 val_bce=1.702973 val_acc=0.6028 val_auc=0.7079
[2026-03-30 04:23:55] [Epoch 29] lr_max=1.05405e-06 lr_min=1.05405e-07 train_focal=0.331974 train_bce=1.363186 train_acc=0.6874 val_bce=1.166251 val_acc=0.6915 val_auc=0.7008
[2026-03-30 04:23:55] [NEW_BEST] epoch=29 val_bce=1.166251 val_acc=0.6915 val_auc=0.7008
[2026-03-30 04:23:57] [Epoch 30] lr_max=8.80902e-07 lr_min=8.80902e-08 train_focal=0.365999 train_bce=1.558709 train_acc=0.6521 val_bce=1.751950 val_acc=0.5957 val_auc=0.6993
[2026-03-30 04:23:59] [Epoch 31] lr_max=7.20824e-07 lr_min=7.20824e-08 train_focal=0.318404 train_bce=1.382532 train_acc=0.6816 val_bce=1.654272 val_acc=0.6170 val_auc=0.7079
[2026-03-30 04:24:01] [Epoch 32] lr_max=5.74797e-07 lr_min=5.74797e-08 train_focal=0.355594 train_bce=1.381653 train_acc=0.6849 val_bce=1.759981 val_acc=0.5816 val_auc=0.7120
[2026-03-30 04:24:04] [Epoch 33] lr_max=4.43722e-07 lr_min=4.43722e-08 train_focal=0.351482 train_bce=1.289943 train_acc=0.6992 val_bce=1.346869 val_acc=0.6489 val_auc=0.7015
[2026-03-30 04:24:06] [Epoch 34] lr_max=3.28408e-07 lr_min=3.28408e-08 train_focal=0.368888 train_bce=1.452749 train_acc=0.6537 val_bce=1.640324 val_acc=0.5957 val_auc=0.7085
[2026-03-30 04:24:08] [Epoch 35] lr_max=2.29565e-07 lr_min=2.29565e-08 train_focal=0.320746 train_bce=1.480108 train_acc=0.6613 val_bce=2.064383 val_acc=0.5426 val_auc=0.7052
[2026-03-30 04:24:10] [Epoch 36] lr_max=1.47803e-07 lr_min=1.47803e-08 train_focal=0.349588 train_bce=1.407674 train_acc=0.6748 val_bce=1.693431 val_acc=0.6028 val_auc=0.7085
[2026-03-30 04:24:13] [Epoch 37] lr_max=8.36252e-08 lr_min=8.36252e-09 train_focal=0.353624 train_bce=1.486095 train_acc=0.6613 val_bce=1.634725 val_acc=0.6064 val_auc=0.7021
[2026-03-30 04:24:15] [Epoch 38] lr_max=3.74281e-08 lr_min=3.74281e-09 train_focal=0.319728 train_bce=1.353057 train_acc=0.6757 val_bce=1.710401 val_acc=0.5957 val_auc=0.7080
[2026-03-30 04:24:17] [Epoch 39] lr_max=9.49613e-09 lr_min=9.49613e-10 train_focal=0.321180 train_bce=1.435178 train_acc=0.6858 val_bce=1.825376 val_acc=0.5709 val_auc=0.7100
[2026-03-30 04:24:17] [early stop] Fold 4 at epoch 39
[2026-03-30 04:24:18] [saved learning curves] /data/Irene/SwinTransformer/Swin_Meta/EffNetB0_outputs/training/efficientnet_b0/Partial_B4_6/OCT0/BS16_EP100_LR6e-06_WD0.01_PARTIAL_FINETUNE_DR0.2_FL0.11_0.89_2_WSon_1_2.9/Kfold/fold4/learning_curves.png
[2026-03-30 04:24:20] [TS] T*=5.398331 | NLL 1.1662509441375732->0.5833764672279358
[2026-03-30 04:24:20] [saved checkpoint] /data/Irene/SwinTransformer/Swin_Meta/checkpoints/efficientnet_b0/Partial_B4_6/OCT0/BS16_EP100_LR6e-06_WD0.01_PARTIAL_FINETUNE_DR0.2_FL0.11_0.89_2_WSon_1_2.9/Kfold/fold4/model_best.pth
[2026-03-30 04:24:20] [saved OOF] /data/Irene/SwinTransformer/Swin_Meta/EffNetB0_outputs/training/efficientnet_b0/Partial_B4_6/OCT0/BS16_EP100_LR6e-06_WD0.01_PARTIAL_FINETUNE_DR0.2_FL0.11_0.89_2_WSon_1_2.9/Kfold/fold4/val_oof_predictions_fold4.csv
