[2026-03-30 04:22:18]   [unfreeze] blocks[4]
[2026-03-30 04:22:18]   [unfreeze] blocks[5]
[2026-03-30 04:22:18]   [unfreeze] blocks[6]
[2026-03-30 04:22:18]   [unfreeze] conv_head
[2026-03-30 04:22:18]   [unfreeze] bn2
[2026-03-30 04:22:18]   [unfreeze] classifier
[2026-03-30 04:22:18]   [PARTIAL_FINETUNE] trainable=3,700,169 / total=4,008,829 (92.3%)
[2026-03-30 04:22:18] Start Fold 3 | MODEL=efficientnet_b0(efficientnet_b0) MODALITY=OCT1 BS=16 EP=100 LR=7e-06 WD=0.01 UNFREEZE_MODE=PARTIAL_FINETUNE DROP_RATE=0.2 FocalAlpha=[0.113, 0.887] FocalGamma=2.0
[2026-03-30 04:22:21] [Epoch 1] lr_max=6.98951e-06 lr_min=6.98951e-07 train_focal=0.766952 train_bce=3.362333 train_acc=0.4301 val_bce=3.242008 val_acc=0.4622 val_auc=0.5119
[2026-03-30 04:22:21] [NEW_BEST] epoch=1 val_bce=3.242008 val_acc=0.4622 val_auc=0.5119
[2026-03-30 04:22:23] [Epoch 2] lr_max=6.95751e-06 lr_min=6.95751e-07 train_focal=0.642024 train_bce=3.102758 train_acc=0.4540 val_bce=3.230443 val_acc=0.4542 val_auc=0.5216
[2026-03-30 04:22:24] [NEW_BEST] epoch=2 val_bce=3.230443 val_acc=0.4542 val_auc=0.5216
[2026-03-30 04:22:26] [Epoch 3] lr_max=6.9042e-06 lr_min=6.9042e-07 train_focal=0.699888 train_bce=3.178225 train_acc=0.4416 val_bce=3.231845 val_acc=0.4582 val_auc=0.5294
[2026-03-30 04:22:29] [Epoch 4] lr_max=6.82989e-06 lr_min=6.82989e-07 train_focal=0.620034 train_bce=2.865471 train_acc=0.4832 val_bce=2.865112 val_acc=0.5020 val_auc=0.5174
[2026-03-30 04:22:29] [NEW_BEST] epoch=4 val_bce=2.865112 val_acc=0.5020 val_auc=0.5174
[2026-03-30 04:22:31] [Epoch 5] lr_max=6.73506e-06 lr_min=6.73506e-07 train_focal=0.477909 train_bce=2.761119 train_acc=0.4814 val_bce=3.068475 val_acc=0.4462 val_auc=0.5340
[2026-03-30 04:22:33] [Epoch 6] lr_max=6.62028e-06 lr_min=6.62028e-07 train_focal=0.584228 train_bce=2.570765 train_acc=0.5062 val_bce=2.638674 val_acc=0.5100 val_auc=0.5502
[2026-03-30 04:22:34] [NEW_BEST] epoch=6 val_bce=2.638674 val_acc=0.5100 val_auc=0.5502
[2026-03-30 04:22:35] [Epoch 7] lr_max=6.48626e-06 lr_min=6.48626e-07 train_focal=0.506139 train_bce=2.474525 train_acc=0.5142 val_bce=2.469019 val_acc=0.5299 val_auc=0.5491
[2026-03-30 04:22:36] [NEW_BEST] epoch=7 val_bce=2.469019 val_acc=0.5299 val_auc=0.5491
[2026-03-30 04:22:38] [Epoch 8] lr_max=6.33383e-06 lr_min=6.33383e-07 train_focal=0.505099 train_bce=2.596564 train_acc=0.4938 val_bce=2.598775 val_acc=0.5219 val_auc=0.5581
[2026-03-30 04:22:40] [Epoch 9] lr_max=6.16393e-06 lr_min=6.16393e-07 train_focal=0.491040 train_bce=2.274217 train_acc=0.5363 val_bce=2.829098 val_acc=0.4622 val_auc=0.5654
[2026-03-30 04:22:42] [Epoch 10] lr_max=5.97761e-06 lr_min=5.97761e-07 train_focal=0.510168 train_bce=2.299158 train_acc=0.5133 val_bce=2.665654 val_acc=0.5060 val_auc=0.5602
[2026-03-30 04:22:44] [Epoch 11] lr_max=5.77601e-06 lr_min=5.77601e-07 train_focal=0.445022 train_bce=2.198509 train_acc=0.5354 val_bce=2.550240 val_acc=0.5100 val_auc=0.5773
[2026-03-30 04:22:46] [Epoch 12] lr_max=5.56038e-06 lr_min=5.56038e-07 train_focal=0.466793 train_bce=2.054440 train_acc=0.5558 val_bce=2.402729 val_acc=0.5100 val_auc=0.5612
[2026-03-30 04:22:46] [NEW_BEST] epoch=12 val_bce=2.402729 val_acc=0.5100 val_auc=0.5612
[2026-03-30 04:22:48] [Epoch 13] lr_max=5.33205e-06 lr_min=5.33205e-07 train_focal=0.464771 train_bce=2.130082 train_acc=0.5434 val_bce=2.591972 val_acc=0.4861 val_auc=0.5635
[2026-03-30 04:22:49] [Epoch 14] lr_max=5.09242e-06 lr_min=5.09242e-07 train_focal=0.408269 train_bce=1.960708 train_acc=0.5531 val_bce=2.343506 val_acc=0.5139 val_auc=0.5769
[2026-03-30 04:22:50] [NEW_BEST] epoch=14 val_bce=2.343506 val_acc=0.5139 val_auc=0.5769
[2026-03-30 04:22:51] [Epoch 15] lr_max=4.84297e-06 lr_min=4.84297e-07 train_focal=0.490660 train_bce=2.060304 train_acc=0.5664 val_bce=2.301829 val_acc=0.5139 val_auc=0.5816
[2026-03-30 04:22:51] [NEW_BEST] epoch=15 val_bce=2.301829 val_acc=0.5139 val_auc=0.5816
[2026-03-30 04:22:53] [Epoch 16] lr_max=4.58524e-06 lr_min=4.58524e-07 train_focal=0.377252 train_bce=1.745315 train_acc=0.6009 val_bce=2.237359 val_acc=0.5179 val_auc=0.5874
[2026-03-30 04:22:54] [NEW_BEST] epoch=16 val_bce=2.237359 val_acc=0.5179 val_auc=0.5874
[2026-03-30 04:22:56] [Epoch 17] lr_max=4.32082e-06 lr_min=4.32082e-07 train_focal=0.407295 train_bce=1.871013 train_acc=0.5761 val_bce=2.327131 val_acc=0.5259 val_auc=0.5931
[2026-03-30 04:22:58] [Epoch 18] lr_max=4.05134e-06 lr_min=4.05134e-07 train_focal=0.423359 train_bce=1.756653 train_acc=0.6018 val_bce=2.118815 val_acc=0.5100 val_auc=0.5836
[2026-03-30 04:22:58] [NEW_BEST] epoch=18 val_bce=2.118815 val_acc=0.5100 val_auc=0.5836
[2026-03-30 04:23:00] [Epoch 19] lr_max=3.77847e-06 lr_min=3.77847e-07 train_focal=0.377163 train_bce=1.731855 train_acc=0.6000 val_bce=2.220558 val_acc=0.5060 val_auc=0.5688
[2026-03-30 04:23:02] [Epoch 20] lr_max=3.50387e-06 lr_min=3.50387e-07 train_focal=0.377205 train_bce=1.772054 train_acc=0.5858 val_bce=2.002293 val_acc=0.5179 val_auc=0.5826
[2026-03-30 04:23:02] [NEW_BEST] epoch=20 val_bce=2.002293 val_acc=0.5179 val_auc=0.5826
[2026-03-30 04:23:04] [Epoch 21] lr_max=3.22925e-06 lr_min=3.22925e-07 train_focal=0.339922 train_bce=1.627077 train_acc=0.6257 val_bce=2.101635 val_acc=0.5100 val_auc=0.5803
[2026-03-30 04:23:06] [Epoch 22] lr_max=2.9563e-06 lr_min=2.9563e-07 train_focal=0.360260 train_bce=1.592215 train_acc=0.6097 val_bce=2.105229 val_acc=0.5259 val_auc=0.5930
[2026-03-30 04:23:08] [Epoch 23] lr_max=2.68671e-06 lr_min=2.68671e-07 train_focal=0.415864 train_bce=1.698394 train_acc=0.6168 val_bce=1.858430 val_acc=0.5498 val_auc=0.5996
[2026-03-30 04:23:08] [NEW_BEST] epoch=23 val_bce=1.858430 val_acc=0.5498 val_auc=0.5996
[2026-03-30 04:23:10] [Epoch 24] lr_max=2.42212e-06 lr_min=2.42212e-07 train_focal=0.384391 train_bce=1.708039 train_acc=0.5858 val_bce=1.789191 val_acc=0.5458 val_auc=0.5976
[2026-03-30 04:23:10] [NEW_BEST] epoch=24 val_bce=1.789191 val_acc=0.5458 val_auc=0.5976
[2026-03-30 04:23:12] [Epoch 25] lr_max=2.16419e-06 lr_min=2.16419e-07 train_focal=0.397224 train_bce=1.654044 train_acc=0.6301 val_bce=1.904775 val_acc=0.5299 val_auc=0.6011
[2026-03-30 04:23:14] [Epoch 26] lr_max=1.91448e-06 lr_min=1.91448e-07 train_focal=0.336720 train_bce=1.505152 train_acc=0.6504 val_bce=2.092556 val_acc=0.5179 val_auc=0.6040
[2026-03-30 04:23:16] [Epoch 27] lr_max=1.67456e-06 lr_min=1.67456e-07 train_focal=0.391205 train_bce=1.557201 train_acc=0.6274 val_bce=1.753802 val_acc=0.5697 val_auc=0.6048
[2026-03-30 04:23:17] [NEW_BEST] epoch=27 val_bce=1.753802 val_acc=0.5697 val_auc=0.6048
[2026-03-30 04:23:19] [Epoch 28] lr_max=1.44589e-06 lr_min=1.44589e-07 train_focal=0.414659 train_bce=1.699485 train_acc=0.6106 val_bce=2.217252 val_acc=0.5100 val_auc=0.6079
[2026-03-30 04:23:21] [Epoch 29] lr_max=1.22988e-06 lr_min=1.22988e-07 train_focal=0.355088 train_bce=1.555313 train_acc=0.6177 val_bce=1.981888 val_acc=0.5299 val_auc=0.5959
[2026-03-30 04:23:23] [Epoch 30] lr_max=1.02787e-06 lr_min=1.02787e-07 train_focal=0.375442 train_bce=1.501245 train_acc=0.6487 val_bce=1.640811 val_acc=0.5697 val_auc=0.6054
[2026-03-30 04:23:23] [NEW_BEST] epoch=30 val_bce=1.640811 val_acc=0.5697 val_auc=0.6054
[2026-03-30 04:23:25] [Epoch 31] lr_max=8.41095e-07 lr_min=8.41095e-08 train_focal=0.392953 train_bce=1.617563 train_acc=0.6150 val_bce=1.782739 val_acc=0.5498 val_auc=0.6140
[2026-03-30 04:23:27] [Epoch 32] lr_max=6.70718e-07 lr_min=6.70718e-08 train_focal=0.334666 train_bce=1.402463 train_acc=0.6381 val_bce=1.856306 val_acc=0.5458 val_auc=0.6071
[2026-03-30 04:23:29] [Epoch 33] lr_max=5.17784e-07 lr_min=5.17784e-08 train_focal=0.339786 train_bce=1.511956 train_acc=0.6327 val_bce=1.824024 val_acc=0.5578 val_auc=0.6041
[2026-03-30 04:23:31] [Epoch 34] lr_max=3.83237e-07 lr_min=3.83237e-08 train_focal=0.391568 train_bce=1.574482 train_acc=0.6230 val_bce=1.781316 val_acc=0.5618 val_auc=0.5960
[2026-03-30 04:23:33] [Epoch 35] lr_max=2.67905e-07 lr_min=2.67905e-08 train_focal=0.331911 train_bce=1.534266 train_acc=0.6381 val_bce=1.782673 val_acc=0.5498 val_auc=0.6199
[2026-03-30 04:23:35] [Epoch 36] lr_max=1.72501e-07 lr_min=1.72501e-08 train_focal=0.370372 train_bce=1.556154 train_acc=0.6239 val_bce=1.930296 val_acc=0.5139 val_auc=0.6081
[2026-03-30 04:23:38] [Epoch 37] lr_max=9.76112e-08 lr_min=9.76112e-09 train_focal=0.320845 train_bce=1.452960 train_acc=0.6416 val_bce=1.860063 val_acc=0.5538 val_auc=0.6072
[2026-03-30 04:23:40] [Epoch 38] lr_max=4.36986e-08 lr_min=4.36986e-09 train_focal=0.370856 train_bce=1.508517 train_acc=0.6301 val_bce=1.863791 val_acc=0.5458 val_auc=0.6012
[2026-03-30 04:23:42] [Epoch 39] lr_max=1.10952e-08 lr_min=1.10952e-09 train_focal=0.313610 train_bce=1.484246 train_acc=0.6584 val_bce=1.949209 val_acc=0.5299 val_auc=0.6092
[2026-03-30 04:23:44] [Epoch 40] lr_max=2.14142e-12 lr_min=2.14142e-13 train_focal=0.368295 train_bce=1.488320 train_acc=0.6504 val_bce=1.768565 val_acc=0.5657 val_auc=0.6054
[2026-03-30 04:23:44] [early stop] Fold 3 at epoch 40
[2026-03-30 04:23:44] [saved learning curves] /data/Irene/SwinTransformer/Swin_Meta/EffNetB0_outputs/training/efficientnet_b0/Partial_B4_6/OCT1/BS16_EP100_LR7e-06_WD0.01_PARTIAL_FINETUNE_DR0.2_FL0.113_0.887_2_WSon_1_2.8/Kfold/fold3/learning_curves.png
[2026-03-30 04:23:47] [TS] T*=10.000000 | NLL 1.6408108472824097->0.6608063578605652
[2026-03-30 04:23:47] [saved checkpoint] /data/Irene/SwinTransformer/Swin_Meta/checkpoints/efficientnet_b0/Partial_B4_6/OCT1/BS16_EP100_LR7e-06_WD0.01_PARTIAL_FINETUNE_DR0.2_FL0.113_0.887_2_WSon_1_2.8/Kfold/fold3/model_best.pth
[2026-03-30 04:23:47] [saved OOF] /data/Irene/SwinTransformer/Swin_Meta/EffNetB0_outputs/training/efficientnet_b0/Partial_B4_6/OCT1/BS16_EP100_LR7e-06_WD0.01_PARTIAL_FINETUNE_DR0.2_FL0.113_0.887_2_WSon_1_2.8/Kfold/fold3/val_oof_predictions_fold3.csv
