[2026-05-18 14:22:37] Start Fold 4 | MODEL=swin_tiny(swin_tiny_patch4_window7_224) MODALITY=MULTIMODAL IMG=224x448 BS=16 EP=100 LR=2e-06 WD=0.01 UNFREEZE_MODE=FULL_FINETUNE FocalAlpha=[0.13, 0.87] FocalGamma=2.0
[2026-05-18 14:22:43] [Epoch 1] lr_max=1.99705e-06 lr_min=1.99705e-06 train_focal=0.049786 train_bce=0.757167 train_acc=0.2799 val_bce=0.782461 val_acc=0.1118 val_auc=0.5333
[2026-05-18 14:22:46] [NEW_BEST] epoch=1 val_bce=0.782461 val_acc=0.1118 val_auc=0.5333
[2026-05-18 14:22:50] [Epoch 2] lr_max=1.98796e-06 lr_min=1.98796e-06 train_focal=0.047212 train_bce=0.755752 train_acc=0.2869 val_bce=0.772625 val_acc=0.1471 val_auc=0.5831
[2026-05-18 14:22:53] [NEW_BEST] epoch=2 val_bce=0.772625 val_acc=0.1471 val_auc=0.5831
[2026-05-18 14:22:59] [Epoch 3] lr_max=1.97278e-06 lr_min=1.97278e-06 train_focal=0.046195 train_bce=0.748290 train_acc=0.3050 val_bce=0.743351 val_acc=0.2824 val_auc=0.6260
[2026-05-18 14:23:01] [NEW_BEST] epoch=3 val_bce=0.743351 val_acc=0.2824 val_auc=0.6260
[2026-05-18 14:23:04] [Epoch 4] lr_max=1.95159e-06 lr_min=1.95159e-06 train_focal=0.043648 train_bce=0.727657 train_acc=0.3621 val_bce=0.714943 val_acc=0.3882 val_auc=0.6717
[2026-05-18 14:23:06] [NEW_BEST] epoch=4 val_bce=0.714943 val_acc=0.3882 val_auc=0.6717
[2026-05-18 14:23:11] [Epoch 5] lr_max=1.92455e-06 lr_min=1.92455e-06 train_focal=0.042445 train_bce=0.706434 train_acc=0.4248 val_bce=0.739869 val_acc=0.3294 val_auc=0.7041
[2026-05-18 14:23:17] [Epoch 6] lr_max=1.8918e-06 lr_min=1.8918e-06 train_focal=0.040468 train_bce=0.696807 train_acc=0.4666 val_bce=0.702178 val_acc=0.4765 val_auc=0.7097
[2026-05-18 14:23:19] [NEW_BEST] epoch=6 val_bce=0.702178 val_acc=0.4765 val_auc=0.7097
[2026-05-18 14:23:24] [Epoch 7] lr_max=1.85355e-06 lr_min=1.85355e-06 train_focal=0.039454 train_bce=0.670037 train_acc=0.5822 val_bce=0.749440 val_acc=0.3765 val_auc=0.7313
[2026-05-18 14:23:30] [Epoch 8] lr_max=1.81004e-06 lr_min=1.81004e-06 train_focal=0.038525 train_bce=0.673541 train_acc=0.5752 val_bce=0.677038 val_acc=0.5882 val_auc=0.7194
[2026-05-18 14:23:32] [NEW_BEST] epoch=8 val_bce=0.677038 val_acc=0.5882 val_auc=0.7194
[2026-05-18 14:23:34] [Epoch 9] lr_max=1.76154e-06 lr_min=1.76154e-06 train_focal=0.036162 train_bce=0.646203 train_acc=0.6045 val_bce=0.684091 val_acc=0.5353 val_auc=0.7212
[2026-05-18 14:23:41] [Epoch 10] lr_max=1.70834e-06 lr_min=1.70834e-06 train_focal=0.034562 train_bce=0.640416 train_acc=0.6253 val_bce=0.627799 val_acc=0.6941 val_auc=0.7302
[2026-05-18 14:23:43] [NEW_BEST] epoch=10 val_bce=0.627799 val_acc=0.6941 val_auc=0.7302
[2026-05-18 14:23:49] [Epoch 11] lr_max=1.65077e-06 lr_min=1.65077e-06 train_focal=0.034641 train_bce=0.609150 train_acc=0.6992 val_bce=0.707850 val_acc=0.5118 val_auc=0.7449
[2026-05-18 14:23:52] [Epoch 12] lr_max=1.5892e-06 lr_min=1.5892e-06 train_focal=0.030634 train_bce=0.580413 train_acc=0.7242 val_bce=0.685033 val_acc=0.5529 val_auc=0.7421
[2026-05-18 14:23:59] [Epoch 13] lr_max=1.52399e-06 lr_min=1.52399e-06 train_focal=0.030418 train_bce=0.577605 train_acc=0.7368 val_bce=0.645113 val_acc=0.6529 val_auc=0.7379
[2026-05-18 14:24:05] [Epoch 14] lr_max=1.45554e-06 lr_min=1.45554e-06 train_focal=0.027917 train_bce=0.559485 train_acc=0.7535 val_bce=0.634220 val_acc=0.6647 val_auc=0.7452
[2026-05-18 14:24:11] [Epoch 15] lr_max=1.3843e-06 lr_min=1.3843e-06 train_focal=0.029799 train_bce=0.570106 train_acc=0.7326 val_bce=0.609164 val_acc=0.6882 val_auc=0.7456
[2026-05-18 14:24:13] [NEW_BEST] epoch=15 val_bce=0.609164 val_acc=0.6882 val_auc=0.7456
[2026-05-18 14:24:19] [Epoch 16] lr_max=1.31068e-06 lr_min=1.31068e-06 train_focal=0.025185 train_bce=0.530898 train_acc=0.8008 val_bce=0.598351 val_acc=0.6824 val_auc=0.7463
[2026-05-18 14:24:21] [NEW_BEST] epoch=16 val_bce=0.598351 val_acc=0.6824 val_auc=0.7463
[2026-05-18 14:24:26] [Epoch 17] lr_max=1.23514e-06 lr_min=1.23514e-06 train_focal=0.028945 train_bce=0.535395 train_acc=0.7744 val_bce=0.563976 val_acc=0.7529 val_auc=0.7452
[2026-05-18 14:24:28] [NEW_BEST] epoch=17 val_bce=0.563976 val_acc=0.7529 val_auc=0.7452
[2026-05-18 14:24:33] [Epoch 18] lr_max=1.15816e-06 lr_min=1.15816e-06 train_focal=0.029834 train_bce=0.537536 train_acc=0.7688 val_bce=0.642748 val_acc=0.6471 val_auc=0.7529
[2026-05-18 14:24:39] [Epoch 19] lr_max=1.0802e-06 lr_min=1.0802e-06 train_focal=0.025062 train_bce=0.526980 train_acc=0.7841 val_bce=0.555358 val_acc=0.7824 val_auc=0.7490
[2026-05-18 14:24:41] [NEW_BEST] epoch=19 val_bce=0.555358 val_acc=0.7824 val_auc=0.7490
[2026-05-18 14:24:45] [Epoch 20] lr_max=1.00175e-06 lr_min=1.00175e-06 train_focal=0.026890 train_bce=0.516175 train_acc=0.7967 val_bce=0.601410 val_acc=0.6882 val_auc=0.7515
[2026-05-18 14:24:51] [Epoch 21] lr_max=9.23281e-07 lr_min=9.23281e-07 train_focal=0.024866 train_bce=0.514901 train_acc=0.7967 val_bce=0.605424 val_acc=0.6941 val_auc=0.7504
[2026-05-18 14:24:56] [Epoch 22] lr_max=8.4529e-07 lr_min=8.4529e-07 train_focal=0.026016 train_bce=0.518102 train_acc=0.7702 val_bce=0.603029 val_acc=0.6765 val_auc=0.7480
[2026-05-18 14:25:02] [Epoch 23] lr_max=7.68252e-07 lr_min=7.68252e-07 train_focal=0.025708 train_bce=0.491272 train_acc=0.8134 val_bce=0.563320 val_acc=0.7353 val_auc=0.7473
[2026-05-18 14:25:08] [Epoch 24] lr_max=6.92643e-07 lr_min=6.92643e-07 train_focal=0.020726 train_bce=0.462780 train_acc=0.8329 val_bce=0.587543 val_acc=0.6824 val_auc=0.7501
[2026-05-18 14:25:13] [Epoch 25] lr_max=6.1893e-07 lr_min=6.1893e-07 train_focal=0.024964 train_bce=0.511344 train_acc=0.7730 val_bce=0.574277 val_acc=0.7059 val_auc=0.7483
[2026-05-18 14:25:18] [Epoch 26] lr_max=5.47565e-07 lr_min=5.47565e-07 train_focal=0.024486 train_bce=0.502295 train_acc=0.7883 val_bce=0.561317 val_acc=0.7471 val_auc=0.7470
[2026-05-18 14:25:24] [Epoch 27] lr_max=4.7899e-07 lr_min=4.7899e-07 train_focal=0.022322 train_bce=0.468047 train_acc=0.8329 val_bce=0.558611 val_acc=0.7471 val_auc=0.7445
[2026-05-18 14:25:31] [Epoch 28] lr_max=4.13628e-07 lr_min=4.13628e-07 train_focal=0.021918 train_bce=0.464170 train_acc=0.8496 val_bce=0.575492 val_acc=0.7000 val_auc=0.7463
[2026-05-18 14:25:37] [Epoch 29] lr_max=3.5188e-07 lr_min=3.5188e-07 train_focal=0.022619 train_bce=0.469723 train_acc=0.8357 val_bce=0.550288 val_acc=0.7529 val_auc=0.7473
[2026-05-18 14:25:38] [NEW_BEST] epoch=29 val_bce=0.550288 val_acc=0.7529 val_auc=0.7473
[2026-05-18 14:25:42] [Epoch 30] lr_max=2.94128e-07 lr_min=2.94128e-07 train_focal=0.023893 train_bce=0.478903 train_acc=0.8189 val_bce=0.546344 val_acc=0.7588 val_auc=0.7470
[2026-05-18 14:25:44] [NEW_BEST] epoch=30 val_bce=0.546344 val_acc=0.7588 val_auc=0.7470
[2026-05-18 14:25:48] [Epoch 31] lr_max=2.40729e-07 lr_min=2.40729e-07 train_focal=0.021157 train_bce=0.454250 train_acc=0.8454 val_bce=0.559712 val_acc=0.7294 val_auc=0.7480
[2026-05-18 14:25:53] [Epoch 32] lr_max=1.9201e-07 lr_min=1.9201e-07 train_focal=0.021257 train_bce=0.464173 train_acc=0.8440 val_bce=0.548539 val_acc=0.7529 val_auc=0.7480
[2026-05-18 14:25:59] [Epoch 33] lr_max=1.48273e-07 lr_min=1.48273e-07 train_focal=0.019983 train_bce=0.455036 train_acc=0.8510 val_bce=0.546334 val_acc=0.7529 val_auc=0.7483
[2026-05-18 14:26:00] [NEW_BEST] epoch=33 val_bce=0.546334 val_acc=0.7529 val_auc=0.7483
[2026-05-18 14:26:05] [Epoch 34] lr_max=1.09787e-07 lr_min=1.09787e-07 train_focal=0.021931 train_bce=0.451307 train_acc=0.8398 val_bce=0.553340 val_acc=0.7529 val_auc=0.7480
[2026-05-18 14:26:11] [Epoch 35] lr_max=7.67898e-08 lr_min=7.67898e-08 train_focal=0.019711 train_bce=0.437365 train_acc=0.8565 val_bce=0.547588 val_acc=0.7529 val_auc=0.7480
[2026-05-18 14:26:15] [Epoch 36] lr_max=4.94843e-08 lr_min=4.94843e-08 train_focal=0.021031 train_bce=0.459673 train_acc=0.8412 val_bce=0.543545 val_acc=0.7529 val_auc=0.7470
[2026-05-18 14:26:17] [NEW_BEST] epoch=36 val_bce=0.543545 val_acc=0.7529 val_auc=0.7470
[2026-05-18 14:26:19] [Epoch 37] lr_max=2.8039e-08 lr_min=2.8039e-08 train_focal=0.022157 train_bce=0.456339 train_acc=0.8524 val_bce=0.539750 val_acc=0.7588 val_auc=0.7463
[2026-05-18 14:26:21] [NEW_BEST] epoch=37 val_bce=0.539750 val_acc=0.7588 val_auc=0.7463
[2026-05-18 14:26:24] [Epoch 38] lr_max=1.25862e-08 lr_min=1.25862e-08 train_focal=0.019811 train_bce=0.439934 train_acc=0.8663 val_bce=0.541996 val_acc=0.7529 val_auc=0.7470
[2026-05-18 14:26:28] [Epoch 39] lr_max=3.22112e-09 lr_min=3.22112e-09 train_focal=0.021167 train_bce=0.451167 train_acc=0.8579 val_bce=0.542028 val_acc=0.7529 val_auc=0.7466
[2026-05-18 14:26:32] [Epoch 40] lr_max=1.52309e-12 lr_min=1.52309e-12 train_focal=0.020279 train_bce=0.428114 train_acc=0.8774 val_bce=0.542070 val_acc=0.7529 val_auc=0.7470
[2026-05-18 14:26:35] [Epoch 41] lr_max=1.99926e-06 lr_min=1.99926e-06 train_focal=0.022004 train_bce=0.455964 train_acc=0.8301 val_bce=0.531788 val_acc=0.7706 val_auc=0.7470
[2026-05-18 14:26:37] [NEW_BEST] epoch=41 val_bce=0.531788 val_acc=0.7706 val_auc=0.7470
[2026-05-18 14:26:39] [Epoch 42] lr_max=1.99699e-06 lr_min=1.99699e-06 train_focal=0.022124 train_bce=0.451336 train_acc=0.8482 val_bce=0.558327 val_acc=0.7294 val_auc=0.7476
[2026-05-18 14:26:43] [Epoch 43] lr_max=1.99317e-06 lr_min=1.99317e-06 train_focal=0.021466 train_bce=0.441132 train_acc=0.8357 val_bce=0.556066 val_acc=0.7353 val_auc=0.7515
[2026-05-18 14:26:48] [Epoch 44] lr_max=1.98782e-06 lr_min=1.98782e-06 train_focal=0.018981 train_bce=0.408065 train_acc=0.8747 val_bce=0.481592 val_acc=0.8294 val_auc=0.7452
[2026-05-18 14:26:51] [NEW_BEST] epoch=44 val_bce=0.481592 val_acc=0.8294 val_auc=0.7452
[2026-05-18 14:26:55] [Epoch 45] lr_max=1.98096e-06 lr_min=1.98096e-06 train_focal=0.019343 train_bce=0.421189 train_acc=0.8677 val_bce=0.504238 val_acc=0.8000 val_auc=0.7543
[2026-05-18 14:27:00] [Epoch 46] lr_max=1.97257e-06 lr_min=1.97257e-06 train_focal=0.017955 train_bce=0.400470 train_acc=0.8663 val_bce=0.480454 val_acc=0.8235 val_auc=0.7553
[2026-05-18 14:27:02] [NEW_BEST] epoch=46 val_bce=0.480454 val_acc=0.8235 val_auc=0.7553
[2026-05-18 14:27:06] [Epoch 47] lr_max=1.96269e-06 lr_min=1.96269e-06 train_focal=0.018647 train_bce=0.389168 train_acc=0.8900 val_bce=0.465282 val_acc=0.8235 val_auc=0.7578
[2026-05-18 14:27:07] [NEW_BEST] epoch=47 val_bce=0.465282 val_acc=0.8235 val_auc=0.7578
[2026-05-18 14:27:10] [Epoch 48] lr_max=1.95133e-06 lr_min=1.95133e-06 train_focal=0.017256 train_bce=0.391299 train_acc=0.8816 val_bce=0.444560 val_acc=0.8294 val_auc=0.7619
[2026-05-18 14:27:12] [NEW_BEST] epoch=48 val_bce=0.444560 val_acc=0.8294 val_auc=0.7619
[2026-05-18 14:27:15] [Epoch 49] lr_max=1.93849e-06 lr_min=1.93849e-06 train_focal=0.016030 train_bce=0.360950 train_acc=0.9081 val_bce=0.456272 val_acc=0.8235 val_auc=0.7605
[2026-05-18 14:27:19] [Epoch 50] lr_max=1.92421e-06 lr_min=1.92421e-06 train_focal=0.016049 train_bce=0.364067 train_acc=0.8900 val_bce=0.464209 val_acc=0.8235 val_auc=0.7571
[2026-05-18 14:27:23] [Epoch 51] lr_max=1.90851e-06 lr_min=1.90851e-06 train_focal=0.015047 train_bce=0.349828 train_acc=0.9053 val_bce=0.482871 val_acc=0.8059 val_auc=0.7605
[2026-05-18 14:27:26] [Epoch 52] lr_max=1.8914e-06 lr_min=1.8914e-06 train_focal=0.013574 train_bce=0.343722 train_acc=0.9025 val_bce=0.421292 val_acc=0.8294 val_auc=0.7602
[2026-05-18 14:27:27] [NEW_BEST] epoch=52 val_bce=0.421292 val_acc=0.8294 val_auc=0.7602
[2026-05-18 14:27:30] [Epoch 53] lr_max=1.87292e-06 lr_min=1.87292e-06 train_focal=0.015019 train_bce=0.329867 train_acc=0.9178 val_bce=0.440878 val_acc=0.8294 val_auc=0.7612
[2026-05-18 14:27:34] [Epoch 54] lr_max=1.8531e-06 lr_min=1.8531e-06 train_focal=0.011975 train_bce=0.325348 train_acc=0.9123 val_bce=0.430688 val_acc=0.8235 val_auc=0.7609
[2026-05-18 14:27:39] [Epoch 55] lr_max=1.83195e-06 lr_min=1.83195e-06 train_focal=0.013432 train_bce=0.317984 train_acc=0.9150 val_bce=0.434005 val_acc=0.8294 val_auc=0.7619
[2026-05-18 14:27:44] [Epoch 56] lr_max=1.80953e-06 lr_min=1.80953e-06 train_focal=0.014301 train_bce=0.323996 train_acc=0.9178 val_bce=0.405976 val_acc=0.8471 val_auc=0.7588
[2026-05-18 14:27:46] [NEW_BEST] epoch=56 val_bce=0.405976 val_acc=0.8471 val_auc=0.7588
[2026-05-18 14:27:50] [Epoch 57] lr_max=1.78586e-06 lr_min=1.78586e-06 train_focal=0.011790 train_bce=0.309945 train_acc=0.9248 val_bce=0.408687 val_acc=0.8471 val_auc=0.7654
[2026-05-18 14:27:54] [Epoch 58] lr_max=1.76097e-06 lr_min=1.76097e-06 train_focal=0.010808 train_bce=0.280749 train_acc=0.9220 val_bce=0.383199 val_acc=0.8647 val_auc=0.7578
[2026-05-18 14:27:56] [NEW_BEST] epoch=58 val_bce=0.383199 val_acc=0.8647 val_auc=0.7578
[2026-05-18 14:27:59] [Epoch 59] lr_max=1.73491e-06 lr_min=1.73491e-06 train_focal=0.012575 train_bce=0.288263 train_acc=0.9276 val_bce=0.432409 val_acc=0.8294 val_auc=0.7665
[2026-05-18 14:28:04] [Epoch 60] lr_max=1.70772e-06 lr_min=1.70772e-06 train_focal=0.011504 train_bce=0.294882 train_acc=0.9220 val_bce=0.426739 val_acc=0.8294 val_auc=0.7675
[2026-05-18 14:28:09] [Epoch 61] lr_max=1.67944e-06 lr_min=1.67944e-06 train_focal=0.009262 train_bce=0.266959 train_acc=0.9526 val_bce=0.372116 val_acc=0.8588 val_auc=0.7619
[2026-05-18 14:28:11] [NEW_BEST] epoch=61 val_bce=0.372116 val_acc=0.8588 val_auc=0.7619
[2026-05-18 14:28:15] [Epoch 62] lr_max=1.65011e-06 lr_min=1.65011e-06 train_focal=0.011607 train_bce=0.278876 train_acc=0.9331 val_bce=0.466702 val_acc=0.7941 val_auc=0.7633
[2026-05-18 14:28:20] [Epoch 63] lr_max=1.61978e-06 lr_min=1.61978e-06 train_focal=0.010826 train_bce=0.274351 train_acc=0.9304 val_bce=0.415996 val_acc=0.8294 val_auc=0.7595
[2026-05-18 14:28:25] [Epoch 64] lr_max=1.58849e-06 lr_min=1.58849e-06 train_focal=0.011002 train_bce=0.258227 train_acc=0.9331 val_bce=0.396284 val_acc=0.8353 val_auc=0.7605
[2026-05-18 14:28:29] [Epoch 65] lr_max=1.5563e-06 lr_min=1.5563e-06 train_focal=0.010863 train_bce=0.271314 train_acc=0.9276 val_bce=0.379816 val_acc=0.8529 val_auc=0.7553
[2026-05-18 14:28:33] [Epoch 66] lr_max=1.52324e-06 lr_min=1.52324e-06 train_focal=0.011127 train_bce=0.265641 train_acc=0.9290 val_bce=0.387568 val_acc=0.8471 val_auc=0.7560
[2026-05-18 14:28:37] [Epoch 67] lr_max=1.48938e-06 lr_min=1.48938e-06 train_focal=0.009765 train_bce=0.245343 train_acc=0.9513 val_bce=0.408318 val_acc=0.8294 val_auc=0.7612
[2026-05-18 14:28:40] [Epoch 68] lr_max=1.45477e-06 lr_min=1.45477e-06 train_focal=0.009395 train_bce=0.252728 train_acc=0.9415 val_bce=0.432752 val_acc=0.8235 val_auc=0.7637
[2026-05-18 14:28:43] [Epoch 69] lr_max=1.41945e-06 lr_min=1.41945e-06 train_focal=0.008245 train_bce=0.239258 train_acc=0.9526 val_bce=0.433718 val_acc=0.8235 val_auc=0.7647
[2026-05-18 14:28:48] [Epoch 70] lr_max=1.38349e-06 lr_min=1.38349e-06 train_focal=0.011353 train_bce=0.267444 train_acc=0.9178 val_bce=0.376523 val_acc=0.8588 val_auc=0.7654
[2026-05-18 14:28:52] [Epoch 71] lr_max=1.34694e-06 lr_min=1.34694e-06 train_focal=0.009182 train_bce=0.241583 train_acc=0.9359 val_bce=0.379051 val_acc=0.8647 val_auc=0.7672
[2026-05-18 14:28:53] [early stop] Fold 4 at epoch 71
[2026-05-18 14:28:53] [saved learning curves] /data/Irene/SwinTransformer/Swin_Meta/Multimodal_outputs/training/swin_tiny/MULTIMODAL/MULTIMODAL_BS16_EP100_LR2e-06_WD0.01_FULL_FINETUNE_FL0.13_0.87_2_WSon_1_2.6/Kfold/fold4/learning_curves.png
[2026-05-18 14:28:55] [TS] T*=1.000000 | NLL None->None
[2026-05-18 14:28:55] [saved checkpoint] /data/Irene/SwinTransformer/Swin_Meta/Multimodal_outputs/checkpoints/swin_tiny/MULTIMODAL/MULTIMODAL_BS16_EP100_LR2e-06_WD0.01_FULL_FINETUNE_FL0.13_0.87_2_WSon_1_2.6/Kfold/fold4/model_best.pth
[2026-05-18 14:28:55] [saved OOF] /data/Irene/SwinTransformer/Swin_Meta/Multimodal_outputs/training/swin_tiny/MULTIMODAL/MULTIMODAL_BS16_EP100_LR2e-06_WD0.01_FULL_FINETUNE_FL0.13_0.87_2_WSon_1_2.6/Kfold/fold4/val_oof_predictions_fold4.csv
