[2026-03-30 04:47:37]   [unfreeze] blocks[4]
[2026-03-30 04:47:37]   [unfreeze] blocks[5]
[2026-03-30 04:47:37]   [unfreeze] blocks[6]
[2026-03-30 04:47:37]   [unfreeze] conv_head
[2026-03-30 04:47:37]   [unfreeze] bn2
[2026-03-30 04:47:37]   [unfreeze] classifier
[2026-03-30 04:47:37]   [PARTIAL_FINETUNE] trainable=3,700,169 / total=4,008,829 (92.3%)
[2026-03-30 04:47:37] Start Fold 5 | MODEL=efficientnet_b0(efficientnet_b0) MODALITY=OCTA3 BS=16 EP=100 LR=1e-05 WD=0.01 UNFREEZE_MODE=PARTIAL_FINETUNE DROP_RATE=0.2 FocalAlpha=[0.13, 0.87] FocalGamma=2.0
[2026-03-30 04:47:38] [Epoch 1] lr_max=9.98524e-06 lr_min=9.98524e-07 train_focal=1.457561 train_bce=2.853319 train_acc=0.5193 val_bce=1.411989 val_acc=0.6715 val_auc=0.7422
[2026-03-30 04:47:39] [NEW_BEST] epoch=1 val_bce=1.411989 val_acc=0.6715 val_auc=0.7422
[2026-03-30 04:47:40] [Epoch 2] lr_max=9.93974e-06 lr_min=9.93974e-07 train_focal=1.267194 train_bce=2.628385 train_acc=0.5326 val_bce=1.609637 val_acc=0.6496 val_auc=0.7483
[2026-03-30 04:47:41] [Epoch 3] lr_max=9.86379e-06 lr_min=9.86379e-07 train_focal=1.138204 train_bce=2.559861 train_acc=0.5220 val_bce=1.688728 val_acc=0.6277 val_auc=0.7318
[2026-03-30 04:47:42] [Epoch 4] lr_max=9.75786e-06 lr_min=9.75786e-07 train_focal=1.140831 train_bce=2.619568 train_acc=0.5033 val_bce=1.772199 val_acc=0.5985 val_auc=0.7309
[2026-03-30 04:47:43] [Epoch 5] lr_max=9.62259e-06 lr_min=9.62259e-07 train_focal=1.096457 train_bce=2.532833 train_acc=0.5206 val_bce=2.030674 val_acc=0.5255 val_auc=0.7595
[2026-03-30 04:47:45] [Epoch 6] lr_max=9.45882e-06 lr_min=9.45882e-07 train_focal=0.982859 train_bce=2.393604 train_acc=0.5153 val_bce=2.039105 val_acc=0.5474 val_auc=0.7613
[2026-03-30 04:47:46] [Epoch 7] lr_max=9.26756e-06 lr_min=9.26756e-07 train_focal=0.914518 train_bce=2.176322 train_acc=0.5300 val_bce=2.030702 val_acc=0.5474 val_auc=0.7769
[2026-03-30 04:47:47] [Epoch 8] lr_max=9.04999e-06 lr_min=9.04999e-07 train_focal=0.824542 train_bce=2.284086 train_acc=0.5499 val_bce=2.055777 val_acc=0.5255 val_auc=0.7778
[2026-03-30 04:47:48] [Epoch 9] lr_max=8.80745e-06 lr_min=8.80745e-07 train_focal=0.816344 train_bce=2.173785 train_acc=0.5526 val_bce=2.360056 val_acc=0.5109 val_auc=0.7648
[2026-03-30 04:47:50] [Epoch 10] lr_max=8.54144e-06 lr_min=8.54144e-07 train_focal=0.656722 train_bce=2.155821 train_acc=0.5579 val_bce=2.446716 val_acc=0.5036 val_auc=0.7617
[2026-03-30 04:47:51] [Epoch 11] lr_max=8.25359e-06 lr_min=8.25359e-07 train_focal=0.670722 train_bce=2.078516 train_acc=0.5473 val_bce=2.741726 val_acc=0.4964 val_auc=0.7856
[2026-03-30 04:47:51] [early stop] Fold 5 at epoch 11
[2026-03-30 04:47:51] [saved learning curves] /data/Irene/SwinTransformer/Swin_Meta/EffNetB0_outputs/training/efficientnet_b0/Partial_B4_6/OCTA3/BS16_EP100_LR1e-05_WD0.01_PARTIAL_FINETUNE_DR0.2_FL0.13_0.87_2_WSon_1_2.6/Kfold/fold5/learning_curves.png
[2026-03-30 04:47:54] [TS] T*=6.698190 | NLL 1.4119893312454224->0.6054428219795227
[2026-03-30 04:47:54] [saved checkpoint] /data/Irene/SwinTransformer/Swin_Meta/checkpoints/efficientnet_b0/Partial_B4_6/OCTA3/BS16_EP100_LR1e-05_WD0.01_PARTIAL_FINETUNE_DR0.2_FL0.13_0.87_2_WSon_1_2.6/Kfold/fold5/model_best.pth
[2026-03-30 04:47:54] [saved OOF] /data/Irene/SwinTransformer/Swin_Meta/EffNetB0_outputs/training/efficientnet_b0/Partial_B4_6/OCTA3/BS16_EP100_LR1e-05_WD0.01_PARTIAL_FINETUNE_DR0.2_FL0.13_0.87_2_WSon_1_2.6/Kfold/fold5/val_oof_predictions_fold5.csv
