[2026-03-30 04:40:36]   [unfreeze] blocks[4]
[2026-03-30 04:40:36]   [unfreeze] blocks[5]
[2026-03-30 04:40:36]   [unfreeze] blocks[6]
[2026-03-30 04:40:36]   [unfreeze] conv_head
[2026-03-30 04:40:36]   [unfreeze] bn2
[2026-03-30 04:40:36]   [unfreeze] classifier
[2026-03-30 04:40:36]   [PARTIAL_FINETUNE] trainable=3,700,169 / total=4,008,829 (92.3%)
[2026-03-30 04:40:36] Start Fold 4 | MODEL=efficientnet_b0(efficientnet_b0) MODALITY=OCT0 BS=16 EP=100 LR=9e-06 WD=0.01 UNFREEZE_MODE=PARTIAL_FINETUNE DROP_RATE=0.2 FocalAlpha=[0.11, 0.89] FocalGamma=2.0
[2026-03-30 04:40:38] [Epoch 1] lr_max=8.9865e-06 lr_min=8.9865e-07 train_focal=1.065106 train_bce=2.107069 train_acc=0.5981 val_bce=2.002137 val_acc=0.5496 val_auc=0.6247
[2026-03-30 04:40:39] [NEW_BEST] epoch=1 val_bce=2.002137 val_acc=0.5496 val_auc=0.6247
[2026-03-30 04:40:41] [Epoch 2] lr_max=8.94533e-06 lr_min=8.94533e-07 train_focal=1.015969 train_bce=2.245403 train_acc=0.5796 val_bce=1.943833 val_acc=0.5745 val_auc=0.6377
[2026-03-30 04:40:41] [NEW_BEST] epoch=2 val_bce=1.943833 val_acc=0.5745 val_auc=0.6377
[2026-03-30 04:40:43] [Epoch 3] lr_max=8.87676e-06 lr_min=8.87676e-07 train_focal=0.719749 train_bce=1.946308 train_acc=0.5855 val_bce=2.375613 val_acc=0.5000 val_auc=0.6495
[2026-03-30 04:40:46] [Epoch 4] lr_max=8.78121e-06 lr_min=8.78121e-07 train_focal=0.561697 train_bce=1.835717 train_acc=0.5880 val_bce=2.689511 val_acc=0.4468 val_auc=0.6577
[2026-03-30 04:40:48] [Epoch 5] lr_max=8.65926e-06 lr_min=8.65926e-07 train_focal=0.568551 train_bce=1.993849 train_acc=0.5737 val_bce=2.613766 val_acc=0.4752 val_auc=0.6670
[2026-03-30 04:40:50] [Epoch 6] lr_max=8.51167e-06 lr_min=8.51167e-07 train_focal=0.520788 train_bce=1.942690 train_acc=0.5922 val_bce=2.257201 val_acc=0.5213 val_auc=0.6826
[2026-03-30 04:40:53] [Epoch 7] lr_max=8.33934e-06 lr_min=8.33934e-07 train_focal=0.442463 train_bce=1.791123 train_acc=0.6259 val_bce=2.447193 val_acc=0.4894 val_auc=0.6706
[2026-03-30 04:40:55] [Epoch 8] lr_max=8.14334e-06 lr_min=8.14334e-07 train_focal=0.386818 train_bce=1.754962 train_acc=0.6040 val_bce=2.278391 val_acc=0.5035 val_auc=0.6889
[2026-03-30 04:40:57] [Epoch 9] lr_max=7.92489e-06 lr_min=7.92489e-07 train_focal=0.388958 train_bce=1.621404 train_acc=0.6352 val_bce=2.408839 val_acc=0.4787 val_auc=0.6814
[2026-03-30 04:40:59] [Epoch 10] lr_max=7.68531e-06 lr_min=7.68531e-07 train_focal=0.389386 train_bce=1.601130 train_acc=0.6352 val_bce=1.750135 val_acc=0.5745 val_auc=0.6967
[2026-03-30 04:41:00] [NEW_BEST] epoch=10 val_bce=1.750135 val_acc=0.5745 val_auc=0.6967
[2026-03-30 04:41:01] [Epoch 11] lr_max=7.4261e-06 lr_min=7.4261e-07 train_focal=0.321974 train_bce=1.375814 train_acc=0.6655 val_bce=1.565604 val_acc=0.6170 val_auc=0.7057
[2026-03-30 04:41:02] [NEW_BEST] epoch=11 val_bce=1.565604 val_acc=0.6170 val_auc=0.7057
[2026-03-30 04:41:03] [Epoch 12] lr_max=7.14884e-06 lr_min=7.14884e-07 train_focal=0.347330 train_bce=1.551453 train_acc=0.6445 val_bce=1.490382 val_acc=0.6312 val_auc=0.7166
[2026-03-30 04:41:03] [NEW_BEST] epoch=12 val_bce=1.490382 val_acc=0.6312 val_auc=0.7166
[2026-03-30 04:41:05] [Epoch 13] lr_max=6.85526e-06 lr_min=6.85526e-07 train_focal=0.341014 train_bce=1.536848 train_acc=0.6639 val_bce=1.507046 val_acc=0.6135 val_auc=0.6986
[2026-03-30 04:41:07] [Epoch 14] lr_max=6.54715e-06 lr_min=6.54715e-07 train_focal=0.326739 train_bce=1.424474 train_acc=0.6622 val_bce=1.381157 val_acc=0.6454 val_auc=0.7016
[2026-03-30 04:41:07] [NEW_BEST] epoch=14 val_bce=1.381157 val_acc=0.6454 val_auc=0.7016
[2026-03-30 04:41:09] [Epoch 15] lr_max=6.22643e-06 lr_min=6.22643e-07 train_focal=0.327304 train_bce=1.405882 train_acc=0.6596 val_bce=1.677105 val_acc=0.6099 val_auc=0.7099
[2026-03-30 04:41:11] [Epoch 16] lr_max=5.89506e-06 lr_min=5.89506e-07 train_focal=0.371348 train_bce=1.433833 train_acc=0.6672 val_bce=1.532675 val_acc=0.6241 val_auc=0.7117
[2026-03-30 04:41:13] [Epoch 17] lr_max=5.55509e-06 lr_min=5.55509e-07 train_focal=0.374142 train_bce=1.471519 train_acc=0.6529 val_bce=1.439944 val_acc=0.6348 val_auc=0.7246
[2026-03-30 04:41:16] [Epoch 18] lr_max=5.20861e-06 lr_min=5.20861e-07 train_focal=0.345549 train_bce=1.459102 train_acc=0.6773 val_bce=1.851297 val_acc=0.5674 val_auc=0.7024
[2026-03-30 04:41:18] [Epoch 19] lr_max=4.85776e-06 lr_min=4.85776e-07 train_focal=0.324742 train_bce=1.383189 train_acc=0.6748 val_bce=1.523008 val_acc=0.6241 val_auc=0.7138
[2026-03-30 04:41:20] [Epoch 20] lr_max=4.50471e-06 lr_min=4.50471e-07 train_focal=0.321855 train_bce=1.329836 train_acc=0.6748 val_bce=1.687848 val_acc=0.5816 val_auc=0.7220
[2026-03-30 04:41:22] [Epoch 21] lr_max=4.15163e-06 lr_min=4.15163e-07 train_focal=0.287936 train_bce=1.226027 train_acc=0.7195 val_bce=1.355061 val_acc=0.6738 val_auc=0.7086
[2026-03-30 04:41:23] [NEW_BEST] epoch=21 val_bce=1.355061 val_acc=0.6738 val_auc=0.7086
[2026-03-30 04:41:25] [Epoch 22] lr_max=3.8007e-06 lr_min=3.8007e-07 train_focal=0.268922 train_bce=1.231820 train_acc=0.7009 val_bce=1.309868 val_acc=0.6277 val_auc=0.7360
[2026-03-30 04:41:25] [NEW_BEST] epoch=22 val_bce=1.309868 val_acc=0.6277 val_auc=0.7360
[2026-03-30 04:41:27] [Epoch 23] lr_max=3.45408e-06 lr_min=3.45408e-07 train_focal=0.333323 train_bce=1.246099 train_acc=0.6874 val_bce=1.403616 val_acc=0.6454 val_auc=0.7138
[2026-03-30 04:41:29] [Epoch 24] lr_max=3.11391e-06 lr_min=3.11391e-07 train_focal=0.344127 train_bce=1.250392 train_acc=0.7094 val_bce=1.301037 val_acc=0.6667 val_auc=0.7147
[2026-03-30 04:41:29] [NEW_BEST] epoch=24 val_bce=1.301037 val_acc=0.6667 val_auc=0.7147
[2026-03-30 04:41:30] [Epoch 25] lr_max=2.78228e-06 lr_min=2.78228e-07 train_focal=0.342305 train_bce=1.334152 train_acc=0.7051 val_bce=1.434306 val_acc=0.6170 val_auc=0.7147
[2026-03-30 04:41:32] [Epoch 26] lr_max=2.46124e-06 lr_min=2.46124e-07 train_focal=0.315352 train_bce=1.217530 train_acc=0.7035 val_bce=1.230523 val_acc=0.6525 val_auc=0.7266
[2026-03-30 04:41:32] [NEW_BEST] epoch=26 val_bce=1.230523 val_acc=0.6525 val_auc=0.7266
[2026-03-30 04:41:33] [Epoch 27] lr_max=2.15278e-06 lr_min=2.15278e-07 train_focal=0.260390 train_bce=1.129321 train_acc=0.7355 val_bce=1.304543 val_acc=0.6525 val_auc=0.7346
[2026-03-30 04:41:35] [Epoch 28] lr_max=1.85878e-06 lr_min=1.85878e-07 train_focal=0.300606 train_bce=1.225392 train_acc=0.7110 val_bce=1.306041 val_acc=0.6631 val_auc=0.7232
[2026-03-30 04:41:36] [Epoch 29] lr_max=1.58107e-06 lr_min=1.58107e-07 train_focal=0.293381 train_bce=1.149800 train_acc=0.7178 val_bce=0.899124 val_acc=0.7482 val_auc=0.7167
[2026-03-30 04:41:36] [NEW_BEST] epoch=29 val_bce=0.899124 val_acc=0.7482 val_auc=0.7167
[2026-03-30 04:41:38] [Epoch 30] lr_max=1.32135e-06 lr_min=1.32135e-07 train_focal=0.316443 train_bce=1.309206 train_acc=0.6891 val_bce=1.381025 val_acc=0.6525 val_auc=0.7137
[2026-03-30 04:41:39] [Epoch 31] lr_max=1.08124e-06 lr_min=1.08124e-07 train_focal=0.274914 train_bce=1.152892 train_acc=0.7169 val_bce=1.281747 val_acc=0.6738 val_auc=0.7219
[2026-03-30 04:41:41] [Epoch 32] lr_max=8.62195e-07 lr_min=8.62195e-08 train_focal=0.300034 train_bce=1.137790 train_acc=0.7262 val_bce=1.347220 val_acc=0.6489 val_auc=0.7291
[2026-03-30 04:41:42] [Epoch 33] lr_max=6.65584e-07 lr_min=6.65584e-08 train_focal=0.309809 train_bce=1.085710 train_acc=0.7355 val_bce=1.040541 val_acc=0.7234 val_auc=0.7179
[2026-03-30 04:41:43] [Epoch 34] lr_max=4.92612e-07 lr_min=4.92612e-08 train_focal=0.308110 train_bce=1.193268 train_acc=0.7009 val_bce=1.268700 val_acc=0.6631 val_auc=0.7246
[2026-03-30 04:41:45] [Epoch 35] lr_max=3.44348e-07 lr_min=3.44348e-08 train_focal=0.274248 train_bce=1.235071 train_acc=0.7018 val_bce=1.616017 val_acc=0.5993 val_auc=0.7210
[2026-03-30 04:41:46] [Epoch 36] lr_max=2.21704e-07 lr_min=2.21704e-08 train_focal=0.297130 train_bce=1.161326 train_acc=0.7178 val_bce=1.314026 val_acc=0.6454 val_auc=0.7234
[2026-03-30 04:41:48] [Epoch 37] lr_max=1.25438e-07 lr_min=1.25438e-08 train_focal=0.295584 train_bce=1.233037 train_acc=0.7043 val_bce=1.266097 val_acc=0.6596 val_auc=0.7202
[2026-03-30 04:41:49] [Epoch 38] lr_max=5.61421e-08 lr_min=5.61421e-09 train_focal=0.277401 train_bce=1.116237 train_acc=0.7169 val_bce=1.319459 val_acc=0.6418 val_auc=0.7224
[2026-03-30 04:41:51] [Epoch 39] lr_max=1.42442e-08 lr_min=1.42442e-09 train_focal=0.270115 train_bce=1.198629 train_acc=0.7270 val_bce=1.440171 val_acc=0.6383 val_auc=0.7262
[2026-03-30 04:41:51] [early stop] Fold 4 at epoch 39
[2026-03-30 04:41:51] [saved learning curves] /data/Irene/SwinTransformer/Swin_Meta/EffNetB0_outputs/training/efficientnet_b0/Partial_B4_6/OCT0/BS16_EP100_LR9e-06_WD0.01_PARTIAL_FINETUNE_DR0.2_FL0.11_0.89_2_WSon_1_2.9/Kfold/fold4/learning_curves.png
[2026-03-30 04:41:52] [TS] T*=3.962654 | NLL 0.8991237878799438->0.5146743059158325
[2026-03-30 04:41:52] [saved checkpoint] /data/Irene/SwinTransformer/Swin_Meta/checkpoints/efficientnet_b0/Partial_B4_6/OCT0/BS16_EP100_LR9e-06_WD0.01_PARTIAL_FINETUNE_DR0.2_FL0.11_0.89_2_WSon_1_2.9/Kfold/fold4/model_best.pth
[2026-03-30 04:41:52] [saved OOF] /data/Irene/SwinTransformer/Swin_Meta/EffNetB0_outputs/training/efficientnet_b0/Partial_B4_6/OCT0/BS16_EP100_LR9e-06_WD0.01_PARTIAL_FINETUNE_DR0.2_FL0.11_0.89_2_WSon_1_2.9/Kfold/fold4/val_oof_predictions_fold4.csv
