[2026-03-30 06:06:03] ============================================================
[2026-03-30 06:06:03] EfficientNetB0 STACKING META-LEARNER TRAINING
[2026-03-30 06:06:03] ============================================================
[2026-03-30 06:06:03] model           : efficientnet_b0 (efficientnet_b0)
[2026-03-30 06:06:03] strategy        : Partial_B5_6
[2026-03-30 06:06:03] meta_dataset_dir: /data/Irene/SwinTransformer/Swin_Meta/EffNetB0_outputs/meta_dataset/efficientnet_b0__logit__calibTrue/Partial_B5_6/OCT0_LR3e-05_OCT1_LR2e-05_OCTA3_LR3e-05
[2026-03-30 06:06:03] meta_tag        : efficientnet_b0__logit__calibTrue
[2026-03-30 06:06:03] lr_tag          : OCT0_LR3e-05_OCT1_LR2e-05_OCTA3_LR3e-05
[2026-03-30 06:06:03] feat_cols       : ['oct0_feat', 'oct1_feat', 'octa3_feat']
[2026-03-30 06:06:03] C_GRID          : [0.001, 0.01, 0.1, 1.0, 10.0]   cv_folds=5
[2026-03-30 06:06:03] solver          : lbfgs   class_weight=balanced   max_iter=2000
[2026-03-30 06:06:03] out_dir         : /data/Irene/SwinTransformer/Swin_Meta/EffNetB0_outputs/meta_training/efficientnet_b0__logit__calibTrue/Partial_B5_6/OCT0_LR3e-05_OCT1_LR2e-05_OCTA3_LR3e-05
[2026-03-30 06:06:03] [EffNetB0 base] unfreeze=PARTIAL_FINETUNE  frozen=[0, 1, 2, 3, 4]  trainable=[5, 6]  drop_rate=0.2  backbone_lr_mult=0.1
[2026-03-30 06:06:03] ────────────────────────────────────────────────────────────
[2026-03-30 06:06:03] Step 1: Load meta-train dataset (from build_meta_dataset.py)
[2026-03-30 06:06:03] Loaded   : /data/Irene/SwinTransformer/Swin_Meta/EffNetB0_outputs/meta_dataset/efficientnet_b0__logit__calibTrue/Partial_B5_6/OCT0_LR3e-05_OCT1_LR2e-05_OCTA3_LR3e-05/meta_train_oof.csv
[2026-03-30 06:06:03] Samples  : total=873  active=113 (12.9%)  inactive=760 (87.1%)  ratio=6.73:1
[2026-03-30 06:06:03] Features : ['oct0_feat', 'oct1_feat', 'octa3_feat']
[2026-03-30 06:06:03] Alpha    : α_j = N/(2×N_j)  α_active=3.8628  α_inactive=0.5743  ratio=6.73x  (active upweighted)
[2026-03-30 06:06:03] ────────────────────────────────────────────────────────────
[2026-03-30 06:06:03] Step 2: Train Pipeline(StandardScaler, LogisticRegressionCV)
[2026-03-30 06:06:03] Pipeline: StandardScaler → LogisticRegressionCV(solver=lbfgs)
[2026-03-30 06:06:03]   Cs=[0.001, 0.01, 0.1, 1.0, 10.0]  cv=5(StratifiedKFold)  scoring=roc_auc  class_weight=balanced  max_iter=2000
[2026-03-30 06:06:04] Done in 1.50s  |  best C=0.001  λ=1/C=1000.0000
[2026-03-30 06:06:04] C Grid CV AUC (mean ± std):  ← C selection only, NOT performance eval
[2026-03-30 06:06:04]   C=0.001     0.8183 ± 0.0654 ← BEST
[2026-03-30 06:06:04]   C=0.01      0.8168 ± 0.0653
[2026-03-30 06:06:04]   C=0.1       0.8155 ± 0.0640
[2026-03-30 06:06:04]   C=1.0       0.8151 ± 0.0631
[2026-03-30 06:06:04]   C=10.0      0.8148 ± 0.0628
[2026-03-30 06:06:04] Modality weights w (post-scaling, sorted by |w|):
[2026-03-30 06:06:04]   oct0_feat            w=+0.171481  |w|=0.171481
[2026-03-30 06:06:04]   octa3_feat           w=+0.107876  |w|=0.107876
[2026-03-30 06:06:04]   oct1_feat            w=+0.101520  |w|=0.101520
[2026-03-30 06:06:04] Intercept b = -0.119114
[2026-03-30 06:06:04] Decision: P(active) = σ(w·z + b)  where z = StandardScaler(features)
[2026-03-30 06:06:04] In-sample metrics (training data — informational only):
[2026-03-30 06:06:04]   AUC-ROC=0.8199  Brier=0.2155  BalAcc=0.7396
[2026-03-30 06:06:04]   F1-macro=0.6302  F1-active=0.4256  Acc=0.7434
[2026-03-30 06:06:04]   Sens=0.7345  Spec=0.7447
[2026-03-30 06:06:04]   TP=83  FP=194  FN=30  TN=566
[2026-03-30 06:06:04]   [!] True performance → evaluate_meta_on_test.py (independent test set)
[2026-03-30 06:06:04] ────────────────────────────────────────────────────────────
[2026-03-30 06:06:04] Step 3: Save artefacts
[2026-03-30 06:06:04] Artefacts → /data/Irene/SwinTransformer/Swin_Meta/EffNetB0_outputs/meta_training/efficientnet_b0__logit__calibTrue/Partial_B5_6/OCT0_LR3e-05_OCT1_LR2e-05_OCTA3_LR3e-05
[2026-03-30 06:06:04]   meta_lr_model.pkl
[2026-03-30 06:06:04]   meta_lr_config.json
[2026-03-30 06:06:04]   meta_lr_results.json
[2026-03-30 06:06:04]   meta_lr_cv_results.csv
[2026-03-30 06:06:04]   meta_lr_coef.csv
[2026-03-30 06:06:04]   meta_lr_training_report.txt
[2026-03-30 06:06:04]   validation_curve.png
[2026-03-30 06:06:04]   modality_importance.png
[2026-03-30 06:06:04] ============================================================
[2026-03-30 06:06:04] TRAINING COMPLETE
[2026-03-30 06:06:04]   Best C         : 0.001  (λ=1000.0000)
[2026-03-30 06:06:04]   Weights        : oct0_feat=+0.1715  oct1_feat=+0.1015  octa3_feat=+0.1079
[2026-03-30 06:06:04]   Intercept b    : -0.1191
[2026-03-30 06:06:04]   In-sample AUC  : 0.8199  (training data only)
[2026-03-30 06:06:04]   In-sample Brier: 0.2155
[2026-03-30 06:06:04]   model saved    : /data/Irene/SwinTransformer/Swin_Meta/EffNetB0_outputs/meta_training/efficientnet_b0__logit__calibTrue/Partial_B5_6/OCT0_LR3e-05_OCT1_LR2e-05_OCTA3_LR3e-05/meta_lr_model.pkl
[2026-03-30 06:06:04]   → evaluate_meta_on_test.py for test-set evaluation
[2026-03-30 06:06:04] ============================================================
