[2026-03-30 04:18:49]   [unfreeze] blocks[4]
[2026-03-30 04:18:49]   [unfreeze] blocks[5]
[2026-03-30 04:18:49]   [unfreeze] blocks[6]
[2026-03-30 04:18:49]   [unfreeze] conv_head
[2026-03-30 04:18:49]   [unfreeze] bn2
[2026-03-30 04:18:49]   [unfreeze] classifier
[2026-03-30 04:18:49]   [PARTIAL_FINETUNE] trainable=3,700,169 / total=4,008,829 (92.3%)
[2026-03-30 04:18:49] Start Fold 1 | MODEL=efficientnet_b0(efficientnet_b0) MODALITY=OCTA3 BS=16 EP=100 LR=7e-06 WD=0.01 UNFREEZE_MODE=PARTIAL_FINETUNE DROP_RATE=0.2 FocalAlpha=[0.13, 0.87] FocalGamma=2.0
[2026-03-30 04:18:52] [Epoch 1] lr_max=6.98972e-06 lr_min=6.98972e-07 train_focal=0.687113 train_bce=3.880599 train_acc=0.4155 val_bce=3.280235 val_acc=0.4384 val_auc=0.4307
[2026-03-30 04:18:52] [NEW_BEST] epoch=1 val_bce=3.280235 val_acc=0.4384 val_auc=0.4307
[2026-03-30 04:18:53] [Epoch 2] lr_max=6.95793e-06 lr_min=6.95793e-07 train_focal=0.670395 train_bce=3.991763 train_acc=0.4066 val_bce=3.344277 val_acc=0.3973 val_auc=0.4339
[2026-03-30 04:18:56] [Epoch 3] lr_max=6.90482e-06 lr_min=6.90482e-07 train_focal=0.646861 train_bce=3.953726 train_acc=0.4170 val_bce=3.430000 val_acc=0.3927 val_auc=0.4487
[2026-03-30 04:18:57] [Epoch 4] lr_max=6.83071e-06 lr_min=6.83071e-07 train_focal=0.608325 train_bce=3.695240 train_acc=0.4155 val_bce=3.436630 val_acc=0.3744 val_auc=0.4317
[2026-03-30 04:18:59] [Epoch 5] lr_max=6.73608e-06 lr_min=6.73608e-07 train_focal=0.516109 train_bce=3.343025 train_acc=0.4395 val_bce=3.067415 val_acc=0.4338 val_auc=0.4646
[2026-03-30 04:19:00] [NEW_BEST] epoch=5 val_bce=3.067415 val_acc=0.4338 val_auc=0.4646
[2026-03-30 04:19:01] [Epoch 6] lr_max=6.62149e-06 lr_min=6.62149e-07 train_focal=0.548940 train_bce=3.608645 train_acc=0.4200 val_bce=3.453333 val_acc=0.3881 val_auc=0.4467
[2026-03-30 04:19:03] [Epoch 7] lr_max=6.48766e-06 lr_min=6.48766e-07 train_focal=0.594059 train_bce=3.361664 train_acc=0.4723 val_bce=3.442565 val_acc=0.3927 val_auc=0.4809
[2026-03-30 04:19:05] [Epoch 8] lr_max=6.3354e-06 lr_min=6.3354e-07 train_focal=0.565896 train_bce=3.390936 train_acc=0.4439 val_bce=3.496287 val_acc=0.3744 val_auc=0.4796
[2026-03-30 04:19:06] [Epoch 9] lr_max=6.16567e-06 lr_min=6.16567e-07 train_focal=0.534947 train_bce=3.238787 train_acc=0.4290 val_bce=3.082403 val_acc=0.4475 val_auc=0.4894
[2026-03-30 04:19:08] [Epoch 10] lr_max=5.9795e-06 lr_min=5.9795e-07 train_focal=0.535766 train_bce=3.117618 train_acc=0.4679 val_bce=3.342513 val_acc=0.3881 val_auc=0.4658
[2026-03-30 04:19:10] [Epoch 11] lr_max=5.77804e-06 lr_min=5.77804e-07 train_focal=0.496874 train_bce=3.012906 train_acc=0.4843 val_bce=3.014998 val_acc=0.4612 val_auc=0.4985
[2026-03-30 04:19:10] [NEW_BEST] epoch=11 val_bce=3.014998 val_acc=0.4612 val_auc=0.4985
[2026-03-30 04:19:12] [Epoch 12] lr_max=5.56254e-06 lr_min=5.56254e-07 train_focal=0.538275 train_bce=3.184030 train_acc=0.4544 val_bce=2.973702 val_acc=0.4475 val_auc=0.5033
[2026-03-30 04:19:12] [NEW_BEST] epoch=12 val_bce=2.973702 val_acc=0.4475 val_auc=0.5033
[2026-03-30 04:19:13] [Epoch 13] lr_max=5.33432e-06 lr_min=5.33432e-07 train_focal=0.502776 train_bce=3.031429 train_acc=0.4649 val_bce=2.784686 val_acc=0.4703 val_auc=0.4960
[2026-03-30 04:19:14] [NEW_BEST] epoch=13 val_bce=2.784686 val_acc=0.4703 val_auc=0.4960
[2026-03-30 04:19:15] [Epoch 14] lr_max=5.0948e-06 lr_min=5.0948e-07 train_focal=0.495060 train_bce=2.968365 train_acc=0.4843 val_bce=3.091570 val_acc=0.4201 val_auc=0.5188
[2026-03-30 04:19:17] [Epoch 15] lr_max=4.84544e-06 lr_min=4.84544e-07 train_focal=0.525407 train_bce=3.120573 train_acc=0.4559 val_bce=2.810302 val_acc=0.4658 val_auc=0.5131
[2026-03-30 04:19:19] [Epoch 16] lr_max=4.58778e-06 lr_min=4.58778e-07 train_focal=0.412024 train_bce=2.488535 train_acc=0.5366 val_bce=2.786738 val_acc=0.4612 val_auc=0.5131
[2026-03-30 04:19:21] [Epoch 17] lr_max=4.32342e-06 lr_min=4.32342e-07 train_focal=0.516519 train_bce=2.889861 train_acc=0.4798 val_bce=2.566945 val_acc=0.4840 val_auc=0.5276
[2026-03-30 04:19:21] [NEW_BEST] epoch=17 val_bce=2.566945 val_acc=0.4840 val_auc=0.5276
[2026-03-30 04:19:23] [Epoch 18] lr_max=4.05398e-06 lr_min=4.05398e-07 train_focal=0.474740 train_bce=2.760928 train_acc=0.5052 val_bce=2.455918 val_acc=0.5023 val_auc=0.5289
[2026-03-30 04:19:24] [NEW_BEST] epoch=18 val_bce=2.455918 val_acc=0.5023 val_auc=0.5289
[2026-03-30 04:19:26] [Epoch 19] lr_max=3.78113e-06 lr_min=3.78113e-07 train_focal=0.482246 train_bce=2.806736 train_acc=0.5067 val_bce=2.808436 val_acc=0.4703 val_auc=0.5309
[2026-03-30 04:19:27] [Epoch 20] lr_max=3.50654e-06 lr_min=3.50654e-07 train_focal=0.431854 train_bce=2.553217 train_acc=0.5172 val_bce=2.524586 val_acc=0.4977 val_auc=0.5445
[2026-03-30 04:19:29] [Epoch 21] lr_max=3.23192e-06 lr_min=3.23192e-07 train_focal=0.512905 train_bce=2.822156 train_acc=0.4738 val_bce=2.601791 val_acc=0.4749 val_auc=0.5447
[2026-03-30 04:19:32] [Epoch 22] lr_max=2.95894e-06 lr_min=2.95894e-07 train_focal=0.447704 train_bce=2.473816 train_acc=0.5142 val_bce=2.574588 val_acc=0.4840 val_auc=0.5327
[2026-03-30 04:19:33] [Epoch 23] lr_max=2.68931e-06 lr_min=2.68931e-07 train_focal=0.459079 train_bce=2.377528 train_acc=0.5262 val_bce=2.289890 val_acc=0.5205 val_auc=0.5462
[2026-03-30 04:19:34] [NEW_BEST] epoch=23 val_bce=2.289890 val_acc=0.5205 val_auc=0.5462
[2026-03-30 04:19:36] [Epoch 24] lr_max=2.42467e-06 lr_min=2.42467e-07 train_focal=0.435544 train_bce=2.476248 train_acc=0.5546 val_bce=2.087138 val_acc=0.5525 val_auc=0.5601
[2026-03-30 04:19:36] [NEW_BEST] epoch=24 val_bce=2.087138 val_acc=0.5525 val_auc=0.5601
[2026-03-30 04:19:38] [Epoch 25] lr_max=2.16666e-06 lr_min=2.16666e-07 train_focal=0.466961 train_bce=2.549543 train_acc=0.5142 val_bce=2.406414 val_acc=0.5023 val_auc=0.5618
[2026-03-30 04:19:40] [Epoch 26] lr_max=1.91687e-06 lr_min=1.91687e-07 train_focal=0.483493 train_bce=2.654312 train_acc=0.5112 val_bce=2.457775 val_acc=0.4840 val_auc=0.5563
[2026-03-30 04:19:42] [Epoch 27] lr_max=1.67684e-06 lr_min=1.67684e-07 train_focal=0.470324 train_bce=2.560968 train_acc=0.5037 val_bce=2.125340 val_acc=0.5434 val_auc=0.5593
[2026-03-30 04:19:44] [Epoch 28] lr_max=1.44805e-06 lr_min=1.44805e-07 train_focal=0.430519 train_bce=2.513393 train_acc=0.4873 val_bce=2.358934 val_acc=0.5023 val_auc=0.5480
[2026-03-30 04:19:46] [Epoch 29] lr_max=1.23191e-06 lr_min=1.23191e-07 train_focal=0.455779 train_bce=2.436297 train_acc=0.5306 val_bce=2.348269 val_acc=0.5023 val_auc=0.5704
[2026-03-30 04:19:48] [Epoch 30] lr_max=1.02976e-06 lr_min=1.02976e-07 train_focal=0.456162 train_bce=2.480351 train_acc=0.5366 val_bce=2.488105 val_acc=0.4977 val_auc=0.5500
[2026-03-30 04:19:50] [Epoch 31] lr_max=8.42834e-07 lr_min=8.42834e-08 train_focal=0.456227 train_bce=2.322089 train_acc=0.5486 val_bce=2.216656 val_acc=0.5068 val_auc=0.5613
[2026-03-30 04:19:52] [Epoch 32] lr_max=6.72293e-07 lr_min=6.72293e-08 train_focal=0.420832 train_bce=2.335261 train_acc=0.5202 val_bce=2.169565 val_acc=0.5342 val_auc=0.5580
[2026-03-30 04:19:54] [Epoch 33] lr_max=5.19184e-07 lr_min=5.19184e-08 train_focal=0.457024 train_bce=2.412948 train_acc=0.5291 val_bce=2.491785 val_acc=0.5023 val_auc=0.5588
[2026-03-30 04:19:56] [Epoch 34] lr_max=3.84454e-07 lr_min=3.84454e-08 train_focal=0.467197 train_bce=2.392170 train_acc=0.5247 val_bce=2.303852 val_acc=0.5297 val_auc=0.5641
[2026-03-30 04:19:56] [early stop] Fold 1 at epoch 34
[2026-03-30 04:19:56] [saved learning curves] /data/Irene/SwinTransformer/Swin_Meta/EffNetB0_outputs/training/efficientnet_b0/Partial_B4_6/OCTA3/BS16_EP100_LR7e-06_WD0.01_PARTIAL_FINETUNE_DR0.2_FL0.13_0.87_2_WSon_1_2.6/Kfold/fold1/learning_curves.png
[2026-03-30 04:20:02] [TS] T*=10.000000 | NLL 2.0871384143829346->0.6989657878875732
[2026-03-30 04:20:02] [saved checkpoint] /data/Irene/SwinTransformer/Swin_Meta/checkpoints/efficientnet_b0/Partial_B4_6/OCTA3/BS16_EP100_LR7e-06_WD0.01_PARTIAL_FINETUNE_DR0.2_FL0.13_0.87_2_WSon_1_2.6/Kfold/fold1/model_best.pth
[2026-03-30 04:20:02] [saved OOF] /data/Irene/SwinTransformer/Swin_Meta/EffNetB0_outputs/training/efficientnet_b0/Partial_B4_6/OCTA3/BS16_EP100_LR7e-06_WD0.01_PARTIAL_FINETUNE_DR0.2_FL0.13_0.87_2_WSon_1_2.6/Kfold/fold1/val_oof_predictions_fold1.csv
