[2026-03-30 04:19:14]   [unfreeze] blocks[4]
[2026-03-30 04:19:14]   [unfreeze] blocks[5]
[2026-03-30 04:19:14]   [unfreeze] blocks[6]
[2026-03-30 04:19:14]   [unfreeze] conv_head
[2026-03-30 04:19:14]   [unfreeze] bn2
[2026-03-30 04:19:14]   [unfreeze] classifier
[2026-03-30 04:19:14]   [PARTIAL_FINETUNE] trainable=3,700,169 / total=4,008,829 (92.3%)
[2026-03-30 04:19:14] Start Fold 3 | MODEL=efficientnet_b0(efficientnet_b0) MODALITY=OCTA3 BS=16 EP=100 LR=6e-06 WD=0.01 UNFREEZE_MODE=PARTIAL_FINETUNE DROP_RATE=0.2 FocalAlpha=[0.13, 0.87] FocalGamma=2.0
[2026-03-30 04:19:16] [Epoch 1] lr_max=5.99116e-06 lr_min=5.99116e-07 train_focal=0.621719 train_bce=3.185759 train_acc=0.4587 val_bce=3.704733 val_acc=0.4220 val_auc=0.6002
[2026-03-30 04:19:16] [NEW_BEST] epoch=1 val_bce=3.704733 val_acc=0.4220 val_auc=0.6002
[2026-03-30 04:19:18] [Epoch 2] lr_max=5.96388e-06 lr_min=5.96388e-07 train_focal=0.589516 train_bce=3.127327 train_acc=0.4420 val_bce=3.496775 val_acc=0.4335 val_auc=0.6165
[2026-03-30 04:19:18] [NEW_BEST] epoch=2 val_bce=3.496775 val_acc=0.4335 val_auc=0.6165
[2026-03-30 04:19:20] [Epoch 3] lr_max=5.91833e-06 lr_min=5.91833e-07 train_focal=0.604926 train_bce=3.078178 train_acc=0.4462 val_bce=3.352736 val_acc=0.4393 val_auc=0.6121
[2026-03-30 04:19:21] [NEW_BEST] epoch=3 val_bce=3.352736 val_acc=0.4393 val_auc=0.6121
[2026-03-30 04:19:22] [Epoch 4] lr_max=5.85478e-06 lr_min=5.85478e-07 train_focal=0.523038 train_bce=2.743361 train_acc=0.4909 val_bce=3.445680 val_acc=0.4220 val_auc=0.6206
[2026-03-30 04:19:24] [Epoch 5] lr_max=5.77364e-06 lr_min=5.77364e-07 train_focal=0.537024 train_bce=2.987123 train_acc=0.4531 val_bce=3.400993 val_acc=0.4277 val_auc=0.6102
[2026-03-30 04:19:26] [Epoch 6] lr_max=5.67539e-06 lr_min=5.67539e-07 train_focal=0.646250 train_bce=2.902256 train_acc=0.4545 val_bce=3.552778 val_acc=0.4220 val_auc=0.6303
[2026-03-30 04:19:28] [Epoch 7] lr_max=5.56065e-06 lr_min=5.56065e-07 train_focal=0.638741 train_bce=2.928266 train_acc=0.4797 val_bce=3.358587 val_acc=0.4335 val_auc=0.6255
[2026-03-30 04:19:30] [Epoch 8] lr_max=5.43012e-06 lr_min=5.43012e-07 train_focal=0.568658 train_bce=2.684636 train_acc=0.4825 val_bce=3.410891 val_acc=0.4335 val_auc=0.6216
[2026-03-30 04:19:32] [Epoch 9] lr_max=5.28461e-06 lr_min=5.28461e-07 train_focal=0.532937 train_bce=2.793926 train_acc=0.4671 val_bce=3.580221 val_acc=0.4046 val_auc=0.6268
[2026-03-30 04:19:34] [Epoch 10] lr_max=5.12502e-06 lr_min=5.12502e-07 train_focal=0.530073 train_bce=2.741977 train_acc=0.4825 val_bce=3.370597 val_acc=0.4335 val_auc=0.6385
[2026-03-30 04:19:36] [Epoch 11] lr_max=4.95232e-06 lr_min=4.95232e-07 train_focal=0.500847 train_bce=2.568210 train_acc=0.5077 val_bce=3.524642 val_acc=0.4162 val_auc=0.6226
[2026-03-30 04:19:38] [Epoch 12] lr_max=4.76759e-06 lr_min=4.76759e-07 train_focal=0.455379 train_bce=2.434049 train_acc=0.4979 val_bce=3.185986 val_acc=0.4220 val_auc=0.6262
[2026-03-30 04:19:39] [NEW_BEST] epoch=12 val_bce=3.185986 val_acc=0.4220 val_auc=0.6262
[2026-03-30 04:19:40] [Epoch 13] lr_max=4.57196e-06 lr_min=4.57196e-07 train_focal=0.526007 train_bce=2.638921 train_acc=0.4951 val_bce=3.072608 val_acc=0.4509 val_auc=0.6414
[2026-03-30 04:19:41] [NEW_BEST] epoch=13 val_bce=3.072608 val_acc=0.4509 val_auc=0.6414
[2026-03-30 04:19:42] [Epoch 14] lr_max=4.36663e-06 lr_min=4.36663e-07 train_focal=0.488014 train_bce=2.587707 train_acc=0.4993 val_bce=2.995251 val_acc=0.4624 val_auc=0.6422
[2026-03-30 04:19:43] [NEW_BEST] epoch=14 val_bce=2.995251 val_acc=0.4624 val_auc=0.6422
[2026-03-30 04:19:45] [Epoch 15] lr_max=4.15289e-06 lr_min=4.15289e-07 train_focal=0.477585 train_bce=2.396390 train_acc=0.5217 val_bce=2.951251 val_acc=0.4624 val_auc=0.6334
[2026-03-30 04:19:45] [NEW_BEST] epoch=15 val_bce=2.951251 val_acc=0.4624 val_auc=0.6334
[2026-03-30 04:19:47] [Epoch 16] lr_max=3.93203e-06 lr_min=3.93203e-07 train_focal=0.525154 train_bce=2.457772 train_acc=0.5105 val_bce=2.910265 val_acc=0.4624 val_auc=0.6325
[2026-03-30 04:19:47] [NEW_BEST] epoch=16 val_bce=2.910265 val_acc=0.4624 val_auc=0.6325
[2026-03-30 04:19:49] [Epoch 17] lr_max=3.70543e-06 lr_min=3.70543e-07 train_focal=0.472538 train_bce=2.559329 train_acc=0.5063 val_bce=2.989507 val_acc=0.4624 val_auc=0.6436
[2026-03-30 04:19:51] [Epoch 18] lr_max=3.47447e-06 lr_min=3.47447e-07 train_focal=0.488114 train_bce=2.304188 train_acc=0.5483 val_bce=2.556081 val_acc=0.4913 val_auc=0.6447
[2026-03-30 04:19:51] [NEW_BEST] epoch=18 val_bce=2.556081 val_acc=0.4913 val_auc=0.6447
[2026-03-30 04:19:53] [Epoch 19] lr_max=3.2406e-06 lr_min=3.2406e-07 train_focal=0.501852 train_bce=2.387179 train_acc=0.5161 val_bce=2.874458 val_acc=0.4682 val_auc=0.6559
[2026-03-30 04:19:55] [Epoch 20] lr_max=3.00524e-06 lr_min=3.00524e-07 train_focal=0.442404 train_bce=2.258963 train_acc=0.5441 val_bce=2.942646 val_acc=0.4509 val_auc=0.6488
[2026-03-30 04:19:57] [Epoch 21] lr_max=2.76984e-06 lr_min=2.76984e-07 train_focal=0.469539 train_bce=2.096198 train_acc=0.5818 val_bce=2.805142 val_acc=0.4451 val_auc=0.6387
[2026-03-30 04:19:59] [Epoch 22] lr_max=2.53587e-06 lr_min=2.53587e-07 train_focal=0.421049 train_bce=2.168412 train_acc=0.5399 val_bce=2.719828 val_acc=0.4855 val_auc=0.6458
[2026-03-30 04:20:01] [Epoch 23] lr_max=2.30476e-06 lr_min=2.30476e-07 train_focal=0.395767 train_bce=1.944462 train_acc=0.5678 val_bce=2.701415 val_acc=0.4682 val_auc=0.6378
[2026-03-30 04:20:02] [Epoch 24] lr_max=2.07793e-06 lr_min=2.07793e-07 train_focal=0.456128 train_bce=2.166092 train_acc=0.5329 val_bce=3.007903 val_acc=0.4566 val_auc=0.6390
[2026-03-30 04:20:04] [Epoch 25] lr_max=1.85679e-06 lr_min=1.85679e-07 train_focal=0.449447 train_bce=2.281701 train_acc=0.5063 val_bce=2.550762 val_acc=0.4798 val_auc=0.6458
[2026-03-30 04:20:05] [NEW_BEST] epoch=25 val_bce=2.550762 val_acc=0.4798 val_auc=0.6458
[2026-03-30 04:20:07] [Epoch 26] lr_max=1.6427e-06 lr_min=1.6427e-07 train_focal=0.518995 train_bce=2.084192 train_acc=0.5469 val_bce=2.552189 val_acc=0.5087 val_auc=0.6576
[2026-03-30 04:20:09] [Epoch 27] lr_max=1.43697e-06 lr_min=1.43697e-07 train_focal=0.460899 train_bce=2.140545 train_acc=0.5399 val_bce=2.306353 val_acc=0.5260 val_auc=0.6517
[2026-03-30 04:20:09] [NEW_BEST] epoch=27 val_bce=2.306353 val_acc=0.5260 val_auc=0.6517
[2026-03-30 04:20:11] [Epoch 28] lr_max=1.24088e-06 lr_min=1.24088e-07 train_focal=0.423639 train_bce=2.286453 train_acc=0.5133 val_bce=2.577821 val_acc=0.4798 val_auc=0.6441
[2026-03-30 04:20:13] [Epoch 29] lr_max=1.05564e-06 lr_min=1.05564e-07 train_focal=0.439619 train_bce=2.212804 train_acc=0.5594 val_bce=2.510227 val_acc=0.5087 val_auc=0.6558
[2026-03-30 04:20:15] [Epoch 30] lr_max=8.82385e-07 lr_min=8.82385e-08 train_focal=0.436486 train_bce=2.039628 train_acc=0.5497 val_bce=2.877718 val_acc=0.4740 val_auc=0.6500
[2026-03-30 04:20:17] [Epoch 31] lr_max=7.22186e-07 lr_min=7.22186e-08 train_focal=0.485886 train_bce=2.128556 train_acc=0.5538 val_bce=2.453946 val_acc=0.5029 val_auc=0.6471
[2026-03-30 04:20:19] [Epoch 32] lr_max=5.7603e-07 lr_min=5.7603e-08 train_focal=0.404044 train_bce=1.885117 train_acc=0.5636 val_bce=2.463090 val_acc=0.4971 val_auc=0.6620
[2026-03-30 04:20:21] [Epoch 33] lr_max=4.44819e-07 lr_min=4.44819e-08 train_focal=0.418782 train_bce=2.069698 train_acc=0.5594 val_bce=2.568688 val_acc=0.4855 val_auc=0.6682
[2026-03-30 04:20:23] [Epoch 34] lr_max=3.29362e-07 lr_min=3.29362e-08 train_focal=0.450289 train_bce=2.063338 train_acc=0.5706 val_bce=2.497982 val_acc=0.4971 val_auc=0.6556
[2026-03-30 04:20:24] [Epoch 35] lr_max=2.30369e-07 lr_min=2.30369e-08 train_focal=0.385325 train_bce=2.039769 train_acc=0.5455 val_bce=2.589451 val_acc=0.4971 val_auc=0.6600
[2026-03-30 04:20:26] [Epoch 36] lr_max=1.48453e-07 lr_min=1.48453e-08 train_focal=0.549303 train_bce=2.254483 train_acc=0.5566 val_bce=2.388221 val_acc=0.5202 val_auc=0.6574
[2026-03-30 04:20:28] [Epoch 37] lr_max=8.4117e-08 lr_min=8.4117e-09 train_focal=0.458457 train_bce=2.156930 train_acc=0.5259 val_bce=2.601013 val_acc=0.5029 val_auc=0.6491
[2026-03-30 04:20:28] [early stop] Fold 3 at epoch 37
[2026-03-30 04:20:28] [saved learning curves] /data/Irene/SwinTransformer/Swin_Meta/EffNetB0_outputs/training/efficientnet_b0/Partial_B4_6/OCTA3/BS16_EP100_LR6e-06_WD0.01_PARTIAL_FINETUNE_DR0.2_FL0.13_0.87_2_WSon_1_2.6/Kfold/fold3/learning_curves.png
[2026-03-30 04:20:33] [TS] T*=10.000000 | NLL 2.3063535690307617->0.7097553610801697
[2026-03-30 04:20:33] [saved checkpoint] /data/Irene/SwinTransformer/Swin_Meta/checkpoints/efficientnet_b0/Partial_B4_6/OCTA3/BS16_EP100_LR6e-06_WD0.01_PARTIAL_FINETUNE_DR0.2_FL0.13_0.87_2_WSon_1_2.6/Kfold/fold3/model_best.pth
[2026-03-30 04:20:33] [saved OOF] /data/Irene/SwinTransformer/Swin_Meta/EffNetB0_outputs/training/efficientnet_b0/Partial_B4_6/OCTA3/BS16_EP100_LR6e-06_WD0.01_PARTIAL_FINETUNE_DR0.2_FL0.13_0.87_2_WSon_1_2.6/Kfold/fold3/val_oof_predictions_fold3.csv
