[2026-03-30 04:24:21]   [unfreeze] blocks[4]
[2026-03-30 04:24:21]   [unfreeze] blocks[5]
[2026-03-30 04:24:21]   [unfreeze] blocks[6]
[2026-03-30 04:24:21]   [unfreeze] conv_head
[2026-03-30 04:24:21]   [unfreeze] bn2
[2026-03-30 04:24:21]   [unfreeze] classifier
[2026-03-30 04:24:21]   [PARTIAL_FINETUNE] trainable=3,700,169 / total=4,008,829 (92.3%)
[2026-03-30 04:24:21] Start Fold 5 | MODEL=efficientnet_b0(efficientnet_b0) MODALITY=OCT0 BS=16 EP=100 LR=6e-06 WD=0.01 UNFREEZE_MODE=PARTIAL_FINETUNE DROP_RATE=0.2 FocalAlpha=[0.11, 0.89] FocalGamma=2.0
[2026-03-30 04:24:23] [Epoch 1] lr_max=5.991e-06 lr_min=5.991e-07 train_focal=0.554710 train_bce=3.379363 train_acc=0.4263 val_bce=1.013736 val_acc=0.7024 val_auc=0.5417
[2026-03-30 04:24:23] [NEW_BEST] epoch=1 val_bce=1.013736 val_acc=0.7024 val_auc=0.5417
[2026-03-30 04:24:25] [Epoch 2] lr_max=5.96356e-06 lr_min=5.96356e-07 train_focal=0.550937 train_bce=3.245099 train_acc=0.4398 val_bce=1.028659 val_acc=0.7163 val_auc=0.5504
[2026-03-30 04:24:27] [Epoch 3] lr_max=5.91785e-06 lr_min=5.91785e-07 train_focal=0.470261 train_bce=2.959924 train_acc=0.4686 val_bce=0.967706 val_acc=0.7197 val_auc=0.5659
[2026-03-30 04:24:27] [NEW_BEST] epoch=3 val_bce=0.967706 val_acc=0.7197 val_auc=0.5659
[2026-03-30 04:24:29] [Epoch 4] lr_max=5.85415e-06 lr_min=5.85415e-07 train_focal=0.486528 train_bce=2.945653 train_acc=0.4746 val_bce=0.999889 val_acc=0.7093 val_auc=0.5838
[2026-03-30 04:24:30] [Epoch 5] lr_max=5.77286e-06 lr_min=5.77286e-07 train_focal=0.459343 train_bce=2.772651 train_acc=0.4847 val_bce=0.936351 val_acc=0.7370 val_auc=0.5728
[2026-03-30 04:24:31] [NEW_BEST] epoch=5 val_bce=0.936351 val_acc=0.7370 val_auc=0.5728
[2026-03-30 04:24:32] [Epoch 6] lr_max=5.67446e-06 lr_min=5.67446e-07 train_focal=0.446392 train_bce=2.654428 train_acc=0.4941 val_bce=0.883977 val_acc=0.7128 val_auc=0.6140
[2026-03-30 04:24:33] [NEW_BEST] epoch=6 val_bce=0.883977 val_acc=0.7128 val_auc=0.6140
[2026-03-30 04:24:34] [Epoch 7] lr_max=5.55958e-06 lr_min=5.55958e-07 train_focal=0.530591 train_bce=2.558063 train_acc=0.5085 val_bce=0.955321 val_acc=0.7093 val_auc=0.6106
[2026-03-30 04:24:36] [Epoch 8] lr_max=5.42892e-06 lr_min=5.42892e-07 train_focal=0.404246 train_bce=2.249893 train_acc=0.5525 val_bce=0.855864 val_acc=0.7474 val_auc=0.6248
[2026-03-30 04:24:36] [NEW_BEST] epoch=8 val_bce=0.855864 val_acc=0.7474 val_auc=0.6248
[2026-03-30 04:24:38] [Epoch 9] lr_max=5.28328e-06 lr_min=5.28328e-07 train_focal=0.384582 train_bce=2.252404 train_acc=0.5551 val_bce=0.838070 val_acc=0.7439 val_auc=0.6209
[2026-03-30 04:24:38] [NEW_BEST] epoch=9 val_bce=0.838070 val_acc=0.7439 val_auc=0.6209
[2026-03-30 04:24:40] [Epoch 10] lr_max=5.12357e-06 lr_min=5.12357e-07 train_focal=0.467689 train_bce=2.317953 train_acc=0.5271 val_bce=0.897230 val_acc=0.7301 val_auc=0.6399
[2026-03-30 04:24:42] [Epoch 11] lr_max=4.95076e-06 lr_min=4.95076e-07 train_focal=0.452714 train_bce=2.108975 train_acc=0.5703 val_bce=0.886784 val_acc=0.7266 val_auc=0.6261
[2026-03-30 04:24:43] [Epoch 12] lr_max=4.76593e-06 lr_min=4.76593e-07 train_focal=0.469602 train_bce=2.021382 train_acc=0.5831 val_bce=1.024281 val_acc=0.6886 val_auc=0.6497
[2026-03-30 04:24:45] [Epoch 13] lr_max=4.57021e-06 lr_min=4.57021e-07 train_focal=0.395852 train_bce=2.109305 train_acc=0.5763 val_bce=0.944786 val_acc=0.7197 val_auc=0.6525
[2026-03-30 04:24:47] [Epoch 14] lr_max=4.36481e-06 lr_min=4.36481e-07 train_focal=0.396177 train_bce=2.037637 train_acc=0.5695 val_bce=1.107874 val_acc=0.6747 val_auc=0.6648
[2026-03-30 04:24:49] [Epoch 15] lr_max=4.15099e-06 lr_min=4.15099e-07 train_focal=0.346111 train_bce=1.995594 train_acc=0.5737 val_bce=0.980582 val_acc=0.7093 val_auc=0.6753
[2026-03-30 04:24:51] [Epoch 16] lr_max=3.93008e-06 lr_min=3.93008e-07 train_focal=0.355055 train_bce=1.919614 train_acc=0.5729 val_bce=0.908152 val_acc=0.7439 val_auc=0.6770
[2026-03-30 04:24:53] [Epoch 17] lr_max=3.70343e-06 lr_min=3.70343e-07 train_focal=0.437801 train_bce=1.972967 train_acc=0.5822 val_bce=0.923266 val_acc=0.7301 val_auc=0.6815
[2026-03-30 04:24:54] [Epoch 18] lr_max=3.47245e-06 lr_min=3.47245e-07 train_focal=0.369554 train_bce=1.905957 train_acc=0.5788 val_bce=0.996575 val_acc=0.7128 val_auc=0.6866
[2026-03-30 04:24:56] [Epoch 19] lr_max=3.23855e-06 lr_min=3.23855e-07 train_focal=0.324561 train_bce=1.744296 train_acc=0.6144 val_bce=1.019664 val_acc=0.6990 val_auc=0.6866
[2026-03-30 04:24:56] [early stop] Fold 5 at epoch 19
[2026-03-30 04:24:57] [saved learning curves] /data/Irene/SwinTransformer/Swin_Meta/EffNetB0_outputs/training/efficientnet_b0/Partial_B4_6/OCT0/BS16_EP100_LR6e-06_WD0.01_PARTIAL_FINETUNE_DR0.2_FL0.11_0.89_2_WSon_1_2.9/Kfold/fold5/learning_curves.png
[2026-03-30 04:24:58] [TS] T*=3.680107 | NLL 0.8380699753761292->0.5076717734336853
[2026-03-30 04:24:58] [saved checkpoint] /data/Irene/SwinTransformer/Swin_Meta/checkpoints/efficientnet_b0/Partial_B4_6/OCT0/BS16_EP100_LR6e-06_WD0.01_PARTIAL_FINETUNE_DR0.2_FL0.11_0.89_2_WSon_1_2.9/Kfold/fold5/model_best.pth
[2026-03-30 04:24:58] [saved OOF] /data/Irene/SwinTransformer/Swin_Meta/EffNetB0_outputs/training/efficientnet_b0/Partial_B4_6/OCT0/BS16_EP100_LR6e-06_WD0.01_PARTIAL_FINETUNE_DR0.2_FL0.11_0.89_2_WSon_1_2.9/Kfold/fold5/val_oof_predictions_fold5.csv
