[2026-05-19 03:00:16] Start Fold 4 | MODEL=swin_tiny(swin_tiny_patch4_window7_224) MODALITY=MULTIMODAL IMG=224x448 BS=16 EP=100 LR=6e-06 WD=0.01 UNFREEZE_MODE=FULL_FINETUNE FocalAlpha=[0.13, 0.87] FocalGamma=2.0
[2026-05-19 03:00:18] [Epoch 1] lr_max=5.99116e-06 lr_min=5.99116e-06 train_focal=0.047516 train_bce=0.749621 train_acc=0.3733 val_bce=0.932757 val_acc=0.1118 val_auc=0.7776
[2026-05-19 03:00:20] [NEW_BEST] epoch=1 val_bce=0.932757 val_acc=0.1118 val_auc=0.7776
[2026-05-19 03:00:22] [Epoch 2] lr_max=5.96388e-06 lr_min=5.96388e-06 train_focal=0.042135 train_bce=0.702486 train_acc=0.4861 val_bce=0.760268 val_acc=0.3412 val_auc=0.7543
[2026-05-19 03:00:23] [NEW_BEST] epoch=2 val_bce=0.760268 val_acc=0.3412 val_auc=0.7543
[2026-05-19 03:00:25] [Epoch 3] lr_max=5.91833e-06 lr_min=5.91833e-06 train_focal=0.036950 train_bce=0.651228 train_acc=0.6295 val_bce=0.856752 val_acc=0.2471 val_auc=0.7598
[2026-05-19 03:00:28] [Epoch 4] lr_max=5.85478e-06 lr_min=5.85478e-06 train_focal=0.032366 train_bce=0.587165 train_acc=0.7396 val_bce=0.645904 val_acc=0.6824 val_auc=0.7337
[2026-05-19 03:00:30] [NEW_BEST] epoch=4 val_bce=0.645904 val_acc=0.6824 val_auc=0.7337
[2026-05-19 03:00:32] [Epoch 5] lr_max=5.77364e-06 lr_min=5.77364e-06 train_focal=0.027468 train_bce=0.539874 train_acc=0.7897 val_bce=0.656820 val_acc=0.6824 val_auc=0.7295
[2026-05-19 03:00:35] [Epoch 6] lr_max=5.67539e-06 lr_min=5.67539e-06 train_focal=0.026984 train_bce=0.527267 train_acc=0.7869 val_bce=0.664301 val_acc=0.6765 val_auc=0.7463
[2026-05-19 03:00:38] [Epoch 7] lr_max=5.56065e-06 lr_min=5.56065e-06 train_focal=0.025682 train_bce=0.493940 train_acc=0.8120 val_bce=0.695232 val_acc=0.6118 val_auc=0.7490
[2026-05-19 03:00:40] [Epoch 8] lr_max=5.43012e-06 lr_min=5.43012e-06 train_focal=0.024747 train_bce=0.453606 train_acc=0.8203 val_bce=0.591990 val_acc=0.7235 val_auc=0.7501
[2026-05-19 03:00:42] [NEW_BEST] epoch=8 val_bce=0.591990 val_acc=0.7235 val_auc=0.7501
[2026-05-19 03:00:44] [Epoch 9] lr_max=5.28461e-06 lr_min=5.28461e-06 train_focal=0.021157 train_bce=0.432707 train_acc=0.8482 val_bce=0.570526 val_acc=0.7412 val_auc=0.7626
[2026-05-19 03:00:46] [NEW_BEST] epoch=9 val_bce=0.570526 val_acc=0.7412 val_auc=0.7626
[2026-05-19 03:00:48] [Epoch 10] lr_max=5.12502e-06 lr_min=5.12502e-06 train_focal=0.020309 train_bce=0.420817 train_acc=0.8593 val_bce=0.588353 val_acc=0.7235 val_auc=0.7682
[2026-05-19 03:00:51] [Epoch 11] lr_max=4.95232e-06 lr_min=4.95232e-06 train_focal=0.018677 train_bce=0.391861 train_acc=0.8844 val_bce=0.633553 val_acc=0.6706 val_auc=0.7529
[2026-05-19 03:00:54] [Epoch 12] lr_max=4.76759e-06 lr_min=4.76759e-06 train_focal=0.018933 train_bce=0.376874 train_acc=0.8747 val_bce=0.615114 val_acc=0.7235 val_auc=0.7501
[2026-05-19 03:00:56] [Epoch 13] lr_max=4.57196e-06 lr_min=4.57196e-06 train_focal=0.015878 train_bce=0.349350 train_acc=0.9039 val_bce=0.535955 val_acc=0.7647 val_auc=0.7494
[2026-05-19 03:00:58] [NEW_BEST] epoch=13 val_bce=0.535955 val_acc=0.7647 val_auc=0.7494
[2026-05-19 03:01:00] [Epoch 14] lr_max=4.36663e-06 lr_min=4.36663e-06 train_focal=0.015111 train_bce=0.338228 train_acc=0.9039 val_bce=0.483583 val_acc=0.7824 val_auc=0.7529
[2026-05-19 03:01:02] [NEW_BEST] epoch=14 val_bce=0.483583 val_acc=0.7824 val_auc=0.7529
[2026-05-19 03:01:04] [Epoch 15] lr_max=4.15289e-06 lr_min=4.15289e-06 train_focal=0.013306 train_bce=0.321489 train_acc=0.9081 val_bce=0.538550 val_acc=0.7529 val_auc=0.7585
[2026-05-19 03:01:07] [Epoch 16] lr_max=3.93203e-06 lr_min=3.93203e-06 train_focal=0.013703 train_bce=0.319128 train_acc=0.9123 val_bce=0.444574 val_acc=0.8118 val_auc=0.7557
[2026-05-19 03:01:08] [NEW_BEST] epoch=16 val_bce=0.444574 val_acc=0.8118 val_auc=0.7557
[2026-05-19 03:01:10] [Epoch 17] lr_max=3.70543e-06 lr_min=3.70543e-06 train_focal=0.011474 train_bce=0.296256 train_acc=0.9150 val_bce=0.474446 val_acc=0.7941 val_auc=0.7494
[2026-05-19 03:01:13] [Epoch 18] lr_max=3.47447e-06 lr_min=3.47447e-06 train_focal=0.010624 train_bce=0.256627 train_acc=0.9290 val_bce=0.454201 val_acc=0.8118 val_auc=0.7494
[2026-05-19 03:01:16] [Epoch 19] lr_max=3.2406e-06 lr_min=3.2406e-06 train_focal=0.012788 train_bce=0.290905 train_acc=0.9164 val_bce=0.493527 val_acc=0.7824 val_auc=0.7490
[2026-05-19 03:01:19] [Epoch 20] lr_max=3.00524e-06 lr_min=3.00524e-06 train_focal=0.009350 train_bce=0.261964 train_acc=0.9373 val_bce=0.520433 val_acc=0.7765 val_auc=0.7539
[2026-05-19 03:01:21] [Epoch 21] lr_max=2.76984e-06 lr_min=2.76984e-06 train_focal=0.010569 train_bce=0.249781 train_acc=0.9387 val_bce=0.457519 val_acc=0.8118 val_auc=0.7501
[2026-05-19 03:01:24] [Epoch 22] lr_max=2.53587e-06 lr_min=2.53587e-06 train_focal=0.010292 train_bce=0.246138 train_acc=0.9457 val_bce=0.575230 val_acc=0.7529 val_auc=0.7651
[2026-05-19 03:01:27] [Epoch 23] lr_max=2.30476e-06 lr_min=2.30476e-06 train_focal=0.010159 train_bce=0.254883 train_acc=0.9318 val_bce=0.445294 val_acc=0.8059 val_auc=0.7567
[2026-05-19 03:01:30] [Epoch 24] lr_max=2.07793e-06 lr_min=2.07793e-06 train_focal=0.010520 train_bce=0.251190 train_acc=0.9318 val_bce=0.530664 val_acc=0.7765 val_auc=0.7654
[2026-05-19 03:01:33] [Epoch 25] lr_max=1.85679e-06 lr_min=1.85679e-06 train_focal=0.007584 train_bce=0.231247 train_acc=0.9485 val_bce=0.425087 val_acc=0.8235 val_auc=0.7560
[2026-05-19 03:01:34] [NEW_BEST] epoch=25 val_bce=0.425087 val_acc=0.8235 val_auc=0.7560
[2026-05-19 03:01:36] [Epoch 26] lr_max=1.6427e-06 lr_min=1.6427e-06 train_focal=0.010065 train_bce=0.243786 train_acc=0.9471 val_bce=0.391788 val_acc=0.8235 val_auc=0.7536
[2026-05-19 03:01:38] [NEW_BEST] epoch=26 val_bce=0.391788 val_acc=0.8235 val_auc=0.7536
[2026-05-19 03:01:40] [Epoch 27] lr_max=1.43697e-06 lr_min=1.43697e-06 train_focal=0.009806 train_bce=0.233456 train_acc=0.9415 val_bce=0.393672 val_acc=0.8176 val_auc=0.7483
[2026-05-19 03:01:43] [Epoch 28] lr_max=1.24088e-06 lr_min=1.24088e-06 train_focal=0.009932 train_bce=0.238263 train_acc=0.9443 val_bce=0.426684 val_acc=0.8176 val_auc=0.7508
[2026-05-19 03:01:46] [Epoch 29] lr_max=1.05564e-06 lr_min=1.05564e-06 train_focal=0.010183 train_bce=0.235837 train_acc=0.9262 val_bce=0.441942 val_acc=0.8059 val_auc=0.7581
[2026-05-19 03:01:49] [Epoch 30] lr_max=8.82385e-07 lr_min=8.82385e-07 train_focal=0.008009 train_bce=0.210771 train_acc=0.9513 val_bce=0.430556 val_acc=0.8059 val_auc=0.7581
[2026-05-19 03:01:52] [Epoch 31] lr_max=7.22186e-07 lr_min=7.22186e-07 train_focal=0.009233 train_bce=0.215132 train_acc=0.9457 val_bce=0.424673 val_acc=0.8118 val_auc=0.7550
[2026-05-19 03:01:54] [Epoch 32] lr_max=5.7603e-07 lr_min=5.7603e-07 train_focal=0.006270 train_bce=0.214628 train_acc=0.9485 val_bce=0.433349 val_acc=0.8059 val_auc=0.7532
[2026-05-19 03:01:57] [Epoch 33] lr_max=4.44819e-07 lr_min=4.44819e-07 train_focal=0.006798 train_bce=0.208812 train_acc=0.9652 val_bce=0.440654 val_acc=0.8059 val_auc=0.7560
[2026-05-19 03:02:00] [Epoch 34] lr_max=3.29362e-07 lr_min=3.29362e-07 train_focal=0.007399 train_bce=0.207422 train_acc=0.9485 val_bce=0.453901 val_acc=0.8059 val_auc=0.7560
[2026-05-19 03:02:03] [Epoch 35] lr_max=2.30369e-07 lr_min=2.30369e-07 train_focal=0.006945 train_bce=0.214550 train_acc=0.9471 val_bce=0.423746 val_acc=0.8235 val_auc=0.7546
[2026-05-19 03:02:06] [Epoch 36] lr_max=1.48453e-07 lr_min=1.48453e-07 train_focal=0.006788 train_bce=0.202217 train_acc=0.9652 val_bce=0.433087 val_acc=0.8118 val_auc=0.7550
[2026-05-19 03:02:07] [early stop] Fold 4 at epoch 36
[2026-05-19 03:02:07] [saved learning curves] /data/Irene/SwinTransformer/Swin_Meta/Multimodal_outputs/training/swin_tiny/MULTIMODAL/MULTIMODAL_BS16_EP100_LR6e-06_WD0.01_FULL_FINETUNE_FL0.13_0.87_2_WSon_1_2.6/Kfold/fold4/learning_curves.png
[2026-05-19 03:02:08] [TS] T*=1.000000 | NLL None->None
[2026-05-19 03:02:08] [saved checkpoint] /data/Irene/SwinTransformer/Swin_Meta/Multimodal_outputs/checkpoints/swin_tiny/MULTIMODAL/MULTIMODAL_BS16_EP100_LR6e-06_WD0.01_FULL_FINETUNE_FL0.13_0.87_2_WSon_1_2.6/Kfold/fold4/model_best.pth
[2026-05-19 03:02:08] [saved OOF] /data/Irene/SwinTransformer/Swin_Meta/Multimodal_outputs/training/swin_tiny/MULTIMODAL/MULTIMODAL_BS16_EP100_LR6e-06_WD0.01_FULL_FINETUNE_FL0.13_0.87_2_WSon_1_2.6/Kfold/fold4/val_oof_predictions_fold4.csv
