[2026-03-30 04:46:13]   [unfreeze] blocks[4]
[2026-03-30 04:46:13]   [unfreeze] blocks[5]
[2026-03-30 04:46:13]   [unfreeze] blocks[6]
[2026-03-30 04:46:13]   [unfreeze] conv_head
[2026-03-30 04:46:13]   [unfreeze] bn2
[2026-03-30 04:46:13]   [unfreeze] classifier
[2026-03-30 04:46:13]   [PARTIAL_FINETUNE] trainable=3,700,169 / total=4,008,829 (92.3%)
[2026-03-30 04:46:13] Start Fold 2 | MODEL=efficientnet_b0(efficientnet_b0) MODALITY=OCTA3 BS=16 EP=100 LR=1e-05 WD=0.01 UNFREEZE_MODE=PARTIAL_FINETUNE DROP_RATE=0.2 FocalAlpha=[0.13, 0.87] FocalGamma=2.0
[2026-03-30 04:46:15] [Epoch 1] lr_max=9.98528e-06 lr_min=9.98528e-07 train_focal=0.954975 train_bce=2.394091 train_acc=0.5422 val_bce=1.500710 val_acc=0.6825 val_auc=0.4802
[2026-03-30 04:46:15] [NEW_BEST] epoch=1 val_bce=1.500710 val_acc=0.6825 val_auc=0.4802
[2026-03-30 04:46:16] [Epoch 2] lr_max=9.93983e-06 lr_min=9.93983e-07 train_focal=1.040080 train_bce=2.459507 train_acc=0.5079 val_bce=1.534990 val_acc=0.6720 val_auc=0.4896
[2026-03-30 04:46:17] [Epoch 3] lr_max=9.86393e-06 lr_min=9.86393e-07 train_focal=0.956156 train_bce=2.366906 train_acc=0.5622 val_bce=1.668731 val_acc=0.6402 val_auc=0.4988
[2026-03-30 04:46:18] [Epoch 4] lr_max=9.75803e-06 lr_min=9.75803e-07 train_focal=0.814761 train_bce=2.196591 train_acc=0.5536 val_bce=1.487005 val_acc=0.6720 val_auc=0.5059
[2026-03-30 04:46:19] [NEW_BEST] epoch=4 val_bce=1.487005 val_acc=0.6720 val_auc=0.5059
[2026-03-30 04:46:20] [Epoch 5] lr_max=9.62281e-06 lr_min=9.62281e-07 train_focal=0.778689 train_bce=2.119905 train_acc=0.5365 val_bce=1.641747 val_acc=0.6243 val_auc=0.5101
[2026-03-30 04:46:21] [Epoch 6] lr_max=9.45908e-06 lr_min=9.45908e-07 train_focal=0.624162 train_bce=1.997626 train_acc=0.5651 val_bce=1.645372 val_acc=0.6243 val_auc=0.5109
[2026-03-30 04:46:22] [Epoch 7] lr_max=9.26786e-06 lr_min=9.26786e-07 train_focal=0.632081 train_bce=2.042111 train_acc=0.5694 val_bce=1.750562 val_acc=0.6138 val_auc=0.5177
[2026-03-30 04:46:23] [Epoch 8] lr_max=9.05032e-06 lr_min=9.05032e-07 train_focal=0.724873 train_bce=2.207812 train_acc=0.5236 val_bce=1.707164 val_acc=0.6296 val_auc=0.5203
[2026-03-30 04:46:24] [Epoch 9] lr_max=8.80782e-06 lr_min=8.80782e-07 train_focal=0.666013 train_bce=2.155466 train_acc=0.5365 val_bce=1.675857 val_acc=0.6349 val_auc=0.5309
[2026-03-30 04:46:25] [Epoch 10] lr_max=8.54184e-06 lr_min=8.54184e-07 train_focal=0.574076 train_bce=1.828943 train_acc=0.5851 val_bce=1.733001 val_acc=0.6190 val_auc=0.5262
[2026-03-30 04:46:26] [Epoch 11] lr_max=8.25402e-06 lr_min=8.25402e-07 train_focal=0.501083 train_bce=1.907486 train_acc=0.5680 val_bce=1.723488 val_acc=0.6032 val_auc=0.5222
[2026-03-30 04:46:27] [Epoch 12] lr_max=7.94614e-06 lr_min=7.94614e-07 train_focal=0.605101 train_bce=1.998112 train_acc=0.5708 val_bce=1.864847 val_acc=0.5926 val_auc=0.5278
[2026-03-30 04:46:29] [Epoch 13] lr_max=7.6201e-06 lr_min=7.6201e-07 train_focal=0.559907 train_bce=1.992751 train_acc=0.5508 val_bce=1.736793 val_acc=0.5979 val_auc=0.5387
[2026-03-30 04:46:30] [Epoch 14] lr_max=7.2779e-06 lr_min=7.2779e-07 train_focal=0.518962 train_bce=1.946644 train_acc=0.5851 val_bce=1.866743 val_acc=0.5820 val_auc=0.5435
[2026-03-30 04:46:30] [early stop] Fold 2 at epoch 14
[2026-03-30 04:46:30] [saved learning curves] /data/Irene/SwinTransformer/Swin_Meta/EffNetB0_outputs/training/efficientnet_b0/Partial_B4_6/OCTA3/BS16_EP100_LR1e-05_WD0.01_PARTIAL_FINETUNE_DR0.2_FL0.13_0.87_2_WSon_1_2.6/Kfold/fold2/learning_curves.png
[2026-03-30 04:46:31] [TS] T*=7.163116 | NLL 1.4870047569274902->0.6066682934761047
[2026-03-30 04:46:31] [saved checkpoint] /data/Irene/SwinTransformer/Swin_Meta/checkpoints/efficientnet_b0/Partial_B4_6/OCTA3/BS16_EP100_LR1e-05_WD0.01_PARTIAL_FINETUNE_DR0.2_FL0.13_0.87_2_WSon_1_2.6/Kfold/fold2/model_best.pth
[2026-03-30 04:46:31] [saved OOF] /data/Irene/SwinTransformer/Swin_Meta/EffNetB0_outputs/training/efficientnet_b0/Partial_B4_6/OCTA3/BS16_EP100_LR1e-05_WD0.01_PARTIAL_FINETUNE_DR0.2_FL0.13_0.87_2_WSon_1_2.6/Kfold/fold2/val_oof_predictions_fold2.csv
