[2026-03-30 04:40:12]   [unfreeze] blocks[4]
[2026-03-30 04:40:12]   [unfreeze] blocks[5]
[2026-03-30 04:40:12]   [unfreeze] blocks[6]
[2026-03-30 04:40:12]   [unfreeze] conv_head
[2026-03-30 04:40:12]   [unfreeze] bn2
[2026-03-30 04:40:12]   [unfreeze] classifier
[2026-03-30 04:40:12]   [PARTIAL_FINETUNE] trainable=3,700,169 / total=4,008,829 (92.3%)
[2026-03-30 04:40:12] Start Fold 4 | MODEL=efficientnet_b0(efficientnet_b0) MODALITY=OCT0 BS=16 EP=100 LR=8e-06 WD=0.01 UNFREEZE_MODE=PARTIAL_FINETUNE DROP_RATE=0.2 FocalAlpha=[0.11, 0.89] FocalGamma=2.0
[2026-03-30 04:40:15] [Epoch 1] lr_max=7.988e-06 lr_min=7.988e-07 train_focal=1.080325 train_bce=2.114792 train_acc=0.5981 val_bce=1.983636 val_acc=0.5532 val_auc=0.6211
[2026-03-30 04:40:15] [NEW_BEST] epoch=1 val_bce=1.983636 val_acc=0.5532 val_auc=0.6211
[2026-03-30 04:40:17] [Epoch 2] lr_max=7.95141e-06 lr_min=7.95141e-07 train_focal=1.053926 train_bce=2.264270 train_acc=0.5788 val_bce=1.932796 val_acc=0.5745 val_auc=0.6346
[2026-03-30 04:40:17] [NEW_BEST] epoch=2 val_bce=1.932796 val_acc=0.5745 val_auc=0.6346
[2026-03-30 04:40:19] [Epoch 3] lr_max=7.89046e-06 lr_min=7.89046e-07 train_focal=0.759954 train_bce=1.956650 train_acc=0.5762 val_bce=2.364216 val_acc=0.5000 val_auc=0.6457
[2026-03-30 04:40:22] [Epoch 4] lr_max=7.80552e-06 lr_min=7.80552e-07 train_focal=0.596295 train_bce=1.840505 train_acc=0.5889 val_bce=2.670373 val_acc=0.4468 val_auc=0.6543
[2026-03-30 04:40:24] [Epoch 5] lr_max=7.69712e-06 lr_min=7.69712e-07 train_focal=0.596190 train_bce=2.007966 train_acc=0.5712 val_bce=2.629850 val_acc=0.4787 val_auc=0.6624
[2026-03-30 04:40:26] [Epoch 6] lr_max=7.56593e-06 lr_min=7.56593e-07 train_focal=0.548650 train_bce=1.974765 train_acc=0.5872 val_bce=2.302420 val_acc=0.5213 val_auc=0.6783
[2026-03-30 04:40:28] [Epoch 7] lr_max=7.41275e-06 lr_min=7.41275e-07 train_focal=0.462310 train_bce=1.829347 train_acc=0.6217 val_bce=2.502937 val_acc=0.4858 val_auc=0.6657
[2026-03-30 04:40:30] [Epoch 8] lr_max=7.23853e-06 lr_min=7.23853e-07 train_focal=0.402694 train_bce=1.795417 train_acc=0.5948 val_bce=2.335671 val_acc=0.5000 val_auc=0.6826
[2026-03-30 04:40:32] [Epoch 9] lr_max=7.04434e-06 lr_min=7.04434e-07 train_focal=0.404991 train_bce=1.668644 train_acc=0.6335 val_bce=2.499079 val_acc=0.4716 val_auc=0.6773
[2026-03-30 04:40:34] [Epoch 10] lr_max=6.83139e-06 lr_min=6.83139e-07 train_focal=0.402436 train_bce=1.652901 train_acc=0.6251 val_bce=1.847387 val_acc=0.5603 val_auc=0.6909
[2026-03-30 04:40:34] [NEW_BEST] epoch=10 val_bce=1.847387 val_acc=0.5603 val_auc=0.6909
[2026-03-30 04:40:36] [Epoch 11] lr_max=6.60098e-06 lr_min=6.60098e-07 train_focal=0.337458 train_bce=1.434119 train_acc=0.6588 val_bce=1.665878 val_acc=0.5957 val_auc=0.7002
[2026-03-30 04:40:36] [NEW_BEST] epoch=11 val_bce=1.665878 val_acc=0.5957 val_auc=0.7002
[2026-03-30 04:40:38] [Epoch 12] lr_max=6.35453e-06 lr_min=6.35453e-07 train_focal=0.361619 train_bce=1.610547 train_acc=0.6344 val_bce=1.582896 val_acc=0.6135 val_auc=0.7117
[2026-03-30 04:40:39] [NEW_BEST] epoch=12 val_bce=1.582896 val_acc=0.6135 val_auc=0.7117
[2026-03-30 04:40:41] [Epoch 13] lr_max=6.09356e-06 lr_min=6.09356e-07 train_focal=0.355836 train_bce=1.606877 train_acc=0.6546 val_bce=1.607311 val_acc=0.5957 val_auc=0.6945
[2026-03-30 04:40:43] [Epoch 14] lr_max=5.81969e-06 lr_min=5.81969e-07 train_focal=0.340154 train_bce=1.490552 train_acc=0.6504 val_bce=1.470393 val_acc=0.6348 val_auc=0.6967
[2026-03-30 04:40:44] [NEW_BEST] epoch=14 val_bce=1.470393 val_acc=0.6348 val_auc=0.6967
[2026-03-30 04:40:46] [Epoch 15] lr_max=5.5346e-06 lr_min=5.5346e-07 train_focal=0.342398 train_bce=1.474230 train_acc=0.6521 val_bce=1.765077 val_acc=0.6028 val_auc=0.7054
[2026-03-30 04:40:48] [Epoch 16] lr_max=5.24005e-06 lr_min=5.24005e-07 train_focal=0.384992 train_bce=1.498956 train_acc=0.6512 val_bce=1.624466 val_acc=0.6170 val_auc=0.7079
[2026-03-30 04:40:50] [Epoch 17] lr_max=4.93785e-06 lr_min=4.93785e-07 train_focal=0.389122 train_bce=1.540473 train_acc=0.6394 val_bce=1.527723 val_acc=0.6170 val_auc=0.7185
[2026-03-30 04:40:52] [Epoch 18] lr_max=4.62987e-06 lr_min=4.62987e-07 train_focal=0.361270 train_bce=1.527765 train_acc=0.6647 val_bce=1.953653 val_acc=0.5426 val_auc=0.6972
[2026-03-30 04:40:55] [Epoch 19] lr_max=4.31801e-06 lr_min=4.31801e-07 train_focal=0.340661 train_bce=1.449740 train_acc=0.6639 val_bce=1.631549 val_acc=0.6170 val_auc=0.7089
[2026-03-30 04:40:57] [Epoch 20] lr_max=4.00419e-06 lr_min=4.00419e-07 train_focal=0.336640 train_bce=1.402860 train_acc=0.6639 val_bce=1.806586 val_acc=0.5603 val_auc=0.7166
[2026-03-30 04:40:59] [Epoch 21] lr_max=3.69034e-06 lr_min=3.69034e-07 train_focal=0.299536 train_bce=1.289576 train_acc=0.7018 val_bce=1.458840 val_acc=0.6348 val_auc=0.7036
[2026-03-30 04:41:00] [NEW_BEST] epoch=21 val_bce=1.458840 val_acc=0.6348 val_auc=0.7036
[2026-03-30 04:41:01] [Epoch 22] lr_max=3.3784e-06 lr_min=3.3784e-07 train_focal=0.284168 train_bce=1.301952 train_acc=0.6942 val_bce=1.406789 val_acc=0.6241 val_auc=0.7311
[2026-03-30 04:41:01] [NEW_BEST] epoch=22 val_bce=1.406789 val_acc=0.6241 val_auc=0.7311
[2026-03-30 04:41:03] [Epoch 23] lr_max=3.07029e-06 lr_min=3.07029e-07 train_focal=0.347700 train_bce=1.318162 train_acc=0.6706 val_bce=1.511969 val_acc=0.6241 val_auc=0.7076
[2026-03-30 04:41:04] [Epoch 24] lr_max=2.76792e-06 lr_min=2.76792e-07 train_focal=0.357883 train_bce=1.316454 train_acc=0.6967 val_bce=1.407771 val_acc=0.6489 val_auc=0.7094
[2026-03-30 04:41:06] [Epoch 25] lr_max=2.47314e-06 lr_min=2.47314e-07 train_focal=0.356067 train_bce=1.406713 train_acc=0.6950 val_bce=1.541611 val_acc=0.6028 val_auc=0.7126
[2026-03-30 04:41:09] [Epoch 26] lr_max=2.18777e-06 lr_min=2.18777e-07 train_focal=0.331202 train_bce=1.291011 train_acc=0.6866 val_bce=1.336023 val_acc=0.6383 val_auc=0.7207
[2026-03-30 04:41:09] [NEW_BEST] epoch=26 val_bce=1.336023 val_acc=0.6383 val_auc=0.7207
[2026-03-30 04:41:11] [Epoch 27] lr_max=1.91358e-06 lr_min=1.91358e-07 train_focal=0.275843 train_bce=1.199306 train_acc=0.7245 val_bce=1.419722 val_acc=0.6241 val_auc=0.7297
[2026-03-30 04:41:13] [Epoch 28] lr_max=1.65225e-06 lr_min=1.65225e-07 train_focal=0.312521 train_bce=1.295250 train_acc=0.6984 val_bce=1.424320 val_acc=0.6454 val_auc=0.7182
[2026-03-30 04:41:16] [Epoch 29] lr_max=1.40539e-06 lr_min=1.40539e-07 train_focal=0.304269 train_bce=1.211902 train_acc=0.7085 val_bce=0.974876 val_acc=0.7234 val_auc=0.7112
[2026-03-30 04:41:16] [NEW_BEST] epoch=29 val_bce=0.974876 val_acc=0.7234 val_auc=0.7112
[2026-03-30 04:41:18] [Epoch 30] lr_max=1.17454e-06 lr_min=1.17454e-07 train_focal=0.330316 train_bce=1.381699 train_acc=0.6731 val_bce=1.491769 val_acc=0.6170 val_auc=0.7101
[2026-03-30 04:41:20] [Epoch 31] lr_max=9.61098e-07 lr_min=9.61098e-08 train_focal=0.286988 train_bce=1.218898 train_acc=0.7085 val_bce=1.393062 val_acc=0.6525 val_auc=0.7177
[2026-03-30 04:41:22] [Epoch 32] lr_max=7.66396e-07 lr_min=7.66396e-08 train_focal=0.315849 train_bce=1.208510 train_acc=0.7127 val_bce=1.466362 val_acc=0.6348 val_auc=0.7243
[2026-03-30 04:41:25] [Epoch 33] lr_max=5.9163e-07 lr_min=5.9163e-08 train_focal=0.321728 train_bce=1.145597 train_acc=0.7237 val_bce=1.128816 val_acc=0.6915 val_auc=0.7143
[2026-03-30 04:41:27] [Epoch 34] lr_max=4.37878e-07 lr_min=4.37878e-08 train_focal=0.324764 train_bce=1.268087 train_acc=0.6866 val_bce=1.377792 val_acc=0.6383 val_auc=0.7210
[2026-03-30 04:41:29] [Epoch 35] lr_max=3.06087e-07 lr_min=3.06087e-08 train_focal=0.288068 train_bce=1.307075 train_acc=0.6891 val_bce=1.749667 val_acc=0.5780 val_auc=0.7155
[2026-03-30 04:41:30] [Epoch 36] lr_max=1.9707e-07 lr_min=1.9707e-08 train_focal=0.311879 train_bce=1.232478 train_acc=0.7043 val_bce=1.425924 val_acc=0.6277 val_auc=0.7206
[2026-03-30 04:41:32] [Epoch 37] lr_max=1.115e-07 lr_min=1.115e-08 train_focal=0.312543 train_bce=1.306857 train_acc=0.6917 val_bce=1.373122 val_acc=0.6560 val_auc=0.7148
[2026-03-30 04:41:33] [Epoch 38] lr_max=4.99041e-08 lr_min=4.99041e-09 train_focal=0.289367 train_bce=1.184617 train_acc=0.7051 val_bce=1.434832 val_acc=0.6312 val_auc=0.7191
[2026-03-30 04:41:34] [Epoch 39] lr_max=1.26615e-08 lr_min=1.26615e-09 train_focal=0.284637 train_bce=1.267645 train_acc=0.7203 val_bce=1.553359 val_acc=0.6277 val_auc=0.7225
[2026-03-30 04:41:35] [early stop] Fold 4 at epoch 39
[2026-03-30 04:41:35] [saved learning curves] /data/Irene/SwinTransformer/Swin_Meta/EffNetB0_outputs/training/efficientnet_b0/Partial_B4_6/OCT0/BS16_EP100_LR8e-06_WD0.01_PARTIAL_FINETUNE_DR0.2_FL0.11_0.89_2_WSon_1_2.9/Kfold/fold4/learning_curves.png
[2026-03-30 04:41:36] [TS] T*=4.320056 | NLL 0.9748762249946594->0.5375034809112549
[2026-03-30 04:41:36] [saved checkpoint] /data/Irene/SwinTransformer/Swin_Meta/checkpoints/efficientnet_b0/Partial_B4_6/OCT0/BS16_EP100_LR8e-06_WD0.01_PARTIAL_FINETUNE_DR0.2_FL0.11_0.89_2_WSon_1_2.9/Kfold/fold4/model_best.pth
[2026-03-30 04:41:36] [saved OOF] /data/Irene/SwinTransformer/Swin_Meta/EffNetB0_outputs/training/efficientnet_b0/Partial_B4_6/OCT0/BS16_EP100_LR8e-06_WD0.01_PARTIAL_FINETUNE_DR0.2_FL0.11_0.89_2_WSon_1_2.9/Kfold/fold4/val_oof_predictions_fold4.csv
