[2026-03-30 04:47:57]   [unfreeze] blocks[4]
[2026-03-30 04:47:57]   [unfreeze] blocks[5]
[2026-03-30 04:47:57]   [unfreeze] blocks[6]
[2026-03-30 04:47:57]   [unfreeze] conv_head
[2026-03-30 04:47:57]   [unfreeze] bn2
[2026-03-30 04:47:57]   [unfreeze] classifier
[2026-03-30 04:47:57]   [PARTIAL_FINETUNE] trainable=3,700,169 / total=4,008,829 (92.3%)
[2026-03-30 04:47:57] Start Fold 3 | MODEL=efficientnet_b0(efficientnet_b0) MODALITY=OCT0 BS=16 EP=100 LR=1e-05 WD=0.01 UNFREEZE_MODE=PARTIAL_FINETUNE DROP_RATE=0.2 FocalAlpha=[0.11, 0.89] FocalGamma=2.0
[2026-03-30 04:47:58] [Epoch 1] lr_max=9.98499e-06 lr_min=9.98499e-07 train_focal=1.442486 train_bce=2.301106 train_acc=0.6569 val_bce=1.659704 val_acc=0.7518 val_auc=0.4738
[2026-03-30 04:47:59] [NEW_BEST] epoch=1 val_bce=1.659704 val_acc=0.7518 val_auc=0.4738
[2026-03-30 04:48:00] [Epoch 2] lr_max=9.93926e-06 lr_min=9.93926e-07 train_focal=1.047828 train_bce=1.803704 train_acc=0.6561 val_bce=1.442754 val_acc=0.7591 val_auc=0.4993
[2026-03-30 04:48:00] [NEW_BEST] epoch=2 val_bce=1.442754 val_acc=0.7591 val_auc=0.4993
[2026-03-30 04:48:02] [Epoch 3] lr_max=9.86307e-06 lr_min=9.86307e-07 train_focal=0.758400 train_bce=1.593929 train_acc=0.6485 val_bce=1.232082 val_acc=0.7482 val_auc=0.5523
[2026-03-30 04:48:02] [NEW_BEST] epoch=3 val_bce=1.232082 val_acc=0.7482 val_auc=0.5523
[2026-03-30 04:48:03] [Epoch 4] lr_max=9.7569e-06 lr_min=9.7569e-07 train_focal=0.678704 train_bce=1.645588 train_acc=0.6360 val_bce=1.086715 val_acc=0.7482 val_auc=0.5869
[2026-03-30 04:48:04] [NEW_BEST] epoch=4 val_bce=1.086715 val_acc=0.7482 val_auc=0.5869
[2026-03-30 04:48:05] [Epoch 5] lr_max=9.6214e-06 lr_min=9.6214e-07 train_focal=0.628807 train_bce=1.627551 train_acc=0.6377 val_bce=1.052587 val_acc=0.7263 val_auc=0.6232
[2026-03-30 04:48:06] [NEW_BEST] epoch=5 val_bce=1.052587 val_acc=0.7263 val_auc=0.6232
[2026-03-30 04:48:07] [Epoch 6] lr_max=9.45741e-06 lr_min=9.45741e-07 train_focal=0.494680 train_bce=1.638230 train_acc=0.6402 val_bce=1.050180 val_acc=0.7190 val_auc=0.6345
[2026-03-30 04:48:07] [NEW_BEST] epoch=6 val_bce=1.050180 val_acc=0.7190 val_auc=0.6345
[2026-03-30 04:48:09] [Epoch 7] lr_max=9.26593e-06 lr_min=9.26593e-07 train_focal=0.433344 train_bce=1.668109 train_acc=0.6226 val_bce=0.979339 val_acc=0.7591 val_auc=0.6407
[2026-03-30 04:48:09] [NEW_BEST] epoch=7 val_bce=0.979339 val_acc=0.7591 val_auc=0.6407
[2026-03-30 04:48:10] [Epoch 8] lr_max=9.04816e-06 lr_min=9.04816e-07 train_focal=0.394085 train_bce=1.575332 train_acc=0.6410 val_bce=0.993407 val_acc=0.7263 val_auc=0.6622
[2026-03-30 04:48:12] [Epoch 9] lr_max=8.80543e-06 lr_min=8.80543e-07 train_focal=0.401820 train_bce=1.556599 train_acc=0.6301 val_bce=1.044546 val_acc=0.7299 val_auc=0.6521
[2026-03-30 04:48:13] [Epoch 10] lr_max=8.53923e-06 lr_min=8.53923e-07 train_focal=0.397607 train_bce=1.470285 train_acc=0.6661 val_bce=1.011207 val_acc=0.7117 val_auc=0.6583
[2026-03-30 04:48:15] [Epoch 11] lr_max=8.25122e-06 lr_min=8.25122e-07 train_focal=0.406830 train_bce=1.569098 train_acc=0.6410 val_bce=1.009994 val_acc=0.7409 val_auc=0.6629
[2026-03-30 04:48:16] [Epoch 12] lr_max=7.94316e-06 lr_min=7.94316e-07 train_focal=0.368306 train_bce=1.351674 train_acc=0.6653 val_bce=0.940669 val_acc=0.7336 val_auc=0.6844
[2026-03-30 04:48:16] [NEW_BEST] epoch=12 val_bce=0.940669 val_acc=0.7336 val_auc=0.6844
[2026-03-30 04:48:18] [Epoch 13] lr_max=7.61696e-06 lr_min=7.61696e-07 train_focal=0.375928 train_bce=1.512841 train_acc=0.6636 val_bce=0.889418 val_acc=0.7664 val_auc=0.6665
[2026-03-30 04:48:18] [NEW_BEST] epoch=13 val_bce=0.889418 val_acc=0.7664 val_auc=0.6665
[2026-03-30 04:48:19] [Epoch 14] lr_max=7.27462e-06 lr_min=7.27462e-07 train_focal=0.332343 train_bce=1.314838 train_acc=0.6845 val_bce=0.932278 val_acc=0.7409 val_auc=0.6907
[2026-03-30 04:48:21] [Epoch 15] lr_max=6.91825e-06 lr_min=6.91825e-07 train_focal=0.328425 train_bce=1.238051 train_acc=0.7130 val_bce=0.874369 val_acc=0.7628 val_auc=0.6911
[2026-03-30 04:48:21] [NEW_BEST] epoch=15 val_bce=0.874369 val_acc=0.7628 val_auc=0.6911
[2026-03-30 04:48:22] [Epoch 16] lr_max=6.55006e-06 lr_min=6.55006e-07 train_focal=0.284350 train_bce=1.039011 train_acc=0.7397 val_bce=0.885319 val_acc=0.7482 val_auc=0.6800
[2026-03-30 04:48:24] [Epoch 17] lr_max=6.17232e-06 lr_min=6.17232e-07 train_focal=0.375944 train_bce=1.299916 train_acc=0.6887 val_bce=0.900341 val_acc=0.7555 val_auc=0.6827
[2026-03-30 04:48:25] [Epoch 18] lr_max=5.78734e-06 lr_min=5.78734e-07 train_focal=0.316993 train_bce=1.210638 train_acc=0.6987 val_bce=0.898597 val_acc=0.7737 val_auc=0.6861
[2026-03-30 04:48:27] [Epoch 19] lr_max=5.39752e-06 lr_min=5.39752e-07 train_focal=0.280116 train_bce=1.113591 train_acc=0.7397 val_bce=0.892888 val_acc=0.7737 val_auc=0.6892
[2026-03-30 04:48:28] [Epoch 20] lr_max=5.00524e-06 lr_min=5.00524e-07 train_focal=0.322009 train_bce=1.074105 train_acc=0.7381 val_bce=0.871979 val_acc=0.7701 val_auc=0.6970
[2026-03-30 04:48:29] [NEW_BEST] epoch=20 val_bce=0.871979 val_acc=0.7701 val_auc=0.6970
[2026-03-30 04:48:30] [Epoch 21] lr_max=4.61292e-06 lr_min=4.61292e-07 train_focal=0.351676 train_bce=1.182713 train_acc=0.7222 val_bce=0.828923 val_acc=0.7847 val_auc=0.6894
[2026-03-30 04:48:30] [NEW_BEST] epoch=21 val_bce=0.828923 val_acc=0.7847 val_auc=0.6894
[2026-03-30 04:48:32] [Epoch 22] lr_max=4.223e-06 lr_min=4.223e-07 train_focal=0.330618 train_bce=1.131424 train_acc=0.7364 val_bce=0.876158 val_acc=0.7737 val_auc=0.6961
[2026-03-30 04:48:33] [Epoch 23] lr_max=3.83787e-06 lr_min=3.83787e-07 train_focal=0.263338 train_bce=1.147858 train_acc=0.7172 val_bce=0.898097 val_acc=0.7336 val_auc=0.6997
[2026-03-30 04:48:35] [Epoch 24] lr_max=3.4599e-06 lr_min=3.4599e-07 train_focal=0.267376 train_bce=0.981296 train_acc=0.7314 val_bce=0.912857 val_acc=0.7445 val_auc=0.6864
[2026-03-30 04:48:36] [Epoch 25] lr_max=3.09142e-06 lr_min=3.09142e-07 train_focal=0.341144 train_bce=1.062132 train_acc=0.7381 val_bce=0.854129 val_acc=0.7664 val_auc=0.7049
[2026-03-30 04:48:38] [Epoch 26] lr_max=2.73471e-06 lr_min=2.73471e-07 train_focal=0.301082 train_bce=1.095073 train_acc=0.7172 val_bce=0.898481 val_acc=0.7664 val_auc=0.6812
[2026-03-30 04:48:39] [Epoch 27] lr_max=2.39197e-06 lr_min=2.39197e-07 train_focal=0.265476 train_bce=1.049493 train_acc=0.7431 val_bce=0.856667 val_acc=0.7810 val_auc=0.7003
[2026-03-30 04:48:41] [Epoch 28] lr_max=2.06531e-06 lr_min=2.06531e-07 train_focal=0.281091 train_bce=1.046817 train_acc=0.7439 val_bce=0.797097 val_acc=0.7993 val_auc=0.7144
[2026-03-30 04:48:41] [NEW_BEST] epoch=28 val_bce=0.797097 val_acc=0.7993 val_auc=0.7144
[2026-03-30 04:48:42] [Epoch 29] lr_max=1.75674e-06 lr_min=1.75674e-07 train_focal=0.254470 train_bce=1.003129 train_acc=0.7531 val_bce=0.856406 val_acc=0.7847 val_auc=0.7020
[2026-03-30 04:48:44] [Epoch 30] lr_max=1.46817e-06 lr_min=1.46817e-07 train_focal=0.242369 train_bce=0.951893 train_acc=0.7523 val_bce=0.814355 val_acc=0.7847 val_auc=0.7107
[2026-03-30 04:48:45] [Epoch 31] lr_max=1.20137e-06 lr_min=1.20137e-07 train_focal=0.240132 train_bce=1.025656 train_acc=0.7523 val_bce=0.826445 val_acc=0.7883 val_auc=0.7009
[2026-03-30 04:48:47] [Epoch 32] lr_max=9.57995e-07 lr_min=9.57995e-08 train_focal=0.249904 train_bce=1.033547 train_acc=0.7297 val_bce=0.862147 val_acc=0.7774 val_auc=0.6945
[2026-03-30 04:48:48] [Epoch 33] lr_max=7.39537e-07 lr_min=7.39537e-08 train_focal=0.223878 train_bce=0.917515 train_acc=0.7481 val_bce=0.843213 val_acc=0.7956 val_auc=0.7003
[2026-03-30 04:48:50] [Epoch 34] lr_max=5.47347e-07 lr_min=5.47347e-08 train_focal=0.270511 train_bce=1.033000 train_acc=0.7322 val_bce=0.840499 val_acc=0.7993 val_auc=0.6936
[2026-03-30 04:48:51] [Epoch 35] lr_max=3.82609e-07 lr_min=3.82609e-08 train_focal=0.251438 train_bce=0.829946 train_acc=0.7849 val_bce=0.801820 val_acc=0.7847 val_auc=0.7101
[2026-03-30 04:48:53] [Epoch 36] lr_max=2.46338e-07 lr_min=2.46338e-08 train_focal=0.253851 train_bce=0.930262 train_acc=0.7506 val_bce=0.832136 val_acc=0.7774 val_auc=0.7069
[2026-03-30 04:48:54] [Epoch 37] lr_max=1.39375e-07 lr_min=1.39375e-08 train_focal=0.285347 train_bce=1.053929 train_acc=0.7498 val_bce=0.856602 val_acc=0.7883 val_auc=0.6980
[2026-03-30 04:48:56] [Epoch 38] lr_max=6.23801e-08 lr_min=6.23801e-09 train_focal=0.252571 train_bce=0.969392 train_acc=0.7556 val_bce=0.836409 val_acc=0.7883 val_auc=0.7036
[2026-03-30 04:48:56] [early stop] Fold 3 at epoch 38
[2026-03-30 04:48:56] [saved learning curves] /data/Irene/SwinTransformer/Swin_Meta/EffNetB0_outputs/training/efficientnet_b0/Partial_B4_6/OCT0/BS16_EP100_LR1e-05_WD0.01_PARTIAL_FINETUNE_DR0.2_FL0.11_0.89_2_WSon_1_2.9/Kfold/fold3/learning_curves.png
[2026-03-30 04:48:57] [TS] T*=3.635810 | NLL 0.7970967292785645->0.47896847128868103
[2026-03-30 04:48:57] [saved checkpoint] /data/Irene/SwinTransformer/Swin_Meta/checkpoints/efficientnet_b0/Partial_B4_6/OCT0/BS16_EP100_LR1e-05_WD0.01_PARTIAL_FINETUNE_DR0.2_FL0.11_0.89_2_WSon_1_2.9/Kfold/fold3/model_best.pth
[2026-03-30 04:48:57] [saved OOF] /data/Irene/SwinTransformer/Swin_Meta/EffNetB0_outputs/training/efficientnet_b0/Partial_B4_6/OCT0/BS16_EP100_LR1e-05_WD0.01_PARTIAL_FINETUNE_DR0.2_FL0.11_0.89_2_WSon_1_2.9/Kfold/fold3/val_oof_predictions_fold3.csv
